09-21 01:55:11.765  2134  4077 D PackageManager: setEnabledSetting : userId = 0 packageName = com.facebook.appmanager cmp = com.facebook.oxygen.appmanager.webinstall.WebInstallAppLinkFbliteRestrictedActivity newState = 2 callingPackage = com.facebook.appmanager
09-21 01:55:11.768  2134  6398 D PackageManager: setEnabledSetting : userId = 0 packageName = com.facebook.appmanager cmp = com.facebook.oxygen.appmanager.webinstall.WebInstallAppLinkFB4ARestrictedActivity newState = 2 callingPackage = com.facebook.appmanager
09-21 01:55:11.770  2134  4077 D PackageManager: setEnabledSetting : userId = 0 packageName = com.facebook.appmanager cmp = com.facebook.oxygen.appmanager.webinstall.WebInstallAppLinkMetaAIRestrictedActivity newState = 2 callingPackage = com.facebook.appmanager
09-21 01:55:11.770 30035 30035 D nativeloader: Load /data/app/~~rqZ0K-cxt2nwQfBeSl83aA==/com.google.android.gms-J_kPUU1msRPdgCrblYxc3w==/base.apk!/lib/arm64-v8a/libconscrypt_gmscore_jni.so using class loader ns clns-12 (caller=/data/app/~~rqZ0K-cxt2nwQfBeSl83aA==/com.google.android.gms-J_kPUU1msRPdgCrblYxc3w==/base.apk): ok
09-21 01:55:11.771 30035 30035 V NativeCrypto: Registering com/google/android/gms/org/conscrypt/NativeCrypto's 319 native methods...
09-21 01:55:11.772  2134  4077 D PackageManager: setEnabledSetting : userId = 0 packageName = com.facebook.appmanager cmp = com.facebook.oxygen.appmanager.webinstall.WebInstallAppLinkInstagramRestrictedActivity newState = 2 callingPackage = com.facebook.appmanager
09-21 01:55:11.773  2134  6398 D PackageManager: setEnabledSetting : userId = 0 packageName = com.facebook.appmanager cmp = com.facebook.oxygen.appmanager.webinstall.WebInstallAppLinkThreadsRestrictedActivity newState = 2 callingPackage = com.facebook.appmanager
09-21 01:55:11.775  2134  6398 D PackageManager: setEnabledSetting : userId = 0 packageName = com.facebook.appmanager cmp = com.facebook.oxygen.appmanager.webinstall.WebInstallAppLinkMessengerRestrictedActivity newState = 2 callingPackage = com.facebook.appmanager
09-21 01:55:11.775 29595 29796 I cnbd    : (REDACTED) Setting isLegacySQLite mode to %s.
09-21 01:55:11.777  2134  4077 D PackageManager: setEnabledSetting : userId = 0 packageName = com.facebook.appmanager cmp = com.facebook.oxygen.appmanager.modules.api.ModulesApiProvider newState = 1 callingPackage = com.facebook.appmanager
09-21 01:55:11.777  2134  4077 D ApplicationPolicy: getApplicationStateEnabled : pkg = com.facebook.appmanager userId : 0
09-21 01:55:11.778  2134  4077 D ApplicationPolicy: getApplicationComponentState : pkg = com.facebook.appmanager userId : 0
09-21 01:55:11.779  2134  6398 D PackageManager: setEnabledSetting : userId = 0 packageName = com.facebook.appmanager cmp = com.facebook.oxygen.appmanager.firstparty.tos.ShouldAcceptTos newState = 2 callingPackage = com.facebook.appmanager
09-21 01:55:11.779  2134  4077 D PackageManager: setEnabledSetting : userId = 0 packageName = com.facebook.appmanager cmp = com.facebook.oxygen.appmanager.firstparty.tos.ShouldShowTos newState = 2 callingPackage = com.facebook.appmanager
09-21 01:55:11.780  2134  6398 D PackageManager: setEnabledSetting : userId = 0 packageName = com.facebook.appmanager cmp = com.facebook.oxygen.appmanager.firstparty.tos.ShouldShowExplicitTos newState = 2 callingPackage = com.facebook.appmanager
09-21 01:55:11.782 30035 30035 I ProviderInstaller: Installed default security provider GmsCore_OpenSSL
09-21 01:55:11.789 30035 30077 I Watchcat: Started
09-21 01:55:11.793 30035 30077 I GMS_MM_Logger: (REDACTED) Start time: %s
09-21 01:55:11.793 30035 30077 I GMS_MM_Logger: Started.
09-21 01:55:11.794  2134  3193 D PowerManagerService: displayReady: false groupId=0
09-21 01:55:11.794  2134  3193 D DisplayPowerController2[0]: animateScreenStateChange: target=ON, mIsEnabled=true
09-21 01:55:11.794  2134  3193 D PowerManagerService: displayReady: true groupId=0
09-21 01:55:11.803 30035 30035 D BoundBrokerSvc: onBind: Intent { act=com.google.android.gms.audit.service.START pkg=com.google.android.gms }
09-21 01:55:11.803 30035 30035 D BoundBrokerSvc: Loading bound service for intent: Intent { act=com.google.android.gms.audit.service.START pkg=com.google.android.gms }
09-21 01:55:11.810 30035 30048 I DynamiteModule: Considering local module com.google.android.gms.googlecertificates:7 and remote module com.google.android.gms.googlecertificates:0
09-21 01:55:11.810 30035 30048 I DynamiteModule: Selected local version of com.google.android.gms.googlecertificates
09-21 01:55:11.811 30035 30035 D BoundBrokerSvc: onBind: Intent { act=com.google.android.mobstore.service.START pkg=com.google.android.gms }
09-21 01:55:11.811 30035 30035 D BoundBrokerSvc: Loading bound service for intent: Intent { act=com.google.android.mobstore.service.START pkg=com.google.android.gms }
09-21 01:55:11.821   917   917 I lmkd    : 1(delay), 1(swap), 5(freelimit), 0(reentrymode) memory pressure events were skipped after a kill!
09-21 01:55:11.827 30035 30048 W GoogleCertificates: GoogleCertificates has been initialized already
09-21 01:55:11.834 30035 30035 D BoundBrokerSvc: onBind: Intent { act=com.google.android.gms.measurement.START pkg=com.google.android.gms }
09-21 01:55:11.834 30035 30035 D BoundBrokerSvc: Loading bound service for intent: Intent { act=com.google.android.gms.measurement.START pkg=com.google.android.gms }
09-21 01:55:11.842 29595 30057 I eelt    : Scheduling next wakeup
09-21 01:55:11.843 29595 30057 I eemt    : Scheduling next periodic WorkManager workers
09-21 01:55:11.855 30035 30062 I fpxq    : (REDACTED) Shared storage file not found for %s
09-21 01:55:11.871  2134  4077 D CompatChangeReporter: Compat change id reported: 311208629; UID 10171; state: ENABLED
09-21 01:55:11.899 29595 29796 D WM-GreedyScheduler: Cancelling work ID ed8569d8-7b78-4092-a692-bf974f8d2e23
09-21 01:55:11.920 29595 29796 D WM-SystemJobScheduler: Scheduling work ID ed8569d8-7b78-4092-a692-bf974f8d2e23Job ID 62926
09-21 01:55:11.925 29595 29796 D WM-GreedyScheduler: Ignoring {WorkSpec: a1d26d22-eddf-45a8-9800-ac77e877fba4}. Requires device idle.
09-21 01:55:11.925 29595 29796 D WM-GreedyScheduler: Ignoring {WorkSpec: 03bf378e-8986-462b-ac75-2f5d44cb5d70}. Requires device idle.
09-21 01:55:11.925 29595 29796 D WM-GreedyScheduler: Ignoring {WorkSpec: f17f8eec-3657-444d-a00f-7eb2a6009c72}. Requires device idle.
09-21 01:55:11.925 29595 29796 D WM-GreedyScheduler: Ignoring {WorkSpec: 2bc14d40-8776-4fc1-8956-df7a6c2059fe}. Requires device idle.
09-21 01:55:11.925 29595 29796 D WM-GreedyScheduler: Ignoring {WorkSpec: 38722659-6408-4b7b-847c-175d3083ae06}. Requires device idle.
09-21 01:55:11.925 29595 29796 D WM-GreedyScheduler: Ignoring {WorkSpec: 932cdcb3-ac91-499b-8bfe-5f7f17d9c60e}. Requires device idle.
09-21 01:55:11.925 29595 29796 D WM-GreedyScheduler: Ignoring {WorkSpec: daabbf2e-dba9-430b-b067-8ca9c6a6cd8c}. Requires device idle.
09-21 01:55:11.925 29595 29796 D WM-GreedyScheduler: Ignoring {WorkSpec: cd862a35-8413-4353-b088-1f289fc58756}. Requires device idle.
09-21 01:55:11.925 29595 29796 D WM-GreedyScheduler: Ignoring {WorkSpec: a9ed8d63-927d-4365-8fad-6c52aab71dbf}. Requires device idle.
09-21 01:55:11.925 29595 29796 D WM-GreedyScheduler: Ignoring {WorkSpec: 2c063e42-7692-4333-b542-c4dc2c517588}. Requires device idle.
09-21 01:55:11.925 29595 29796 D WM-GreedyScheduler: Ignoring {WorkSpec: 616ab76a-fcda-41f9-8f6d-d646ca0740a1}. Requires device idle.
09-21 01:55:11.926 29595 29796 D WM-GreedyScheduler: Starting tracking for 4701dae8-9766-4f6e-9d3d-6360ec58ed4e,cd9bd54d-23bb-40e9-9e3a-e2593cb784fd
09-21 01:55:11.933 29595 29796 D WM-GreedyScheduler: Cancelling work ID cd9bd54d-23bb-40e9-9e3a-e2593cb784fd
09-21 01:55:11.938 31453 29926 W adbd    : timed out while waiting for FUNCTIONFS_BIND, trying again
09-21 01:55:11.938 31453 29926 I adbd    : UsbFfs: connection terminated: monitor thread finished
09-21 01:55:11.944 29595 29796 D WM-SystemJobScheduler: Scheduling work ID cd9bd54d-23bb-40e9-9e3a-e2593cb784fdJob ID 62927
09-21 01:55:11.947 29595 29796 D WM-GreedyScheduler: Ignoring {WorkSpec: a1d26d22-eddf-45a8-9800-ac77e877fba4}. Requires device idle.
09-21 01:55:11.948 29595 29796 D WM-GreedyScheduler: Ignoring {WorkSpec: 03bf378e-8986-462b-ac75-2f5d44cb5d70}. Requires device idle.
09-21 01:55:11.948 29595 29796 D WM-GreedyScheduler: Ignoring {WorkSpec: f17f8eec-3657-444d-a00f-7eb2a6009c72}. Requires device idle.
09-21 01:55:11.948 29595 29796 D WM-GreedyScheduler: Ignoring {WorkSpec: 2bc14d40-8776-4fc1-8956-df7a6c2059fe}. Requires device idle.
09-21 01:55:11.948 29595 29796 D WM-GreedyScheduler: Ignoring {WorkSpec: 38722659-6408-4b7b-847c-175d3083ae06}. Requires device idle.
09-21 01:55:11.948 29595 29796 D WM-GreedyScheduler: Ignoring {WorkSpec: 932cdcb3-ac91-499b-8bfe-5f7f17d9c60e}. Requires device idle.
09-21 01:55:11.948 29595 29796 D WM-GreedyScheduler: Ignoring {WorkSpec: daabbf2e-dba9-430b-b067-8ca9c6a6cd8c}. Requires device idle.
09-21 01:55:11.948 29595 29796 D WM-GreedyScheduler: Ignoring {WorkSpec: cd862a35-8413-4353-b088-1f289fc58756}. Requires device idle.
09-21 01:55:11.948 29595 29796 D WM-GreedyScheduler: Ignoring {WorkSpec: a9ed8d63-927d-4365-8fad-6c52aab71dbf}. Requires device idle.
09-21 01:55:11.948 29595 29796 D WM-GreedyScheduler: Ignoring {WorkSpec: 2c063e42-7692-4333-b542-c4dc2c517588}. Requires device idle.
09-21 01:55:11.948 29595 29796 D WM-GreedyScheduler: Ignoring {WorkSpec: 616ab76a-fcda-41f9-8f6d-d646ca0740a1}. Requires device idle.
09-21 01:55:11.948 29595 29796 D WM-GreedyScheduler: Starting tracking for 4701dae8-9766-4f6e-9d3d-6360ec58ed4e
09-21 01:55:11.962 29595 29796 D WM-GreedyScheduler: Cancelling work ID ed8569d8-7b78-4092-a692-bf974f8d2e23
09-21 01:55:11.974 29595 29796 D WM-SystemJobScheduler: Scheduling work ID ed8569d8-7b78-4092-a692-bf974f8d2e23Job ID 62928
09-21 01:55:11.978 29595 29796 D WM-GreedyScheduler: Ignoring {WorkSpec: a1d26d22-eddf-45a8-9800-ac77e877fba4}. Requires device idle.
09-21 01:55:11.978 29595 29796 D WM-GreedyScheduler: Ignoring {WorkSpec: 03bf378e-8986-462b-ac75-2f5d44cb5d70}. Requires device idle.
09-21 01:55:11.978 29595 29796 D WM-GreedyScheduler: Ignoring {WorkSpec: f17f8eec-3657-444d-a00f-7eb2a6009c72}. Requires device idle.
09-21 01:55:11.978 29595 29796 D WM-GreedyScheduler: Ignoring {WorkSpec: 2bc14d40-8776-4fc1-8956-df7a6c2059fe}. Requires device idle.
09-21 01:55:11.978 29595 29796 D WM-GreedyScheduler: Ignoring {WorkSpec: 38722659-6408-4b7b-847c-175d3083ae06}. Requires device idle.
09-21 01:55:11.978 29595 29796 D WM-GreedyScheduler: Ignoring {WorkSpec: 932cdcb3-ac91-499b-8bfe-5f7f17d9c60e}. Requires device idle.
09-21 01:55:11.978 29595 29796 D WM-GreedyScheduler: Ignoring {WorkSpec: daabbf2e-dba9-430b-b067-8ca9c6a6cd8c}. Requires device idle.
09-21 01:55:11.978 29595 29796 D WM-GreedyScheduler: Ignoring {WorkSpec: cd862a35-8413-4353-b088-1f289fc58756}. Requires device idle.
09-21 01:55:11.978 29595 29796 D WM-GreedyScheduler: Ignoring {WorkSpec: a9ed8d63-927d-4365-8fad-6c52aab71dbf}. Requires device idle.
09-21 01:55:11.978 29595 29796 D WM-GreedyScheduler: Ignoring {WorkSpec: 2c063e42-7692-4333-b542-c4dc2c517588}. Requires device idle.
09-21 01:55:11.978 29595 29796 D WM-GreedyScheduler: Ignoring {WorkSpec: 616ab76a-fcda-41f9-8f6d-d646ca0740a1}. Requires device idle.
09-21 01:55:11.978 29595 29796 D WM-GreedyScheduler: Starting tracking for 4701dae8-9766-4f6e-9d3d-6360ec58ed4e
09-21 01:55:11.983 31453 31459 I adbd    : opening control endpoint /dev/usb-ffs/adb/ep0
09-21 01:55:11.992 29595 29796 D WM-GreedyScheduler: Cancelling work ID 57fca073-dfa9-4300-a47d-69a6291b2394
09-21 01:55:11.994  2134  3193 D PowerManagerService: displayReady: false groupId=0
09-21 01:55:11.994  2134  3193 D DisplayPowerController2[0]: animateScreenStateChange: target=ON, mIsEnabled=true
09-21 01:55:11.995  2134  3193 D PowerManagerService: displayReady: true groupId=0
09-21 01:55:12.012 29595 29796 D WM-SystemJobScheduler: Scheduling work ID 57fca073-dfa9-4300-a47d-69a6291b2394Job ID 62929
09-21 01:55:12.015 29595 29796 D WM-GreedyScheduler: Ignoring {WorkSpec: a1d26d22-eddf-45a8-9800-ac77e877fba4}. Requires device idle.
09-21 01:55:12.015 29595 29796 D WM-GreedyScheduler: Ignoring {WorkSpec: 03bf378e-8986-462b-ac75-2f5d44cb5d70}. Requires device idle.
09-21 01:55:12.015 29595 29796 D WM-GreedyScheduler: Ignoring {WorkSpec: f17f8eec-3657-444d-a00f-7eb2a6009c72}. Requires device idle.
09-21 01:55:12.015 29595 29796 D WM-GreedyScheduler: Ignoring {WorkSpec: 2bc14d40-8776-4fc1-8956-df7a6c2059fe}. Requires device idle.
09-21 01:55:12.015 29595 29796 D WM-GreedyScheduler: Ignoring {WorkSpec: 38722659-6408-4b7b-847c-175d3083ae06}. Requires device idle.
09-21 01:55:12.015 29595 29796 D WM-GreedyScheduler: Ignoring {WorkSpec: 932cdcb3-ac91-499b-8bfe-5f7f17d9c60e}. Requires device idle.
09-21 01:55:12.015 29595 29796 D WM-GreedyScheduler: Ignoring {WorkSpec: daabbf2e-dba9-430b-b067-8ca9c6a6cd8c}. Requires device idle.
09-21 01:55:12.015 29595 29796 D WM-GreedyScheduler: Ignoring {WorkSpec: cd862a35-8413-4353-b088-1f289fc58756}. Requires device idle.
09-21 01:55:12.015 29595 29796 D WM-GreedyScheduler: Ignoring {WorkSpec: a9ed8d63-927d-4365-8fad-6c52aab71dbf}. Requires device idle.
09-21 01:55:12.015 29595 29796 D WM-GreedyScheduler: Ignoring {WorkSpec: 2c063e42-7692-4333-b542-c4dc2c517588}. Requires device idle.
09-21 01:55:12.015 29595 29796 D WM-GreedyScheduler: Ignoring {WorkSpec: 616ab76a-fcda-41f9-8f6d-d646ca0740a1}. Requires device idle.
09-21 01:55:12.015 29595 29796 D WM-GreedyScheduler: Starting tracking for 4701dae8-9766-4f6e-9d3d-6360ec58ed4e
09-21 01:55:12.019 29595 30057 I eemt    : Successfully scheduled next periodic workers
09-21 01:55:12.021 29595 29796 D WM-ConstraintTracker: mmk: initial state = false
09-21 01:55:12.022 29595 29796 D WM-BrdcstRcvrCnstrntTrc: mmk: registering receiver
09-21 01:55:12.026 29630 29808 I [SC][OkHttpNetworkImpl]: call is removed.
09-21 01:55:12.026 29630 29808 I [SC][Sync][Core][Sync]CollectChangesWithoutPaging: [SAMSUNGPASS_V2_SCLOUD] server changes: 0
09-21 01:55:12.027 29595 29796 D WM-GreedyScheduler: Constraints not met: Cancelling work ID WorkGenerationalId(workSpecId=cd9bd54d-23bb-40e9-9e3a-e2593cb784fd, generation=215)
09-21 01:55:12.027 29595 29796 D WM-GreedyScheduler: Constraints not met: Cancelling work ID WorkGenerationalId(workSpecId=4701dae8-9766-4f6e-9d3d-6360ec58ed4e, generation=266)
09-21 01:55:12.027 29818 29941 I [SCLIB_2.4.9]ClientProvider: call: version: 2.4.9, method: getLocalChanges, arg: SAMSUNGPASS_V2_SCLOUD
09-21 01:55:12.027 29818 29941 I [SCLIB_2.4.9]ClientProvider: CLIENT_MAP {SAMSUNGPASS=pg.c@b02eeee, SAMSUNGPASS_V2_PASSKEY=fg.k@f206f8f, SAMSUNGPASS_V2_SCLOUD=fg.k@a67421c}
09-21 01:55:12.027 29818 29941 I [SCLIB_2.4.9]g: getServiceHandler {uploadComplete=fg.k$f@f69ac20, prepare=fg.k$a@33039d9, download=fg.k$d@3feef9e, upload=fg.k$c@2c25a7f, getFileDescriptor=fg.k$i@18d6a4c, finish=fg.k$h@2619a95, getLocalChanges=fg.k$b@4e667aa, downloadComplete=fg.k$g@12c1f9b, delete=fg.k$e@e4cdf38}
09-21 01:55:12.027 29818 29941 I [SCLIB_2.4.9]k: [SAMSUNGPASS_V2_SCLOUD] GET_LOCAL_CHANGES
09-21 01:55:12.027 29818 29941 I [PASS][CMN]DeviceFeature: isJDMDevice : 0
09-21 01:55:12.030 29595 29727 I eelt    : #sync() complete
09-21 01:55:12.034  1298  1298 W keymint_tee: [WRN]begin req PARAMS: A32, BM2, PD64, 
09-21 01:55:12.035  1298  1298 D keymint_swd: keymint_swd keymint [WRN] (km_add_tag:528) skip: non repetable tag already exists with different value: 268435458
09-21 01:55:12.035  1298  1298 D keymint_swd: keymint_swd keymint [WRN] (swd_run_cb:263) swd_begin() returns 0
09-21 01:55:12.035  1298  1298 D android.hardware.security.keymint-service: begin: ret 0
09-21 01:55:12.035  1288  1321 I keystore2: system/security/keystore2/src/security_level.rs:454 - In create_operation. Success to create IKeystoreOperation. 10118, None
09-21 01:55:12.036 29595 29727 D RemoteListenableDelegatingWorker: Cleaning up
09-21 01:55:12.040  1298  1298 D keymint_swd: keymint_swd keymint [WRN] (swd_run_cb:263) swd_update() returns 0
09-21 01:55:12.040  1298  1298 D android.hardware.security.keymint-service: update: ret 0
09-21 01:55:12.041 29595 29727 I WM-WorkerWrapper: Worker result SUCCESS for Work [ id=02acd9b4-377b-4d26-902d-58391050fa35, tags={ com.google.apps.tiktok.contrib.work.TikTokListenableWorker,com.google.apps.tiktok.sync.impl.workmanager.SyncPeriodicWorker_proc<search>,TikTokWorker#com.google.apps.tiktok.sync.impl.workmanager.SyncPeriodicWorker } ]
09-21 01:55:12.042  1298  1298 D keymint_swd: keymint_swd keymint [WRN] (swd_run_cb:263) swd_finish() returns 0
09-21 01:55:12.042  1298  1298 D android.hardware.security.keymint-service: finish: ret 0
09-21 01:55:12.043 29818 29941 I [PASS][CMN]DeviceFeature: isJDMDevice : 0
09-21 01:55:12.043 29595 29595 D WM-Processor: mib 02acd9b4-377b-4d26-902d-58391050fa35 executed; reschedule = false
09-21 01:55:12.043 29595 29595 D WM-SystemJobService: 02acd9b4-377b-4d26-902d-58391050fa35 executed on JobScheduler
09-21 01:55:12.051  1298  1298 W keymint_tee: [WRN]begin req PARAMS: A32, BM2, PD64, 
09-21 01:55:12.053 29595 29727 D WM-GreedyScheduler: Cancelling work ID 02acd9b4-377b-4d26-902d-58391050fa35
09-21 01:55:12.056  1298  1298 D keymint_swd: keymint_swd keymint [WRN] (km_add_tag:528) skip: non repetable tag already exists with different value: 268435458
09-21 01:55:12.056  1298  1298 D keymint_swd: keymint_swd keymint [WRN] (swd_run_cb:263) swd_begin() returns 0
09-21 01:55:12.056  1298  1298 D android.hardware.security.keymint-service: begin: ret 0
09-21 01:55:12.057  1288  1321 I keystore2: system/security/keystore2/src/security_level.rs:454 - In create_operation. Success to create IKeystoreOperation. 10118, None
09-21 01:55:12.059  1298  1298 D keymint_swd: keymint_swd keymint [WRN] (swd_run_cb:263) swd_update() returns 0
09-21 01:55:12.059  1298  1298 D android.hardware.security.keymint-service: update: ret 0
09-21 01:55:12.061  1298  1298 D keymint_swd: keymint_swd keymint [WRN] (swd_run_cb:263) swd_finish() returns 0
09-21 01:55:12.061  1298  1298 D android.hardware.security.keymint-service: finish: ret 0
09-21 01:55:12.062 29818 29941 I [PASS][SPASS]WebSigninDBManager: organizeNotesInSCloud : already done
09-21 01:55:12.063 29595 29727 D WM-SystemJobScheduler: Scheduling work ID 02acd9b4-377b-4d26-902d-58391050fa35Job ID 62930
09-21 01:55:12.065 29595 29727 D WM-GreedyScheduler: Ignoring {WorkSpec: a1d26d22-eddf-45a8-9800-ac77e877fba4}. Requires device idle.
09-21 01:55:12.065 29595 29727 D WM-GreedyScheduler: Ignoring {WorkSpec: 03bf378e-8986-462b-ac75-2f5d44cb5d70}. Requires device idle.
09-21 01:55:12.065 29595 29727 D WM-GreedyScheduler: Ignoring {WorkSpec: f17f8eec-3657-444d-a00f-7eb2a6009c72}. Requires device idle.
09-21 01:55:12.065 29595 29727 D WM-GreedyScheduler: Ignoring {WorkSpec: 2bc14d40-8776-4fc1-8956-df7a6c2059fe}. Requires device idle.
09-21 01:55:12.065 29595 29727 D WM-GreedyScheduler: Ignoring {WorkSpec: 38722659-6408-4b7b-847c-175d3083ae06}. Requires device idle.
09-21 01:55:12.065 29595 29727 D WM-GreedyScheduler: Ignoring {WorkSpec: 932cdcb3-ac91-499b-8bfe-5f7f17d9c60e}. Requires device idle.
09-21 01:55:12.065 29595 29727 D WM-GreedyScheduler: Ignoring {WorkSpec: daabbf2e-dba9-430b-b067-8ca9c6a6cd8c}. Requires device idle.
09-21 01:55:12.065 29595 29727 D WM-GreedyScheduler: Ignoring {WorkSpec: cd862a35-8413-4353-b088-1f289fc58756}. Requires device idle.
09-21 01:55:12.065 29595 29727 D WM-GreedyScheduler: Ignoring {WorkSpec: a9ed8d63-927d-4365-8fad-6c52aab71dbf}. Requires device idle.
09-21 01:55:12.065 29595 29727 D WM-GreedyScheduler: Ignoring {WorkSpec: 2c063e42-7692-4333-b542-c4dc2c517588}. Requires device idle.
09-21 01:55:12.065 29595 29727 D WM-GreedyScheduler: Ignoring {WorkSpec: 616ab76a-fcda-41f9-8f6d-d646ca0740a1}. Requires device idle.
09-21 01:55:12.065 29595 29727 D WM-GreedyScheduler: Starting tracking for 4701dae8-9766-4f6e-9d3d-6360ec58ed4e
09-21 01:55:12.068 29818 29941 I [PASS][SPASS]SCloudSyncImplScloud: getHeader isColdStart: false length: 0
09-21 01:55:12.069 29630 29808 I [SC][Sync][Core][Sync]CollectChangesWithoutPaging: [SAMSUNGPASS_V2_SCLOUD] local changes: 0
09-21 01:55:12.069 29630 29808 I [SC][Sync][Core][Sync]ReconcileServerContents: [SAMSUNGPASS_V2_SCLOUD] reconcile
09-21 01:55:12.069 29630 29808 I [SC]CloudSyncTelemetry-SAMSUNGPASS_V2_SCLOUD: onStartDownload
09-21 01:55:12.070 29630 29808 I [SC][Sync][Core]DownloadContents: [SAMSUNGPASS_V2_SCLOUD] download from server: 0
09-21 01:55:12.070 29630 29808 I [SC]CloudSyncTelemetry-SAMSUNGPASS_V2_SCLOUD: onFinishDownload
09-21 01:55:12.070 29630 29808 I [SC]CloudSyncTelemetry-SAMSUNGPASS_V2_SCLOUD: onDownloadStatMeasured: 0,0,0,0
09-21 01:55:12.070 29630 29808 I [SC]CloudSyncTelemetry-SAMSUNGPASS_V2_SCLOUD: onEncryptionStatMeasured: 0,0,0,0,0,0
09-21 01:55:12.070 29630 29808 I [SC]CloudSyncTelemetry-SAMSUNGPASS_V2_SCLOUD: onDecryptionStatMeasured: 0,0,0,0,0,0
09-21 01:55:12.070 29630 29808 I [SC]CloudSyncTelemetry-SAMSUNGPASS_V2_SCLOUD: onUploadStatMeasured: 0,0,0,0,0,0
09-21 01:55:12.070 29630 29808 I [SC]CloudSyncTelemetry-SAMSUNGPASS_V2_SCLOUD: onDownloadStatMeasured: 0,0,0,0
09-21 01:55:12.070 29630 29808 I [SC][Sync][Core][Sync]ReconcileRemainingContents: [SAMSUNGPASS_V2_SCLOUD] reconcile
09-21 01:55:12.070 29630 29808 I [SC][Sync][Core]DeleteContents: [SAMSUNGPASS_V2_SCLOUD] deleteServerContents: 0
09-21 01:55:12.070 29630 29808 I [SC][Sync][Core]DeleteContents: [SAMSUNGPASS_V2_SCLOUD] deleteLocalContents: 0
09-21 01:55:12.070 29630 29808 I [SC]CloudSyncTelemetry-SAMSUNGPASS_V2_SCLOUD: onStartUpload
09-21 01:55:12.070 29630 29808 I [SC][Sync][Core]UploadContents: [SAMSUNGPASS_V2_SCLOUD] upload to server: 0
09-21 01:55:12.070 29630 29808 I [SC]CloudSyncTelemetry-SAMSUNGPASS_V2_SCLOUD: onFinishUpload
09-21 01:55:12.070 29630 29808 I [SC]CloudSyncTelemetry-SAMSUNGPASS_V2_SCLOUD: onDownloadStatMeasured: 0,0,0,0
09-21 01:55:12.070 29630 29808 I [SC]CloudSyncTelemetry-SAMSUNGPASS_V2_SCLOUD: onEncryptionStatMeasured: 0,0,0,0,0,0
09-21 01:55:12.070 29630 29808 I [SC]CloudSyncTelemetry-SAMSUNGPASS_V2_SCLOUD: onDecryptionStatMeasured: 0,0,0,0,0,0
09-21 01:55:12.070 29630 29808 I [SC]CloudSyncTelemetry-SAMSUNGPASS_V2_SCLOUD: onUploadStatMeasured: 0,0,0,0,0,0
09-21 01:55:12.070 29630 29808 I [SC]CloudSyncTelemetry-SAMSUNGPASS_V2_SCLOUD: onDownloadStatMeasured: 0,0,0,0
09-21 01:55:12.070 29630 29808 I [SC][Sync][Core]FinishOperation: [SAMSUNGPASS_V2_SCLOUD] finish: SUCCESS
09-21 01:55:12.071 29818 29941 I [SCLIB_2.4.9]ClientProvider: call: version: 2.4.9, method: finish, arg: SAMSUNGPASS_V2_SCLOUD
09-21 01:55:12.071 29818 29941 I [SCLIB_2.4.9]ClientProvider: CLIENT_MAP {SAMSUNGPASS=pg.c@b02eeee, SAMSUNGPASS_V2_PASSKEY=fg.k@f206f8f, SAMSUNGPASS_V2_SCLOUD=fg.k@a67421c}
09-21 01:55:12.071 29818 29941 I [SCLIB_2.4.9]g: getServiceHandler {uploadComplete=fg.k$f@f69ac20, prepare=fg.k$a@33039d9, download=fg.k$d@3feef9e, upload=fg.k$c@2c25a7f, getFileDescriptor=fg.k$i@18d6a4c, finish=fg.k$h@2619a95, getLocalChanges=fg.k$b@4e667aa, downloadComplete=fg.k$g@12c1f9b, delete=fg.k$e@e4cdf38}
09-21 01:55:12.071 29818 29941 I [SCLIB_2.4.9]k: [SAMSUNGPASS_V2_SCLOUD] FINISH
09-21 01:55:12.071 29818 29941 I [PASS][SPASS]SCloudSyncImplScloud: finish isSuccess : true type : sync lastSyncTime : 1758394512218
09-21 01:55:12.071 29818 29941 I [PASS][CMN]DeviceFeature: isJDMDevice : 0
09-21 01:55:12.075  1298  1298 W keymint_tee: [WRN]begin req PARAMS: A32, BM2, PD64, 
09-21 01:55:12.077  1298  1298 D keymint_swd: keymint_swd keymint [WRN] (km_add_tag:528) skip: non repetable tag already exists with different value: 268435458
09-21 01:55:12.077  1298  1298 D keymint_swd: keymint_swd keymint [WRN] (swd_run_cb:263) swd_begin() returns 0
09-21 01:55:12.077  1298  1298 D android.hardware.security.keymint-service: begin: ret 0
09-21 01:55:12.078  1288  1321 I keystore2: system/security/keystore2/src/security_level.rs:454 - In create_operation. Success to create IKeystoreOperation. 10118, None
09-21 01:55:12.079  1298  1298 D keymint_swd: keymint_swd keymint [WRN] (swd_run_cb:263) swd_update() returns 0
09-21 01:55:12.079  1298  1298 D android.hardware.security.keymint-service: update: ret 0
09-21 01:55:12.081  1298  1298 D keymint_swd: keymint_swd keymint [WRN] (swd_run_cb:263) swd_finish() returns 0
09-21 01:55:12.081  1298  1298 D android.hardware.security.keymint-service: finish: ret 0
09-21 01:55:12.081 29630 29811 I [SC][OkHttpNetworkImpl]: call is removed.
09-21 01:55:12.082 29818 29941 I [PASS][SPASS]DigitalAssetLinksUtil: DALUpdateChecked 2 days ago.
09-21 01:55:12.083 29630 29811 I [SC][Sync][Core]DeleteContents: [SBROWSER_OPENTAB] deleteLocalContents: 21
09-21 01:55:12.083 29347 29371 I [SCLIB_2.4.13]ClientProvider: call: version: 2.4.13, method: delete, arg: SBROWSER_OPENTAB
09-21 01:55:12.084 29347 29371 I [SCLIB_2.4.13]ClientProvider: CLIENT_MAP {SBROWSER_OPENTAB=x3.i@f319c36, SBROWSER_SAVEDPAGES2=x3.i@d7c2737, SBROWSER_BOOKMARK=x3.i@d59a4a4, SBROWSER_QUICKACCESS2=x3.i@a2d420d, SBROWSER_HISTORY=x3.i@27345c2, SBROWSERSETTING=E3.e@61ffd3, SBROWSER_QUICKACCESS=com.samsung.android.scloud.oem.lib.sync.record.RecordSyncManager@5de6710}
09-21 01:55:12.084 29347 29371 I [SCLIB_2.4.13]g: getServiceHandler {uploadComplete=x3.h@978f209, prepare=x3.h@e33fc0e, download=x3.b@3c2c62f, upload=x3.h@9aae43c, getFileDescriptor=A3.b@1b5a5c5, finish=x3.h@e37cb1a, getLocalChanges=x3.h@dbf964b, downloadComplete=x3.h@3600828, delete=x3.h@94fd941}
09-21 01:55:12.084 29347 29371 I [SCLIB_2.4.13]i: [SBROWSER_OPENTAB] DELETE
09-21 01:55:12.085 29347 29371 I OpenTabSyncClientImpl: setData : 21
09-21 01:55:12.085 29347 29371 I OpenTabSyncClientImpl: setData delete recordId : 2E3F1FB1FFB94E7C95655A89273DBD1C
09-21 01:55:12.089 29818 29941 I [PASS][SPASS]SCloudSyncManager: resetRequestOnGoing table: sclouddata
09-21 01:55:12.089 29347 29371 I OpenTabSyncClientImpl: deleted
09-21 01:55:12.089 29347 29371 I OpenTabSyncClientImpl: setData delete recordId : 1E467EE661AFF2780C083F884C2C886D
09-21 01:55:12.090 29347 29371 I OpenTabSyncClientImpl: deleted
09-21 01:55:12.090 29347 29371 I OpenTabSyncClientImpl: setData delete recordId : E096AFD24D188D71862E0681A57D93D3
09-21 01:55:12.090 29347 29371 I OpenTabSyncClientImpl: deleted
09-21 01:55:12.090 29347 29371 I OpenTabSyncClientImpl: setData delete recordId : 5BE2F2BC5315C436CF159287932F12C3
09-21 01:55:12.091 29818 29818 I [PASS][SPASS]#SafetyPackageReceiver: onReceive com.samsung.android.samsungpass.ACTION_START_CHECK_SAFETY
09-21 01:55:12.091 29818 29818 I [PASS][SPASS]FrameworkUtils: isInitialized : true
09-21 01:55:12.091 29818 29818 I [PASS][SPASS]PassFramework: ISU
09-21 01:55:12.091 29818 29818 I [PASS][SPASS]FrameworkUtils: isSignedUp - true
09-21 01:55:12.091 29818 29818 I [PASS][CMN]WalletUtil: getWalletMigrated : false
09-21 01:55:12.092 29818 29818 I [PASS][CMN]DeviceFeature: isJDMDevice : 0
09-21 01:55:12.093 29252 29252 I GA_Volley: RestApi Request Add : getUpdateList(2389)::2118483d9001
09-21 01:55:12.093 29818 29818 W JobInfo : Requested backoff +1s0ms for job 9995 is too small; raising to +10s0ms
09-21 01:55:12.095  2134  4077 D CompatChangeReporter: Compat change id reported: 311402873; UID 10118; state: ENABLED
09-21 01:55:12.095  2134  4077 D CompatChangeReporter: Compat change id reported: 323349338; UID 10118; state: ENABLED
09-21 01:55:12.096 29630 29808 I [SC]CloudSyncTelemetry-SAMSUNGPASS_V2_SCLOUD: onFinishSync: false
09-21 01:55:12.096 29630 29808 I [SC][SyncScheduleLogger]: [ContentFinished] [syncType=Others] [authority=com.samsung.android.samsungpass.scloud] [content=PassBrowser] [initial_sync=false] [upload_result=SUCCESS] [upload_record_cnt=0] [upload_record_size=0] [upload_file_cnt=0] [upload_file_size=0] [download_result=SUCCESS] [download_record_cnt=0] [download_record_size=0] [download_file_cnt=0] [download_file_size=0] 
09-21 01:55:12.096 29630 29808 I [SC][Sync]AbstractBaseSyncAdapter: [SAMSUNGPASS_V2_SCLOUD] performSync: finished: SUCCESS, nextTime: 1758394512218
09-21 01:55:12.097 29630 29808 I [SC]SyncSettingManager: setSyncStatus: SyncStatusVo{authority='com.samsung.android.samsungpass.scloud', state='FINISH', errorCode='999'},false,false
09-21 01:55:12.097 29630 29808 I [SC]ExternalBaseSyncAdapter-com.samsung.android.samsungpass: [SAMSUNG_PASS] onPerformSync: finished
09-21 01:55:12.102  2134  4542 I BatteryService_BatteryPropertiesRegistrar: [getProperty]id:4
09-21 01:55:12.102  2134  4542 I BatteryService_BatteryPropertiesRegistrar: [getProperty]prop.long:-9223372036854775808 ,prop.string:null
09-21 01:55:12.104 29630 30090 I [SC]SamsungApiImpl: getThermistor. temp: 378
09-21 01:55:12.104 29347 29371 I OpenTabSyncClientImpl: deleted
09-21 01:55:12.104 29347 29371 I OpenTabSyncClientImpl: setData delete recordId : DA1961C7F364BF78F83F99E0D74D3415
09-21 01:55:12.104 29630 30089 I .android.scloud: Rejecting re-init on previously-failed class java.lang.Class<e7.x>: java.lang.ExceptionInInitializerError: 
09-21 01:55:12.104 29630 30089 I .android.scloud: (Throwable with no stack trace)
09-21 01:55:12.104 29630 30089 I .android.scloud: Caused by: java.lang.RuntimeException: Cannot find implementation for com.samsung.android.scloud.sync.telemetry.SyncTelemetryRoomDatabase. SyncTelemetryRoomDatabase_Impl does not exist
09-21 01:55:12.104 29630 30089 I .android.scloud: (Throwable with no stack trace)
09-21 01:55:12.104 29630 30089 W System.err: java.lang.NoClassDefFoundError: e7.x
09-21 01:55:12.105 29630 30089 W System.err: 	at I.b.run(SourceFile:534)
09-21 01:55:12.105 29630 30089 W System.err: 	at com.samsung.scsp.error.FaultBarrier.run(SourceFile:2)
09-21 01:55:12.105 29630 30089 W System.err: 	at com.samsung.scsp.error.FaultBarrier.run(SourceFile:1)
09-21 01:55:12.105 29630 30089 W System.err: 	at com.samsung.android.scloud.common.permission.c.run(SourceFile:362)
09-21 01:55:12.105 29630 30089 W System.err: 	at java.lang.Thread.run(Thread.java:1119)
09-21 01:55:12.105 29630 30089 W System.err: Caused by: java.lang.ExceptionInInitializerError
09-21 01:55:12.105 29630 30089 W System.err: 	... 5 more
09-21 01:55:12.105 29630 30089 W System.err: Caused by: java.lang.RuntimeException: Cannot find implementation for com.samsung.android.scloud.sync.telemetry.SyncTelemetryRoomDatabase. SyncTelemetryRoomDatabase_Impl does not exist
09-21 01:55:12.105 29630 30089 W System.err: 	at androidx.room.Room.getGeneratedImplementation(SourceFile:209)
09-21 01:55:12.105 29630 30089 W System.err: 	at androidx.room.RoomDatabase$Builder.build(SourceFile:322)
09-21 01:55:12.105 29630 30089 W System.err: 	at e7.x.<clinit>(SourceFile:19)
09-21 01:55:12.105 29630 30089 W System.err: 	... 5 more
09-21 01:55:12.106 29630 30090 I [SC][SyncScheduleLogger]: [SyncFinished] [syncType=Others] [authority=com.samsung.android.samsungpass.scloud] [reqContents=] [resultContents=PassKey,PassBrowser] [hasError=false] [reqTime=-1] [startTime=1758394510908] [endTime=1758394512099] [txBytes=19763] [rxBytes=33835] [battery=12] [cpuDegree=378] [siop=0] [PassKey_elapsed=501] [PassKey_downsync_record_cnt=0] [PassKey_upsync_record_cnt=0] [PassBrowser_elapsed=417] [PassBrowser_downsync_record_cnt=0] [PassBrowser_upsync_record_cnt=0] 
09-21 01:55:12.107 29347 29371 I OpenTabSyncClientImpl: deleted
09-21 01:55:12.107 29347 29371 I OpenTabSyncClientImpl: setData delete recordId : 2F6AA2488861317390E46421EE4CCFF4
09-21 01:55:12.108 29347 29371 I OpenTabSyncClientImpl: deleted
09-21 01:55:12.108 29347 29371 I OpenTabSyncClientImpl: setData delete recordId : C0880A7AF0AB528FE224737B5B69CFDA
09-21 01:55:12.109 29347 29371 I OpenTabSyncClientImpl: deleted
09-21 01:55:12.109 29347 29371 I OpenTabSyncClientImpl: setData delete recordId : 980CA61AC5679D9F61BEB1898360CF13
09-21 01:55:12.110 29347 29371 I OpenTabSyncClientImpl: deleted
09-21 01:55:12.110 29347 29371 I OpenTabSyncClientImpl: setData delete recordId : BCB40A1E3593E486E70B4F0E4E4C4663
09-21 01:55:12.111 29347 29371 I OpenTabSyncClientImpl: deleted
09-21 01:55:12.111 29347 29371 I OpenTabSyncClientImpl: setData delete recordId : E2614FB43F877CEB844733495D0F4E87
09-21 01:55:12.112 29347 29371 I OpenTabSyncClientImpl: deleted
09-21 01:55:12.112 29347 29371 I OpenTabSyncClientImpl: setData delete recordId : 0A7405E8CD725BBC4E07831DB2DCD30E
09-21 01:55:12.114 29347 29371 I OpenTabSyncClientImpl: deleted
09-21 01:55:12.114 29347 29371 I OpenTabSyncClientImpl: setData delete recordId : 279A4C9F4031C933BE3158B007560226
09-21 01:55:12.115 29347 29371 I OpenTabSyncClientImpl: deleted
09-21 01:55:12.115 29347 29371 I OpenTabSyncClientImpl: setData delete recordId : 6E0D3A27ED956E3D8A8D4FC14918B608
09-21 01:55:12.116 29347 29371 I OpenTabSyncClientImpl: deleted
09-21 01:55:12.116 29347 29371 I OpenTabSyncClientImpl: setData delete recordId : 6C164B442C53F2BABDC6B67E7093B622
09-21 01:55:12.118 29347 29371 I OpenTabSyncClientImpl: deleted
09-21 01:55:12.118 29347 29371 I OpenTabSyncClientImpl: setData delete recordId : 3BC1561F6501E368185C2DE6116C73B7
09-21 01:55:12.119 29347 29371 I OpenTabSyncClientImpl: deleted
09-21 01:55:12.119 29347 29371 I OpenTabSyncClientImpl: setData delete recordId : 5ED5D5BE38CE43E557A38177DE33C1CE
09-21 01:55:12.119 29347 29371 I OpenTabSyncClientImpl: deleted
09-21 01:55:12.119 29347 29371 I OpenTabSyncClientImpl: setData delete recordId : ED7365CC0D65AAE55C85724A8937D210
09-21 01:55:12.120 29347 29371 I OpenTabSyncClientImpl: deleted
09-21 01:55:12.120 29347 29371 I OpenTabSyncClientImpl: setData delete recordId : 4871CC01101C326C2846F34675B67E9D
09-21 01:55:12.121 29347 29371 I OpenTabSyncClientImpl: deleted
09-21 01:55:12.121 29347 29371 I OpenTabSyncClientImpl: setData delete recordId : 3AECB52E8C1A4D9EC7091879527CF248
09-21 01:55:12.122 29347 29371 I OpenTabSyncClientImpl: deleted
09-21 01:55:12.122 29347 29371 I OpenTabSyncClientImpl: setData delete recordId : 5DEC5B57BDCED33F4E1E2549BD3560B5
09-21 01:55:12.122 29347 29371 I OpenTabSyncClientImpl: deleted
09-21 01:55:12.122 29347 29371 I OpenTabSyncClientImpl: setData delete recordId : C7037EFC44692549EA9634A67F55196B
09-21 01:55:12.123 29347 29371 I OpenTabSyncClientImpl: deleted
09-21 01:55:12.123 29630 29811 I [SC]CloudSyncTelemetry-SBROWSER_OPENTAB: onStartUpload
09-21 01:55:12.123 29630 29811 I [SC][Sync][Core]UploadContents: [SBROWSER_OPENTAB] upload to server: 21
09-21 01:55:12.124 29347 29371 I [SCLIB_2.4.13]ClientProvider: call: version: 2.4.13, method: upload, arg: SBROWSER_OPENTAB
09-21 01:55:12.124 29347 29371 I [SCLIB_2.4.13]ClientProvider: CLIENT_MAP {SBROWSER_OPENTAB=x3.i@f319c36, SBROWSER_SAVEDPAGES2=x3.i@d7c2737, SBROWSER_BOOKMARK=x3.i@d59a4a4, SBROWSER_QUICKACCESS2=x3.i@a2d420d, SBROWSER_HISTORY=x3.i@27345c2, SBROWSERSETTING=E3.e@61ffd3, SBROWSER_QUICKACCESS=com.samsung.android.scloud.oem.lib.sync.record.RecordSyncManager@5de6710}
09-21 01:55:12.124 29347 29371 I [SCLIB_2.4.13]g: getServiceHandler {uploadComplete=x3.h@978f209, prepare=x3.h@e33fc0e, download=x3.b@3c2c62f, upload=x3.h@9aae43c, getFileDescriptor=A3.b@1b5a5c5, finish=x3.h@e37cb1a, getLocalChanges=x3.h@dbf964b, downloadComplete=x3.h@3600828, delete=x3.h@94fd941}
09-21 01:55:12.125 29347 29371 I [SCLIB_2.4.13]i: [SBROWSER_OPENTAB] UPLOAD
09-21 01:55:12.126 29347 29371 I OpenTabSyncClientImpl: getData
09-21 01:55:12.126 29347 29371 I [SCLIB_2.4.13]i: dataSet : 
09-21 01:55:12.131 29347 29371 I [SCLIB_2.4.13]i: dataSet : 
09-21 01:55:12.136 29347 29371 I [SCLIB_2.4.13]i: dataSet : 
09-21 01:55:12.140 29347 29371 I [SCLIB_2.4.13]i: dataSet : 
09-21 01:55:12.145 29347 29371 I [SCLIB_2.4.13]i: dataSet : 
09-21 01:55:12.149 29347 29371 I [SCLIB_2.4.13]i: dataSet : 
09-21 01:55:12.154 29347 29371 I [SCLIB_2.4.13]i: dataSet : 
09-21 01:55:12.158 29347 29371 I [SCLIB_2.4.13]i: dataSet : 
09-21 01:55:12.162 29347 29371 I [SCLIB_2.4.13]i: dataSet : 
09-21 01:55:12.167 29347 29371 I [SCLIB_2.4.13]i: dataSet : 
09-21 01:55:12.171 29347 29371 I [SCLIB_2.4.13]i: dataSet : 
09-21 01:55:12.175 29347 29371 I [SCLIB_2.4.13]i: dataSet : 
09-21 01:55:12.177  6865  6865 I SDHMS:LOAD: type: LoadsFreqs, value: 0:0:0:1091328:2476800:864000:910463:2188800:614400:220:220:220
09-21 01:55:12.180 29347 29371 I [SCLIB_2.4.13]i: dataSet : 
09-21 01:55:12.188 29347 29371 I [SCLIB_2.4.13]i: dataSet : 
09-21 01:55:12.191  2134  3649 D ActivityManager: Received BROADCAST intent 0xaa1a8f1 Key{broadcastIntent pkg=com.google.android.gms/com.google.android.gms.scheduler intent=act=com.google.android.gms.gcm.ACTION_CHECK_QUEUE cmp=com.google.android.gms/.gcm.nts.SchedulerInternalReceiver flags=0x2000000 u=0} requestCode=0 sent=0 from uid 1000
09-21 01:55:12.195  2134  3193 D PowerManagerService: displayReady: false groupId=0
09-21 01:55:12.195  2134  3193 D DisplayPowerController2[0]: animateScreenStateChange: target=ON, mIsEnabled=true
09-21 01:55:12.195  2134  3193 D PowerManagerService: displayReady: true groupId=0
09-21 01:55:12.196 29347 29371 I [SCLIB_2.4.13]i: dataSet : 
09-21 01:55:12.199 29882 30092 I SCS@AiSearch user 0: (IndexingWorker) [androidx.work-2] entering in doWork():  
09-21 01:55:12.199 29882 30092 I SCS@AiSearch user 0: (IndexingWorker) [androidx.work-2] entering in initAllIndexes():  
09-21 01:55:12.201 29347 29371 I [SCLIB_2.4.13]i: dataSet : 
09-21 01:55:12.206 29347 29371 I [SCLIB_2.4.13]i: dataSet : 
09-21 01:55:12.211 29347 29371 I [SCLIB_2.4.13]i: dataSet : 
09-21 01:55:12.215 29347 29371 I [SCLIB_2.4.13]i: dataSet : 
09-21 01:55:12.215  2134  3619 D CompatChangeReporter: Compat change id reported: 271850009; UID 1000; state: ENABLED
09-21 01:55:12.218  2134  3735 D SyncManager: userId - 0 auto - true
09-21 01:55:12.219 29347 29371 I [SCLIB_2.4.13]i: dataSet : 
09-21 01:55:12.220 29606 29606 I [IPSA-C] PeriodicDBResetJob: onStartJob
09-21 01:55:12.224 29347 29371 I [SCLIB_2.4.13]i: dataSet : 
09-21 01:55:12.225 29606 30094 I [IPSA-C] PeriodicDBResetJob: performJobAndScheduleNextJob
09-21 01:55:12.225 29606 30094 W [IPSA] DebugUtil: isSkipCheckingLogicsInCore : false
09-21 01:55:12.228 29606 30094 I [IPSA-C] PeriodicDBResetJob: isResetTime : skip reset. lastResetTime=1758379153190
09-21 01:55:12.228 29882 30092 I SCS@AiSearch user 0: (Initializer::ANALOGY) initIndexImpl: no indexing required.
09-21 01:55:12.228 29606 30094 W JobInfo : Job 'com.samsung.android.ipsgeofence/.core.task.jobservices.dbmanager.PeriodicDBResetJob#517' has a deadline with no functional constraints. The deadline won't improve job execution latency. Consider removing the deadline.
09-21 01:55:12.228  2134  6815 W JobInfo : Job 'com.samsung.android.ipsgeofence/.core.task.jobservices.dbmanager.PeriodicDBResetJob#517' has a deadline with no functional constraints. The deadline won't improve job execution latency. Consider removing the deadline.
09-21 01:55:12.229 29882 30092 W SCS@AiSearch user 0: (Initializer::SYNONYM) The resource for the current locale is not found : id/synonyms.json
09-21 01:55:12.230 29606 29606 I [IPSA-C] PeriodicDBResetJob: onStopJob
09-21 01:55:12.230 29606 30094 I [IPSA-C] PeriodicDBResetJob: scheduleNextJob : result=1
09-21 01:55:12.230 29882 30092 W SCS@AiSearch user 0: (Initializer::SYNONYM) The resource for the current locale is not found : en-rUS/synonyms.json
09-21 01:55:12.232  2134  4542 W JobScheduler: Job didn't exist in JobStore: c22dba9 #5022/517 com.samsung.android.ipsgeofence/.core.task.jobservices.dbmanager.PeriodicDBResetJob
09-21 01:55:12.232 29882 30092 I SCS@AiSearch user 0: (Initializer::SYNONYM) initIndexImpl: took 3 ms
09-21 01:55:12.232  2134  4542 D CompatChangeReporter: Compat change id reported: 271850009; UID 10113; state: ENABLED
09-21 01:55:12.235 29606 29606 I [IPSA-C] PeriodicDBResetJob: onDestroy
09-21 01:55:12.238 29665 29665 I SEMS:Social_13.7.13: [CLog][main][RecoveryJobService] onStartJob
09-21 01:55:12.238 29630 29811 I [SC]AppApiImpl: [SBROWSER_OPENTAB] read: 21
09-21 01:55:12.241 29665 29856 I SEMS:Common_13.7.13: [CommonUILog][RxCachedThreadScheduler-3][PermissionManager] requestPermissionSocial CALENDAR deniedPermissions : [] runPermissionActivity : false
09-21 01:55:12.241 29665 29856 I SEMS:Common_13.7.13: [CommonUILog][RxCachedThreadScheduler-3][PermissionManager] requestPermissionSocial return true
09-21 01:55:12.242 29882 30092 I SCS@AiSearch user 0: (ContactsRelation) initRelationDataFromContactsProvider called
09-21 01:55:12.244 29665 29856 I SEMS:Social_13.7.13: [CLog][RxCachedThreadScheduler-3][PreferenceDataRepository] getRecoveryVersion: 5, default: 0
09-21 01:55:12.245 29606 29606 I [IPSA-C] IpsApplication: onTrimMemory : level=40
09-21 01:55:12.251 29665 29665 I SEMS:AgentLog_13.7.13: [][main][MobileServiceApplication] onTrimMemory:40
09-21 01:55:12.254 27541 28956 I NetworkScheduler.Stats: (REDACTED) Task %s/%s started execution. cause:%s exec_start_elapsed_seconds: %s
09-21 01:55:12.256 26645 26688 I SecContactsProvider2: call getProfileRelation :0(custom)101(paternal_grandfather)102(maternal_grandfather)103(paternal_grandmother)104(maternal_grandmother)105(fatherinlaw_husbandsfather)106(motherinlaw_husbandsmother)107(fatherinlaw_wifesfather)108(motherinlaw_wifesmother)109(father)110(mother)111(wife)112(husband)113(older_brother_male)114(older_brother_female)115(older_sister_male)116(older_sister_female)117(younger_sister)118(younger_brother)119(son)120(daughter)121(soninlaw)122(daughterinlaw)
09-21 01:55:12.263 29882 30092 I SCS@AiSearch user 0: (Initializer::TAXONOMY) current Image tagger version : 901, PrefUtil Image tagger version : 901
09-21 01:55:12.263 29882 30092 I SCS@AiSearch user 0: (Initializer::TAXONOMY) Taxonomy Index updating is unnecessary
09-21 01:55:12.265 29882 30092 I SCS@AiSearch user 0: (Initializer::CORRELATED) initIndexImpl: took 1 ms
09-21 01:55:12.267 29882 30092 I SCS@AiSearch user 0: (Initializer::ACTION) initIndexImpl: took 2 ms
09-21 01:55:12.268 29882 30092 I SCS@AiSearch user 0: (Initializer::CONTACTS) initIndexImpl: took 0 ms
09-21 01:55:12.268 29882 30092 I SCS@AiSearch user 0: (Initializer::CALLLOG) initIndexImpl: took 0 ms
09-21 01:55:12.269 29882 30092 I SCS@AiSearch user 0: (BaseCollector::CALENDAR) Instance start time:2022-12-27 07:00
09-21 01:55:12.269 29882 30092 I SCS@AiSearch user 0: (Initializer::CALENDAR) initIndexImpl: took 1 ms
09-21 01:55:12.270 29882 30092 I SCS@AiSearch user 0: (Initializer::TASKS) initIndexImpl: took 0 ms
09-21 01:55:12.270 29882 30092 I SCS@AiSearch user 0: (Initializer::REMINDER) initIndexImpl: took 0 ms
09-21 01:55:12.272 29882 30092 I SCS@AiSearch user 0: (AppsDataObserver) scheduling worker CMD_SCAN
09-21 01:55:12.272 29882 30092 I SCS@AiSearch user 0: (Initializer::APPLICATIONS) initIndexImpl: took 1 ms
09-21 01:55:12.275 29882 30092 W d0      : Lucene cannot optimize algorithms or calculate object sizes for JVMs that are not based on Hotspot or a compatible implementation.
09-21 01:55:12.277  2134  6815 D PackageManager: setEnabledSetting : userId = 0 packageName = com.samsung.android.scs cmp = androidx.work.impl.background.systemalarm.RescheduleReceiver newState = 1 callingPackage = com.samsung.android.scs
09-21 01:55:12.278  2134  6815 D ApplicationPolicy: getApplicationStateEnabled : pkg = com.samsung.android.scs userId : 0
09-21 01:55:12.278  2134  6815 D ApplicationPolicy: getApplicationComponentState : pkg = com.samsung.android.scs userId : 0
09-21 01:55:12.278 29630 29811 I [SC][SamsungCloudE2EESync]: upload name = UPSERT_DOCUMENTS
09-21 01:55:12.278 29630 29811 I [SC][UserToken]: Get token
09-21 01:55:12.278 29630 29811 I [SC][UserToken]: UserToken is valid
09-21 01:55:12.281 29630 29811 I [SC][OkHttpNetworkImpl]: [UPSERT_DOCUMENTS][143770970][https://api.samsungcloud.com/data/v3/kvs.sbrowsertabs/documents/upsert][8679cff5-d396-37f5-910f-9ad9ce66fa28]
09-21 01:55:12.282 29630 29811 I [SC][OkHttpNetworkImpl]: call is added.
09-21 01:55:12.286 29882 30098 I SCS@AiSearch user 0: (AppsDataWorker) [androidx.work-3] entering in doWork():  
09-21 01:55:12.286 29882 30098 I SCS@AiSearch user 0: (AppsDataObserver) [androidx.work-3] entering in execute():  
09-21 01:55:12.287 29882 30098 I SCS@AiSearch user 0: (AppsDataObserver-CMD_SCAN) Scanning applications for indexing...
09-21 01:55:12.293 29882 30098 I SCS@AiSearch user 0: (I) Schema Name : com.samsung.android.apps Version : 35
09-21 01:55:12.294 29882 30098 W D       : Unmapping is not supported on this platform, because internal Java APIs are not compatible with this Lucene version: java.lang.NoSuchMethodException: invokeCleaner [class java.nio.ByteBuffer]
09-21 01:55:12.302 27541 28956 I NetworkScheduler.Stats: (REDACTED) Task %s/%s finished executing. cause:%s result: %s elapsed_millis: %s uptime_millis: %s exec_start_elapsed_seconds: %s
09-21 01:55:12.304 29882 30092 I SCS@AiSearch user 0: (I) Schema Name : com.google.android.providers.media Version : 0 Name : aosp_mp Version : 29 Name : sec_mp Version : 62
09-21 01:55:12.308 29882 30092 I SCS@AiSearch user 0: (BaseCollector::GALLERY) Initial CMH/SecMP info :last synced CmhUpdater(sync id, sync time) : 2147519986, 1755945048424, last synced SearchTagViewUpdater(sync id, sync time) : 2147557984, 1013147
09-21 01:55:12.308 29882 30092 I SCS@AiSearch user 0: (Initializer::AOSP_MP) initIndexImpl: took 36 ms
09-21 01:55:12.308 29882 30092 I SCS@AiSearch user 0: (Initializer::IMAGES) initIndexImpl: took 0 ms
09-21 01:55:12.309 29882 30092 I SCS@AiSearch user 0: (Initializer::CLOCK) initIndexImpl: took 0 ms
09-21 01:55:12.309 29882 30092 I SCS@AiSearch user 0: (Initializer::VOICE_RECORDER) initIndexImpl: took 0 ms
09-21 01:55:12.310 29882 30092 I SCS@AiSearch user 0: (Initializer::NOTES) initIndexImpl: took 0 ms
09-21 01:55:12.310 29882 30092 I SCS@AiSearch user 0: (Initializer::DOCUMENTS) initIndexImpl: took 0 ms
09-21 01:55:12.311 29882 30092 I SCS@AiSearch user 0: (Initializer::ALBUM_GROUPS) initIndexImpl: took 0 ms
09-21 01:55:12.311 29882 30092 I SCS@AiSearch user 0: (LoggingWorker) scheduleSaLogging: Result:: androidx.work.impl.utils.futures.SettableFuture@77991f[status=PENDING]
09-21 01:55:12.311 29882 30092 I SCS@AiSearch user 0: (IndexingWorker) [androidx.work-2] leaving from initAllIndexes():  
09-21 01:55:12.311 29882 30092 I SCS@AiSearch user 0: (BaseCollector::CONTACTS) enqueue ObserverWorker name: CONTACTS policy: KEEP
09-21 01:55:12.311 29882 30092 I SCS@AiSearch user 0: (BaseCollector::CALLLOG) enqueue ObserverWorker name: CALLLOG policy: KEEP
09-21 01:55:12.311 29882 30092 I SCS@AiSearch user 0: (BaseCollector::CALENDAR) enqueue ObserverWorker name: CALENDAR policy: KEEP
09-21 01:55:12.311 29882 30092 I SCS@AiSearch user 0: (BaseCollector::TASKS) enqueue ObserverWorker name: TASKS policy: KEEP
09-21 01:55:12.312 29882 30092 I SCS@AiSearch user 0: (BaseCollector::REMINDER) enqueue ObserverWorker name: REMINDER policy: KEEP
09-21 01:55:12.312 29882 30092 I SCS@AiSearch user 0: (BaseCollector::AOSP_MP) enqueue ObserverWorker name: AOSP_MP policy: KEEP
09-21 01:55:12.312 29882 30092 I SCS@AiSearch user 0: (BaseCollector::GALLERY) enqueue ObserverWorker name: GALLERY policy: KEEP
09-21 01:55:12.312 29882 30092 I SCS@AiSearch user 0: (BaseCollector::CLOCK) enqueue ObserverWorker name: CLOCK policy: KEEP
09-21 01:55:12.312 29882 30092 I SCS@AiSearch user 0: (BaseCollector::VOICE_RECORDER) enqueue ObserverWorker name: VOICE_RECORDER policy: KEEP
09-21 01:55:12.312 29882 30092 I SCS@AiSearch user 0: (BaseCollector::NOTES) enqueue ObserverWorker name: NOTES policy: KEEP
09-21 01:55:12.312 29882 30092 I SCS@AiSearch user 0: (BaseCollector::ALBUM_GROUPS) enqueue ObserverWorker name: ALBUM_GROUPS policy: KEEP
09-21 01:55:12.312 29882 30092 I SCS@AiSearch user 0: (IndexingWorker) Indexing time: 0.112seconds
09-21 01:55:12.327  2134  6815 D PackageManager: setEnabledSetting : userId = 0 packageName = com.samsung.android.scs cmp = androidx.work.impl.background.systemalarm.RescheduleReceiver newState = 1 callingPackage = com.samsung.android.scs
09-21 01:55:12.328  2134  6815 D ApplicationPolicy: getApplicationStateEnabled : pkg = com.samsung.android.scs userId : 0
09-21 01:55:12.328  2134  6815 D ApplicationPolicy: getApplicationComponentState : pkg = com.samsung.android.scs userId : 0
09-21 01:55:12.337  2134  6815 D PackageManager: setEnabledSetting : userId = 0 packageName = com.samsung.android.scs cmp = androidx.work.impl.background.systemalarm.RescheduleReceiver newState = 1 callingPackage = com.samsung.android.scs
09-21 01:55:12.337  2134  6815 D ApplicationPolicy: getApplicationStateEnabled : pkg = com.samsung.android.scs userId : 0
09-21 01:55:12.337  2134  6815 D ApplicationPolicy: getApplicationComponentState : pkg = com.samsung.android.scs userId : 0
09-21 01:55:12.342  2134  6815 D PackageManager: setEnabledSetting : userId = 0 packageName = com.samsung.android.scs cmp = androidx.work.impl.background.systemalarm.RescheduleReceiver newState = 1 callingPackage = com.samsung.android.scs
09-21 01:55:12.343  2134  6815 D ApplicationPolicy: getApplicationStateEnabled : pkg = com.samsung.android.scs userId : 0
09-21 01:55:12.343  2134  6815 D ApplicationPolicy: getApplicationComponentState : pkg = com.samsung.android.scs userId : 0
09-21 01:55:12.352 27541 29805 W Conscrypt: Could not set socket write timeout: java.net.SocketException: Socket closed
09-21 01:55:12.353 27541 29805 W Conscrypt: 	at com.google.android.gms.org.conscrypt.Platform.setSocketWriteTimeout(:com.google.android.gms@253534035@25.35.34 (260400-804595880):204)
09-21 01:55:12.353 27541 29805 W Conscrypt: 	at com.google.android.gms.org.conscrypt.ConscryptFileDescriptorSocket.setSoWriteTimeout(:com.google.android.gms@253534035@25.35.34 (260400-804595880):4)
09-21 01:55:12.353  2134  6815 D PackageManager: setEnabledSetting : userId = 0 packageName = com.samsung.android.scs cmp = androidx.work.impl.background.systemalarm.RescheduleReceiver newState = 1 callingPackage = com.samsung.android.scs
09-21 01:55:12.354  2134  6815 D ApplicationPolicy: getApplicationStateEnabled : pkg = com.samsung.android.scs userId : 0
