09-21 01:55:10.926 29630 29922 I [SC]SyncSchedulePolicyManager: onSyncStarted: true
09-21 01:55:10.926 29630 29922 I [SC]SyncSchedulePolicyManager: getPolicy: false
09-21 01:55:10.926 29630 29922 I [SC]SyncSchedulePolicyManager: notifySyncSchedulePolicy: OnSyncStarted,com.samsung.android.samsungpass.scloud,SyncSchedulePolicy{policyState=Cached, contentLocalSchedulePolicyMap={SavedPages2=App, Bluetooth=CloudLocal, PassAddress=App, OpenTab=App, Calendar=CloudLocal, QuickAccess=CloudLocal, History=App, PassKey=CloudLocal, Avatar=App, PassNote=App, Contacts=CloudLocal, Bookmark=CloudLocal, QuickAccess2=CloudLocal, Clothes=App, UnknownContents=App, Wifi=CloudLocal, PassBrowser=CloudLocal}, authorityIntervalPolicyMap={com.android.contacts=Pair{0 1000}, com.samsung.android.samsungpass.scloud=Pair{0 1000}, com.samsung.android.aremoji.cloud=Pair{0 1000}, com.samsung.bt.btservice.btsettingsprovider=Pair{0 1000}, com.samsung.android.app.reminder=Pair{0 1000}, com.android.settings.wifiprofilesync=Pair{0 1000}, com.sec.android.app.sbrowser=Pair{0 1000}, com.android.calendar=Pair{0 1000}}}
09-21 01:55:10.926 29630 29922 I [SC][DEPENDENCY][LIB][Samsung Pass][RPC]: notifySyncSchedulePolicy: Bundle[{policy_status_list=[1, 0, 0, 1], content_ids=[d4FjaEWIDx, JVr2j6jQIE, oeJGRC1UJf, ZZFAtz6HCf], local_request_initial_interval=0, local_request_interval=1000}]
09-21 01:55:10.926  1298  1298 D keymint_swd: keymint_swd keymint [WRN] (swd_run_cb:263) swd_update() returns 0
09-21 01:55:10.926  1298  1298 D android.hardware.security.keymint-service: update: ret 0
09-21 01:55:10.928  1298  1298 D keymint_swd: keymint_swd keymint [WRN] (swd_run_cb:263) swd_finish() returns 0
09-21 01:55:10.928  1298  1298 D android.hardware.security.keymint-service: finish: ret 0
09-21 01:55:10.928 29630 29705 I [SC]EdpSyncPolicy5411: t: {com.sec.android.app.shealth.cloudsync=[tY83sXemhg], com.samsung.android.aremoji.cloud=[k6M02It8oQ, vIrDKrcNqn], com.samsung.bt.btservice.btsettingsprovider=[BhjdLP0vkK], com.android.settings.wifiprofilesync=[wYJPhxEsaA], com.sec.android.app.sbrowser=[Iba9EFx3Qc, 4OuNBe4y9z, P56GWW8N4r, kmjqYba23r, qzac7cSzXP]}
09-21 01:55:10.928 29818 29818 I [PASS][CMN]DeviceFeature: isJDMDevice : 0
09-21 01:55:10.929  1298  1298 W keymint_tee: [WRN]begin req PARAMS: A32, BM2, PD64, 
09-21 01:55:10.931  1298  1298 D keymint_swd: keymint_swd keymint [WRN] (km_add_tag:528) skip: non repetable tag already exists with different value: 268435458
09-21 01:55:10.931  1298  1298 D keymint_swd: keymint_swd keymint [WRN] (swd_run_cb:263) swd_begin() returns 0
09-21 01:55:10.931  1298  1298 D android.hardware.security.keymint-service: begin: ret 0
09-21 01:55:10.931  1288  1321 I keystore2: system/security/keystore2/src/security_level.rs:454 - In create_operation. Success to create IKeystoreOperation. 10118, None
09-21 01:55:10.932  1298  1298 D keymint_swd: keymint_swd keymint [WRN] (swd_run_cb:263) swd_update() returns 0
09-21 01:55:10.932  1298  1298 D android.hardware.security.keymint-service: update: ret 0
09-21 01:55:10.932  1298  1298 D keymint_swd: keymint_swd keymint [WRN] (swd_run_cb:263) swd_finish() returns 0
09-21 01:55:10.932  1298  1298 D android.hardware.security.keymint-service: finish: ret 0
09-21 01:55:10.933 29818 29818 I [PASS][CMN]DeviceFeature: isJDMDevice : 0
09-21 01:55:10.933 29665 29874 I SEMS:SupportedService_13.7.13: [][RxCachedThreadScheduler-5][DclDataManager] loadDclProfile finished
09-21 01:55:10.934 31453 31459 I adbd    : opening control endpoint /dev/usb-ffs/adb/ep0
09-21 01:55:10.935  1298  1298 W keymint_tee: [WRN]begin req PARAMS: A32, BM2, PD64, 
09-21 01:55:10.936  1298  1298 D keymint_swd: keymint_swd keymint [WRN] (km_add_tag:528) skip: non repetable tag already exists with different value: 268435458
09-21 01:55:10.936  1298  1298 D keymint_swd: keymint_swd keymint [WRN] (swd_run_cb:263) swd_begin() returns 0
09-21 01:55:10.936  1298  1298 D android.hardware.security.keymint-service: begin: ret 0
09-21 01:55:10.937  1288  1321 I keystore2: system/security/keystore2/src/security_level.rs:454 - In create_operation. Success to create IKeystoreOperation. 10118, None
09-21 01:55:10.937  1298  1298 D keymint_swd: keymint_swd keymint [WRN] (swd_run_cb:263) swd_update() returns 0
09-21 01:55:10.937  1298  1298 D android.hardware.security.keymint-service: update: ret 0
09-21 01:55:10.938 29841 29841 W SQLiteLog: (28) failed to open "/data/data/com.facebook.appmanager/databases/androidx.work.workdb" with flag (163842) and mode_t (0) due to error (2)
09-21 01:55:10.938 29841 29841 W SQLiteLog: (28) failed to open "/data/data/com.facebook.appmanager/databases/androidx.work.workdb" with flag (163840) and mode_t (0) due to error (2)
09-21 01:55:10.938 29841 29841 E SQLiteLog: (14) cannot open file at line 45699 of [d68fb8b5db]
09-21 01:55:10.938 29841 29841 E SQLiteLog: (14) os_unix.c:45699: (2) open(/data/data/com.facebook.appmanager/databases/androidx.work.workdb) - 
09-21 01:55:10.938 29630 29846 I [SC][Verification]: [ChinaPnCtcpiSupplier] isPrivacyNoticeAgreed: Not china account
09-21 01:55:10.938 29630 29846 I [SC][Verification]: [ChinaPnCtcpiSupplier] isPersonalInfoCollectionAgreed: Not china account
09-21 01:55:10.938 29841 29841 E SQLiteLog: (1) Process book.appmanager : Pid (29841) Uid (10171) Euid (10171) Gid (10171) Egid (10171) scontext(u:r:untrusted_app:s0:c171,c256,c512,c768)
09-21 01:55:10.938 29841 29841 E SQLiteLog: (1) osStat failed "/data/data/com.facebook.appmanager/databases/androidx.work.workdb" due to error (2)
09-21 01:55:10.938 29841 29841 E SQLiteLog: (1) Stat of /data/data/com.facebook.appmanager/databases : st_mode(40771) st_uid(10171) st_gid(10171) st_ino(9854) tcontext(u:object_r:app_data_file:s0:c171,c256,c512,c768)
09-21 01:55:10.938 29841 29841 E SQLiteLog: (1) Stat of /data/data/com.facebook.appmanager : st_mode(40700) st_uid(10171) st_gid(10171) st_ino(5980) tcontext(u:object_r:app_data_file:s0:c171,c256,c512,c768)
09-21 01:55:10.938 29841 29841 E SQLiteLog: (1) Stat of /data/data : st_mode(40751) st_uid(0) st_gid(0) st_ino(1) tcontext(u:object_r:system_data_file:s0)
09-21 01:55:10.938 29841 29841 E SQLiteLog: (1) Stat of /data : st_mode(40771) st_uid(1000) st_gid(1000) st_ino(3) tcontext(u:object_r:system_data_root_file:s0)
09-21 01:55:10.938  1298  1298 D keymint_swd: keymint_swd keymint [WRN] (swd_run_cb:263) swd_finish() returns 0
09-21 01:55:10.938  1298  1298 D android.hardware.security.keymint-service: finish: ret 0
09-21 01:55:10.939 29841 29841 E SQLiteDatabase: Failed to open database '/data/user/0/com.facebook.appmanager/databases/androidx.work.workdb'.
09-21 01:55:10.939 29841 29841 E SQLiteDatabase: android.database.sqlite.SQLiteCantOpenDatabaseException: Cannot open database '/data/user/0/com.facebook.appmanager/databases/androidx.work.workdb' with flags 0x0: File /data/user/0/com.facebook.appmanager/databases/androidx.work.workdb doesn't exist
09-21 01:55:10.939 29841 29841 E SQLiteDatabase: 	at android.database.sqlite.SQLiteConnection.open(SQLiteConnection.java:412)
09-21 01:55:10.939 29841 29841 E SQLiteDatabase: 	at android.database.sqlite.SQLiteConnection.open(SQLiteConnection.java:244)
09-21 01:55:10.939 29841 29841 E SQLiteDatabase: 	at android.database.sqlite.SQLiteConnectionPool.openConnectionLocked(SQLiteConnectionPool.java:765)
09-21 01:55:10.939 29841 29841 E SQLiteDatabase: 	at android.database.sqlite.SQLiteConnectionPool.open(SQLiteConnectionPool.java:299)
09-21 01:55:10.939 29841 29841 E SQLiteDatabase: 	at android.database.sqlite.SQLiteConnectionPool.open(SQLiteConnectionPool.java:266)
09-21 01:55:10.939 29841 29841 E SQLiteDatabase: 	at android.database.sqlite.SQLiteDatabase.openInner(SQLiteDatabase.java:1679)
09-21 01:55:10.939 29841 29841 E SQLiteDatabase: 	at android.database.sqlite.SQLiteDatabase.open(SQLiteDatabase.java:1616)
09-21 01:55:10.939 29841 29841 E SQLiteDatabase: 	at android.database.sqlite.SQLiteDatabase.openDatabase(SQLiteDatabase.java:1284)
09-21 01:55:10.939 29841 29841 E SQLiteDatabase: 	at android.database.sqlite.SQLiteDatabase.openDatabase(SQLiteDatabase.java:1222)
09-21 01:55:10.939 29841 29841 E SQLiteDatabase: 	at com.facebook.oxygen.common.androidx.workmanager.initializer.b.a(WorkManagerDatabase.java:22)
09-21 01:55:10.939 29841 29841 E SQLiteDatabase: 	at com.facebook.oxygen.appmanager.app.c.a(AppManagerApplicationImpl.java:21)
09-21 01:55:10.939 29841 29841 E SQLiteDatabase: 	at com.facebook.oxygen.common.component.b.d.onCreate(OxpDelegatingApplication.java:84)
09-21 01:55:10.939 29841 29841 E SQLiteDatabase: 	at android.app.Instrumentation.callApplicationOnCreate(Instrumentation.java:1386)
09-21 01:55:10.939 29841 29841 E SQLiteDatabase: 	at android.app.ActivityThread.handleBindApplication(ActivityThread.java:8377)
09-21 01:55:10.939 29841 29841 E SQLiteDatabase: 	at android.app.ActivityThread.-$$Nest$mhandleBindApplication(Unknown Source:0)
09-21 01:55:10.939 29841 29841 E SQLiteDatabase: 	at android.app.ActivityThread$H.handleMessage(ActivityThread.java:2675)
09-21 01:55:10.939 29841 29841 E SQLiteDatabase: 	at android.os.Handler.dispatchMessage(Handler.java:107)
09-21 01:55:10.939 29841 29841 E SQLiteDatabase: 	at android.os.Looper.loopOnce(Looper.java:257)
09-21 01:55:10.939 29841 29841 E SQLiteDatabase: 	at android.os.Looper.loop(Looper.java:342)
09-21 01:55:10.939 29841 29841 E SQLiteDatabase: 	at android.app.ActivityThread.main(ActivityThread.java:9634)
09-21 01:55:10.939 29841 29841 E SQLiteDatabase: 	at java.lang.reflect.Method.invoke(Native Method)
09-21 01:55:10.939 29841 29841 E SQLiteDatabase: 	at com.android.internal.os.RuntimeInit$MethodAndArgsCaller.run(RuntimeInit.java:619)
09-21 01:55:10.939 29841 29841 E SQLiteDatabase: 	at com.android.internal.os.ZygoteInit.main(ZygoteInit.java:929)
09-21 01:55:10.939 29841 29841 E SQLiteDatabase: Caused by: android.database.sqlite.SQLiteCantOpenDatabaseException: unknown error (code 1806 SQLITE_CANTOPEN_ENOENT[1806]): Could not open database
09-21 01:55:10.939 29841 29841 E SQLiteDatabase: 	at android.database.sqlite.SQLiteConnection.nativeOpen(Native Method)
09-21 01:55:10.939 29841 29841 E SQLiteDatabase: 	at android.database.sqlite.SQLiteConnection.open(SQLiteConnection.java:374)
09-21 01:55:10.939 29841 29841 E SQLiteDatabase: 	... 22 more
09-21 01:55:10.940 29630 29705 I [SC]SyncSettingManager: getEdpDeviceList: {"values":[{"model_code":"SM-A528BZKIXID","title":"Damar","image_uri":"/data/user/0/com.samsung.android.scloud/files/pki_model_images/SM-A528BZKIXID.png","device_type":"kmx"},{"model_code":"SM-S916BZACXID","title":"S23+ milik Rajendra","image_uri":"/data/user/0/com.samsung.android.scloud/files/pki_model_images/SM-S916BZACXID.png","device_type":"kmx"}]}
09-21 01:55:10.943 29630 29705 I [SC]EdpSyncDeviceData: t: [EdpDeviceVo{modelCode='SM-A528BZKIXID', title='Damar', imageUri='/data/user/0/com.samsung.android.scloud/files/pki_model_images/SM-A528BZKIXID.png', deviceType=kmx, type=null, pdid=null, thisPhone=false}, EdpDeviceVo{modelCode='SM-S916BZACXID', title='S23+ milik Rajendra', imageUri='/data/user/0/com.samsung.android.scloud/files/pki_model_images/SM-S916BZACXID.png', deviceType=kmx, type=null, pdid=null, thisPhone=false}]
09-21 01:55:10.943 29630 29705 I [SC]EdpSyncManager: initialize finished
09-21 01:55:10.943 29630 29705 I [SC]SyncInitialization: initialize edpSyncManager, elapsed time: 274
09-21 01:55:10.943 29630 29705 I [SC]SyncInitialization: initialize syncPolicyManager, elapsed time: 0
09-21 01:55:10.944 29630 29705 I [SC]SyncInitialization: load syncProvisionManager, elapsed time: 1
09-21 01:55:10.944 29630 29705 I [SC]SyncProvision: isInternal: com.android.contacts,false
09-21 01:55:10.944 29630 29705 I [SC]SyncProvision: isInternal: com.samsung.android.aremoji.cloud,false
09-21 01:55:10.944 29630 29705 I [SC]SyncProvision: isInternal: com.samsung.android.SmartClip,false
09-21 01:55:10.944 29630 29705 I [SC]SyncProvision: isInternal: com.samsung.android.memo,false
09-21 01:55:10.944 29630 29705 I [SC]SyncProvision: isInternal: com.samsung.bt.btservice.btsettingsprovider,false
09-21 01:55:10.945 29630 29705 I [SC]SyncProvision: isInternal: com.samsung.android.app.reminder,false
09-21 01:55:10.945 29630 29705 I [SC]SyncProvision: isInternal: media,true
09-21 01:55:10.945 29630 29705 I [SC]SyncProvision: isInternal: com.samsung.android.app.notes.sync,false
09-21 01:55:10.945 29630 29705 I [SC]SyncProvision: isInternal: com.samsung.android.snoteprovider4,false
09-21 01:55:10.945 29630 29705 I [SC]SyncProvision: isInternal: com.sec.android.app.shealth.cloudsync,false
09-21 01:55:10.945 29630 29705 I [SC]SyncProvision: isInternal: com.samsung.android.samsungpass.scloud,false
09-21 01:55:10.945 29630 29705 I [SC]SyncProvision: isInternal: com.android.settings.wifiprofilesync,false
09-21 01:55:10.945 29630 29705 I [SC]SyncProvision: isInternal: com.sec.android.app.sbrowser,false
09-21 01:55:10.945 29630 29705 I [SC]SyncProvision: isInternal: com.android.calendar,false
09-21 01:55:10.947  1571  1571 I Zygote  : Process 29164 exited due to signal 9 (Killed)
09-21 01:55:10.948   917   917 I lmkd    : cached 0, sandbox(not0) 0
09-21 01:55:10.948   917   917 I lmkd    : Reclaim 'tr.com.apps.drill.and.collect:AppMetrica' (27099), uid 10703, oom_score_adj 905, state 19 to free 56308kB rss, 46140kB swap; reason: min2x watermark is breached even after kill
09-21 01:55:10.948  2134  6815 I ActivityManager: Process com.sec.android.provider.badge (pid 29164) has died: cch+25 CEM (14,978)
09-21 01:55:10.949 29882 29882 I SCS@AiSearch user 0: (SearchProvider) [main] entering in onCreate():  
09-21 01:55:10.949 29630 29808 I [SC]SyncAuthority: com.samsung.android.samsungpass.scloud has no permissions to grant
09-21 01:55:10.949 29630 29929 I [SC]EdpSyncPolicy5411: getE2eePolicy
09-21 01:55:10.949 29630 29929 I [SC][ScspKpsLite]: name: com.samsung.scsp.pam.kps.lite, version : 1.0.1203, isAccountRequiredFeature = true, isDrsSupported = false, platformConfigurationRequire = false
09-21 01:55:10.950 29630 29929 I KMX|DeviceInfoManagementImpl: KmxSdk v2.0.13-release
09-21 01:55:10.950 29630 29929 I KMX|DeviceInfoManagementImpl: [getE2EEDeviceType] : 1
09-21 01:55:10.950 29630 29929 I DeviceInfoManagementImpl: VC :110182000
09-21 01:55:10.950 29630 29929 I KMX|DeviceInfoManagementImpl: [getSAKUid] : bApzt9YClo6a6myj80BOr3IWSXnGpOLQAqsVLkhDK0I=
09-21 01:55:10.950 29630 29929 I KMX|DeviceInfoManagementImpl: KmxSdk v2.0.13-release
09-21 01:55:10.950 29630 29929 I KMX|DeviceInfoManagementImpl: [getE2EEDeviceType] : 1
09-21 01:55:10.950 29630 29929 I [SC][DeviceUtil]: One UI version : 7.0.0
09-21 01:55:10.950 29630 29808 I [SC]SimplePolicyManager: getPolicy: policy found: Sync_System_Precondition / {"maxSIOPLevel":3}/SyncSystemPrecondition{maxSiopLevel=3}
09-21 01:55:10.950 29630 29808 I [SC]SyncPolicyManager: isSystemOverheated: SyncSystemPrecondition{maxSiopLevel=3}
09-21 01:55:10.950 29630 29929 I [SC][UserRegistration]: register
09-21 01:55:10.950 29630 29929 I [SC][UserRegistration]: Already user registered.
09-21 01:55:10.950 29630 29929 I [SC][UserToken]: Get token
09-21 01:55:10.950 29630 29929 I [SC][UserToken]: UserToken is valid
09-21 01:55:10.954  2134  2883 D DisplayManagerService: Drop pending events for gone uid 10052
09-21 01:55:10.954 29882 29882 I SCS@AiSearch user 0: (SearchApplication) [main] entering in init():  
09-21 01:55:10.956  2134  6815 D GMR     : bg_async : 23037 tr.com.apps.drill.and.collect
09-21 01:55:10.958  2134 18405 D PerProcessNandswap$NandswapMsgHandler: startNandswapProcess to-delay Cached-ppn tr.com.apps.drill.and.collect
09-21 01:55:10.959 29630 29929 I [SC][DeviceUtil]: getSimMcc
09-21 01:55:10.959 29630 29929 I [SC][DeviceUtil]: getSimMnc
09-21 01:55:10.959 29630 29929 I [SC][ScspKpsLite]: private com.samsung.scsp.pam.kps.lite.ScspKpsLite$KpsApiControlImpl()
09-21 01:55:10.959 29818 29818 I [PASS][SPASS]FrameworkUtils: isSignedUp - true
09-21 01:55:10.964 29630 29811 I [SC]SyncSettingManager: getEdpSyncService: EdpSyncVo{groupId='ei-zsobk69', serviceId='si-6vqcx5t', state='-1', devices='null'}
09-21 01:55:10.964 29818 29818 I [PASS][CMN]WalletUtil: getWalletMigrated : false
09-21 01:55:10.964 29630 29811 I [SC]E2EEStateChecker: e2ee state: NONE,true
09-21 01:55:10.964 29630 29811 I [SC][Sync]AbstractBaseSyncAdapter: [SBROWSER_OPENTAB] performSync: started
09-21 01:55:10.964 29882 29931 I SCS@AiSearch user 0: (AiSearch user 0) [Thread-2] entering in init():  Logger initialization. Path: /data/user/0/com.samsung.android.scs/files/aisearch/log/
09-21 01:55:10.965  2134  3137 I libprocessgroup: Removed cgroup /sys/fs/cgroup/uid_10052/pid_29164
09-21 01:55:10.965 29818 29818 I [PASS][CMN]WalletUtil: getWalletMigrated : false
09-21 01:55:10.965 29630 29811 I [SC][SamsungCloudE2EESync]: name: com.samsung.scsp.framework.storage.data, version : 1.2.0010, isAccountRequiredFeature = true, isDrsSupported = false, platformConfigurationRequire = true
09-21 01:55:10.965 29630 29930 I [SC]DeviceUtil: hasSepLiteSpec: false
09-21 01:55:10.965 29818 29818 I [PASS][SPASS]IconUtils:  checkVersionAddIcon : criticalUpdateVersion : true firstCheck : false appIconExist : true  walletMigrated : false
09-21 01:55:10.966 29818 29818 I [PASS][SPASS]FrameworkUtils: isInitialized : true
09-21 01:55:10.966 29818 29818 I [PASS][SPASS]PassFramework: ISU
09-21 01:55:10.966 29630 29811 I KMX|DeviceInfoManagementImpl: KmxSdk v2.0.13-release
09-21 01:55:10.966 29630 29811 I KMX|DeviceInfoManagementImpl: [getE2EEDeviceType] : 1
09-21 01:55:10.966 29818 29818 I [PASS][SPASS]FrameworkUtils: isSignedUp - true
09-21 01:55:10.966 29630 29811 I DeviceInfoManagementImpl: VC :110182000
09-21 01:55:10.966 29818 29818 I [PASS][CMN]WalletUtil: getWalletMigrated : false
09-21 01:55:10.966 29630 29811 I KMX|DeviceInfoManagementImpl: [getSAKUid] : bApzt9YClo6a6myj80BOr3IWSXnGpOLQAqsVLkhDK0I=
09-21 01:55:10.966 29818 29818 I [PASS][SPASS]IconUtils: checkVersionAddIcon showIconForcibly
09-21 01:55:10.966 29630 29811 I KMX|DeviceInfoManagementImpl: KmxSdk v2.0.13-release
09-21 01:55:10.966 29818 29818 I [PASS][SPASS]IconUtils: addAppIcon
09-21 01:55:10.966 29630 29811 I KMX|DeviceInfoManagementImpl: [getE2EEDeviceType] : 1
09-21 01:55:10.966 29630 29811 I [SC][DeviceUtil]: One UI version : 7.0.0
09-21 01:55:10.966 29630 29811 I [SC][UserRegistration]: register
09-21 01:55:10.966 29818 29818 I [PASS][SPASS]IconUtils: addAppIcon : App icon is already added
09-21 01:55:10.966 29630 29811 I [SC][UserRegistration]: Already user registered.
09-21 01:55:10.966 29818 29818 I [PASS][CMN]WalletUtil: getWalletMigrated : false
09-21 01:55:10.966 29630 29811 I [SC][UserToken]: Get token
09-21 01:55:10.966 29818 29818 I [PASS][SPASS]IconUtils: setComponentEnabledSetting : true, walletMigrated : false
09-21 01:55:10.966 29630 29811 I [SC][UserToken]: UserToken is valid
09-21 01:55:10.966  2134  6815 D PackageManager: setEnabledSetting : userId = 0 packageName = com.samsung.android.samsungpass cmp = com.samsung.android.samsungpass.launcher.EntryLauncher newState = 1 callingPackage = com.samsung.android.samsungpass
09-21 01:55:10.967  2134  6815 D ApplicationPolicy: getApplicationStateEnabled : pkg = com.samsung.android.samsungpass userId : 0
09-21 01:55:10.967 29630 29930 I [SC]SyncSettingManager: getCategory: media
09-21 01:55:10.967  2134  6815 D ApplicationPolicy: getApplicationComponentState : pkg = com.samsung.android.samsungpass userId : 0
09-21 01:55:10.967  2134  6815 D PackageManager: setEnabledSetting : userId = 0 packageName = com.samsung.android.samsungpass cmp = com.samsung.android.samsungpass.launcher.EntryLauncherJPN newState = 2 callingPackage = com.samsung.android.samsungpass
09-21 01:55:10.968  2134  6815 D PackageManager: setEnabledSetting : userId = 0 packageName = com.samsung.android.samsungpass cmp = com.samsung.android.samsungpass.launcher.SearchableActivity newState = 2 callingPackage = com.samsung.android.samsungpass
09-21 01:55:10.968 29818 29818 I [PASS][CMN]WalletUtil: getWalletMigrated : false
09-21 01:55:10.968 29818 29818 I [PASS][SPASS]IconUtils: setComponentEnabledSetting : true, walletMigrated : false
09-21 01:55:10.968  2134  6815 D PackageManager: setEnabledSetting : userId = 0 packageName = com.samsung.android.samsungpass cmp = com.samsung.android.samsungpass.launcher.EntryLauncher newState = 1 callingPackage = com.samsung.android.samsungpass
09-21 01:55:10.968  2134  6815 D ApplicationPolicy: getApplicationStateEnabled : pkg = com.samsung.android.samsungpass userId : 0
09-21 01:55:10.968  2134  6815 D ApplicationPolicy: getApplicationComponentState : pkg = com.samsung.android.samsungpass userId : 0
09-21 01:55:10.969  2134  6815 D PackageManager: setEnabledSetting : userId = 0 packageName = com.samsung.android.samsungpass cmp = com.samsung.android.samsungpass.launcher.EntryLauncherJPN newState = 2 callingPackage = com.samsung.android.samsungpass
09-21 01:55:10.969  2134  6815 D PackageManager: setEnabledSetting : userId = 0 packageName = com.samsung.android.samsungpass cmp = com.samsung.android.samsungpass.launcher.SearchableActivity newState = 2 callingPackage = com.samsung.android.samsungpass
09-21 01:55:10.970 29630 29811 I [SC][DeviceUtil]: getSimMcc
09-21 01:55:10.971  2134  6815 D SyncManager: userId - 0 auto - true
09-21 01:55:10.971 29630 29811 I [SC][DeviceUtil]: getSimMnc
09-21 01:55:10.971 29630 29811 I [SC][SamsungCloudE2EESync]: public com.samsung.scsp.framework.storage.data.api.DataApiV3ControlImpl()
09-21 01:55:10.977 29630 29811 I [SC][PlatformConfigurationImpl]: getPlatformConfiguration
09-21 01:55:10.977 29630 29811 I [SC][E2eeFiles]: initializeFileControl
09-21 01:55:10.977  1655  8991 I sensors-hal: handle_sns_client_event:574, [0][4252745] accel_sample [ 0.067, -0.086,  9.734] 411427824281386
09-21 01:55:10.977 29630 29811 I [SC]ServerApiFactory: serverApi: true,false,false
09-21 01:55:10.978 29630 29930 I [SC]MediaApi: isSyncAutomatically(): master sync: true
09-21 01:55:10.979 29630 29930 I [SC]MediaApi: isSyncAutomatically(), false
09-21 01:55:10.979  3964  3974 D PhoneInterfaceManager: setDataEnabledForReason() Reason=1 Pid=2134 App=system
09-21 01:55:10.980  3964  3974 D PhoneInterfaceManager: setDataEnabledForReason() Reason=1 Pid=2134 App=system
09-21 01:55:10.983 29630 29933 I [SC]EdpContentsNotificationManager: onEdpStatusUpdated: -1,false,10,10
09-21 01:55:10.984 29818 29818 I SemDesktopModeManager: registerListener: of.c@3f856bf
09-21 01:55:10.985 29630 29808 I [SC]SyncSettingManager: setSyncStatus: SyncStatusVo{authority='com.samsung.android.samsungpass.scloud', state='ACTIVE', errorCode='999'},false,false
09-21 01:55:10.985 29818 29818 I MockDeskModeManager:  isDeskMode : false
09-21 01:55:10.985 29818 29818 I MockDeskModeManager:  isNewDesktopMode : false
09-21 01:55:10.985 29818 29818 I MockDeskModeManager: Adding Desktop State change Listeners
09-21 01:55:10.986 29882 29882 I SCS@AiSearch user 0: (SearchApplication) [main] leaving from init took 33 ms():  
09-21 01:55:10.986 29882 29882 I SCS@AiSearch user 0: (SearchProvider) [main] leaving from onCreate():  
09-21 01:55:10.987 29630 29929 I [SC][ScspKpsLite]: getPolicy - using cachedPolicies
09-21 01:55:10.988 29630 29930 I [SC]MediaApi: isWiFiOnly(), res - true
09-21 01:55:10.988 29630 29930 I [SC]EdpSyncPolicy5411: getCategoryState: media, 0
09-21 01:55:10.989 29882 29939 I SCS@AiSearch user 0: (ConfigManager) [pool-5-thread-1] entering in loadConfig():  
09-21 01:55:10.991  1571  1571 I Zygote  : Process 27099 exited due to signal 9 (Killed)
09-21 01:55:10.991  2134  4928 I ActivityManager: Process tr.com.apps.drill.and.collect:AppMetrica (pid 27099) has died: cch+35 CEM (15,973)
09-21 01:55:10.992   917   917 I lmkd    : cached 1, sandbox(not0) 0
09-21 01:55:10.992   917   917 I lmkd    : Reclaim 'com.sec.android.app.volumemonitorprovider' (29448), uid 10138, oom_score_adj 925, state 19 to free 61652kB rss, 35008kB swap; reason: min2x watermark is breached even after kill
09-21 01:55:10.992 29630 29930 I [SC]Permission: isSpecialAccessPermissionGranted: mode: 3
09-21 01:55:10.992  2134  3193 D PowerManagerService: displayReady: false groupId=0
09-21 01:55:10.992  2134  3193 D DisplayPowerController2[0]: animateScreenStateChange: target=ON, mIsEnabled=true
09-21 01:55:10.993  2134  3193 D PowerManagerService: displayReady: true groupId=0
09-21 01:55:10.993 29630 29811 I [SC]CloudSyncTelemetry-SBROWSER_OPENTAB: onStartSync
09-21 01:55:10.993 31072 31072 D BoundBrokerSvc: onUnbind: Intent { act=com.google.android.gms.appset.service.START dat=chimera-action:/... cmp=com.google.android.gms/.chimera.GmsApiService }
09-21 01:55:10.996 29818 29818 I [PASS][CMN]DeviceFeature: isJDMDevice : 0
09-21 01:55:11.001 29630 29808 I [SC]SyncSettingManager: verifyContentSync: ZZFAtz6HCf, true
09-21 01:55:11.002 29630 29930 I [SC]SyncSettingManager: getSyncStatus: media
09-21 01:55:11.002 29630 29929 I [SC]SyncSettingManager: getEdpSyncService: EdpSyncVo{groupId='ei-zsobk69', serviceId='si-6vqcx5t', state='-1', devices='null'}
09-21 01:55:11.003 29882 29882 I ServiceApplication: process:com.samsung.android.scs, version:4.0.02.4, flavor:full
09-21 01:55:11.003 29882 29882 I SCS@AiSearch user 0: (SearchApplication) [main] entering in init():  
09-21 01:55:11.010 29630 29811 I [SC][SyncScheduleLogger]: [ContentStarted] [syncType=App] [authority=com.sec.android.app.sbrowser] [content=OpenTab] 
09-21 01:55:11.018 29630 29808 I [SC]SyncSettingManager: getEdpSyncService: EdpSyncVo{groupId='ei-zsobk69', serviceId='si-6vqcx5t', state='-1', devices='null'}
09-21 01:55:11.018 29630 29808 I [SC]E2EEStateChecker: e2ee state: NONE,false
09-21 01:55:11.018 29630 29808 I [SC][Sync]AbstractBaseSyncAdapter: [SAMSUNGPASS_V2_PASSKEY] performSync: started
09-21 01:55:11.018   917   917 I lmkd    : cached 1, sandbox(not0) 0
09-21 01:55:11.019   917   917 I lmkd    : Reclaim 'com.google.android.gms' (31072), uid 10238, oom_score_adj 850, state 19 to free 141272kB rss, 89924kB swap; reason: min2x watermark is breached even after kill
09-21 01:55:11.019 29630 29930 I [SC]SyncSettingManager: getContentVo: media, phzej3S76k
09-21 01:55:11.020 29882 29939 I SCS@AiSearch user 0: (ConfigManager) isAppEnabled(): FloatingFeature :V901, com.google.android.providers.media enabled :true
09-21 01:55:11.021 29882 29939 I SCS@AiSearch user 0: (ConfigManager) [pool-5-thread-1] leaving from loadConfig():  
09-21 01:55:11.023 29882 29949 I SamsungAnalytics605069: Tracker start:6.05.069
09-21 01:55:11.024 29882 29949 I DIAGMON_SDK[605069]: DiagMonAgent type: 2
09-21 01:55:11.024 29882 29949 I DIAGMON_SDK[605069][4N4-399-535399] : generated SR object
09-21 01:55:11.026 29750 29825 W Turbo.InferAppBucketsJob: Models given by config: 1
09-21 01:55:11.031 29882 29882 I ServiceApplication: Initializing WorkManager
09-21 01:55:11.034  2134  4542 D PackageManager: setEnabledSetting : userId = 0 packageName = com.samsung.android.scs cmp = androidx.work.impl.background.systemjob.SystemJobService newState = 1 callingPackage = com.samsung.android.scs
09-21 01:55:11.036 29347 29371 I [SCLIB_2.4.13]ClientProvider: call: version: 2.4.13, method: prepare, arg: SBROWSER_OPENTAB
09-21 01:55:11.036 29882 29939 I SemDesktopModeManager: registerListener: k0.b@4f8f6b5
09-21 01:55:11.036  2134  4542 D ApplicationPolicy: getApplicationStateEnabled : pkg = com.samsung.android.scs userId : 0
09-21 01:55:11.036  2134  4542 D ApplicationPolicy: getApplicationComponentState : pkg = com.samsung.android.scs userId : 0
09-21 01:55:11.036 29347 29371 I [SCLIB_2.4.13]ClientProvider: register
09-21 01:55:11.036 29882 29939 I SCS@AiSearch user 0: (KeyboardManager) KeyboardManager is created
09-21 01:55:11.037  2134  3137 I libprocessgroup: Removed cgroup /sys/fs/cgroup/uid_10703/pid_27099
09-21 01:55:11.037   917   951 E lowmemorykiller: process_mrelease 29448 failed: No such process
09-21 01:55:11.037   917   954 E lowmemorykiller: process_mrelease 31072 failed: No such process
09-21 01:55:11.039 29882 29939 I SCS@AiSearch user 0: (HintsWorker) init collect hints and schedule periodic job isImmediate = false
09-21 01:55:11.042 29630 29930 I [SC]EdpSyncPolicy5411: getContentPolicy: media,phzej3S76k,0
09-21 01:55:11.042 29630 29930 I [SC]SyncProvision: provisioning of Gallery is done
09-21 01:55:11.042 29630 29705 I [SC]SyncInitialization: execute provision for internal items, elapsed time: 98
09-21 01:55:11.043 29630 29705 I [SC]SyncInitialization: initialize
09-21 01:55:11.050  2134  6815 I ActivityManager: Process com.sec.android.app.volumemonitorprovider (pid 29448) has died: cch+35 CEM (18,975)
09-21 01:55:11.051 29630 29964 I [SC][SyncSchedulePolicyChecker]: needUpdatePolicy():lastUpdateTime = 1758391687068, ret = false
09-21 01:55:11.051 29630 29964 I [SC]SyncSchedulePolicyManager: getPolicy: false
09-21 01:55:11.051 29630 29964 I [SC][SyncScheduleLogger]: [SyncPolicyLoaded] [policyEvent=None] [authority=] [isTransferred=false] [policyData=QuickAccess=CloudLocal,QuickAccess2=CloudLocal,Calendar=CloudLocal,PassBrowser=CloudLocal,UnknownContents=App,Contacts=CloudLocal,UnknownContents=App,UnknownContents=App,Wifi=CloudLocal,Clothes=App,SavedPages2=App,History=App,Avatar=App,OpenTab=App,PassAddress=App,PassNote=App,Bookmark=CloudLocal,PassKey=CloudLocal,Bluetooth=CloudLocal] 
09-21 01:55:11.051 29882 29939 I SCS@AiSearch user 0: (UsageScoreIndexingWorker) scheduleFeedbackScoring result:androidx.work.impl.utils.futures.SettableFuture@55e476d[status=PENDING] mills:3889000
09-21 01:55:11.051 29882 29939 I SCS@AiSearch user 0: (JobServiceLoggingWorker) scheduleJobServiceLogging
09-21 01:55:11.051 29882 29939 I SCS@AiSearch user 0: (BnlpUserDictionaryWorker) BnlpUserDictionaryWorker: Result:: androidx.work.impl.utils.futures.SettableFuture@e35cfa2[status=PENDING]
09-21 01:55:11.051  2134  2883 D DisplayManagerService: Drop pending events for gone uid 10138
09-21 01:55:11.052 29882 29939 I SCS@AiSearch user 0: (DownloadWorker) scheduleDownloadWorker isLocaleChanged=false, lang=en
09-21 01:55:11.053  2134  3137 I libprocessgroup: Removed cgroup /sys/fs/cgroup/uid_10138/pid_29448
09-21 01:55:11.054 29818 29818 I SmpLog  : [SMP] init. D:false O:DEVICE_BASED S:false M:false P:FCM_PRIMARY_MODE A:a
09-21 01:55:11.057  1571  1571 I Zygote  : Process 29448 exited due to signal 9 (Killed)
09-21 01:55:11.058 29347 29371 I [SCLIB_2.4.13]ClientProvider: register - xml6 quick_backup : SBROWSERSETTING, kw8vqQFzo3, com.sec.android.app.sbrowser.backup.SettingsCloudBackupRestoreImp
09-21 01:55:11.060 29818 29965 I SmpLog  : [SMP] Test mode: false, v:3.3.12.0, com.samsung.android.samsungpass
09-21 01:55:11.061 29818 29818 I [AUTHFW][PSDK]PassOperation: initialize
09-21 01:55:11.061 29818 29818 I [AUTHFW][PSDK]PassServiceConnection: bindService
09-21 01:55:11.063 29818 29966 I [PASS][CMN]WalletUtil: getWalletMigrated : false
09-21 01:55:11.063 29818 29966 I [PASS][CMN]SamsungAnalyticsLog: initializeSamsungAnalytics
09-21 01:55:11.063 29818 29966 I [PASS][CMN]WalletUtil: getWalletMigrated : false
09-21 01:55:11.063  2134  4078 D CompatChangeReporter: Compat change id reported: 151861875; UID 5278; state: ENABLED
09-21 01:55:11.063 29818 29966 I SamsungAnalytics605079: Tracker start:6.05.079
09-21 01:55:11.063  2134  4078 V GrammaticalInflectionUtils: AttributionSource: AttributionSource { uid = 5278, packageName = null, attributionTag = null, token = android.os.Binder@ee1a2e1, deviceId = 0, next = null } does not have READ_SYSTEM_GRAMMATICAL_GENDER permission.
09-21 01:55:11.063 29818 29966 I DIAGMON_SDK[605079]: DiagMonAgent type: 2
09-21 01:55:11.064 29818 29966 I DIAGMON_SDK[605079][p595fm8rxk] : generated SR object
09-21 01:55:11.066 29818 29966 I [PASS][SPASS]SPassApplication: AndroidThreeTen initialized
09-21 01:55:11.067  2134  4078 D CompatChangeReporter: Compat change id reported: 319471980; UID 10118; state: ENABLED
09-21 01:55:11.068 29818 29818 I [PASS][SPASS]FrameworkUtils: isInitialized : true
09-21 01:55:11.068 29818 29818 I [PASS][SPASS]PassFramework: ISU
09-21 01:55:11.068 29818 29818 I [PASS][SPASS]FrameworkUtils: isSignedUp - true
09-21 01:55:11.068 29818 29818 I [PASS][CMN]WalletUtil: getWalletMigrated : false
09-21 01:55:11.068 29818 29818 I [PASS][SPASS]ServicePolicyManager: isDigitalKeyBlocked : false 35 / SM-S916B
09-21 01:55:11.068 29818 29818 I [PASS][SPASS]SamsungAccountHelper: SamsungAccountHelper creator !!
09-21 01:55:11.068 29818 29818 I [PASS][CMN]DeviceFeature: isJDMDevice : 0
09-21 01:55:11.072 29818 29965 I SmpLog  : [SMP] ptype:fcm, token:...q_GWp (163), D:false, O:DEVICE_BASED, S:true, M:false, P:FCM_PRIMARY_MODE
09-21 01:55:11.072  1298  1298 W keymint_tee: [WRN]begin req PARAMS: A32, BM2, PD64, 
09-21 01:55:11.073 29818 29965 I SmpLog  : [SMP] SEND BR : smp init success
09-21 01:55:11.073  1298  1298 D keymint_swd: keymint_swd keymint [WRN] (km_add_tag:528) skip: non repetable tag already exists with different value: 268435458
09-21 01:55:11.073  1298  1298 D keymint_swd: keymint_swd keymint [WRN] (swd_run_cb:263) swd_begin() returns 0
09-21 01:55:11.073  1298  1298 D android.hardware.security.keymint-service: begin: ret 0
09-21 01:55:11.074  1288  1321 I keystore2: system/security/keystore2/src/security_level.rs:454 - In create_operation. Success to create IKeystoreOperation. 10118, None
09-21 01:55:11.075  1298  1298 D keymint_swd: keymint_swd keymint [WRN] (swd_run_cb:263) swd_update() returns 0
09-21 01:55:11.075  1298  1298 D android.hardware.security.keymint-service: update: ret 0
09-21 01:55:11.076  1298  1298 D keymint_swd: keymint_swd keymint [WRN] (swd_run_cb:263) swd_finish() returns 0
09-21 01:55:11.076  1298  1298 D android.hardware.security.keymint-service: finish: ret 0
09-21 01:55:11.078  1571  1571 D Zygote  : Forked child process 29971
09-21 01:55:11.078  2134  2900 I ActivityManager: Start proc 29971:com.samsung.android.authfw/5278 for service {com.samsung.android.authfw/com.samsung.android.authfw.pass.PassService}
09-21 01:55:11.078  1073  1073 D io_stats: !@   8,0 r 69496440 1314828588 w 24561978 337460132 d 2686758 477315972 f 564313 1906342 iot 30010052 0 th 0 0 0 pt 0 inp 0 1 312323.729
09-21 01:55:11.079  1073  1073 D io_stats: !@ Read_top(KB): earchbox:search(29595) 62928 .android.scloud(29630) 46544 ch_zygote(29818) 25072
09-21 01:55:11.079  1073  1073 D io_stats: !@ Write_top(KB): kworker/u16:5(6442) 1124 system_server(2134) 792 f2fs_ckpt-254:5(1339) 420
09-21 01:55:11.080 29818 29818 I [PASS][SPASS]SamsungAccountHelper: Getting SA CC runtime: ID
09-21 01:55:11.081 29818 29818 I [PASS][CMN]DeviceFeature: isJDMDevice : 0
09-21 01:55:11.082  1298  1298 W keymint_tee: [WRN]begin req PARAMS: A32, BM2, PD64, 
09-21 01:55:11.084  1298  1298 D keymint_swd: keymint_swd keymint [WRN] (km_add_tag:528) skip: non repetable tag already exists with different value: 268435458
09-21 01:55:11.084  1298  1298 D keymint_swd: keymint_swd keymint [WRN] (swd_run_cb:263) swd_begin() returns 0
09-21 01:55:11.084  1298  1298 D android.hardware.security.keymint-service: begin: ret 0
09-21 01:55:11.084  1288  1321 I keystore2: system/security/keystore2/src/security_level.rs:454 - In create_operation. Success to create IKeystoreOperation. 10118, None
09-21 01:55:11.085  1298  1298 D keymint_swd: keymint_swd keymint [WRN] (swd_run_cb:263) swd_update() returns 0
09-21 01:55:11.085  1298  1298 D android.hardware.security.keymint-service: update: ret 0
09-21 01:55:11.085  1298  1298 D keymint_swd: keymint_swd keymint [WRN] (swd_run_cb:263) swd_finish() returns 0
09-21 01:55:11.085  1298  1298 D android.hardware.security.keymint-service: finish: ret 0
09-21 01:55:11.086 29818 29818 I [PASS][SPASS]ServicePolicyManager: isUpdatable : policy updated 18 hours ago. 1758327609226
09-21 01:55:11.086 29818 29818 I [PASS][SPASS]ServicePolicyManager: updateServicePolicy : SACountryCode(ID-), modelName(SM-S916B), salesCode(XID), appVersion(5.2.03.4), isUpdatable(false)
09-21 01:55:11.086 29818 29818 I [PASS][CMN]DeviceFeature: isJDMDevice : 0
09-21 01:55:11.087  1298  1298 W keymint_tee: [WRN]begin req PARAMS: A32, BM2, PD64, 
09-21 01:55:11.088  1298  1298 D keymint_swd: keymint_swd keymint [WRN] (km_add_tag:528) skip: non repetable tag already exists with different value: 268435458
09-21 01:55:11.088  1298  1298 D keymint_swd: keymint_swd keymint [WRN] (swd_run_cb:263) swd_begin() returns 0
09-21 01:55:11.088  1298  1298 D android.hardware.security.keymint-service: begin: ret 0
09-21 01:55:11.089  1288  1321 I keystore2: system/security/keystore2/src/security_level.rs:454 - In create_operation. Success to create IKeystoreOperation. 10118, None
09-21 01:55:11.089  1298  1298 D keymint_swd: keymint_swd keymint [WRN] (swd_run_cb:263) swd_update() returns 0
09-21 01:55:11.089  1298  1298 D android.hardware.security.keymint-service: update: ret 0
09-21 01:55:11.090  1298  1298 D keymint_swd: keymint_swd keymint [WRN] (swd_run_cb:263) swd_finish() returns 0
09-21 01:55:11.090  1298  1298 D android.hardware.security.keymint-service: finish: ret 0
09-21 01:55:11.090 29818 29818 I [PASS][SPASS]ServicePolicyManager: isUpdatable : policy updated 18 hours ago. 1758327609226
09-21 01:55:11.090 29818 29818 I [PASS][SPASS]SPassApplication: updateServicePolicy false
09-21 01:55:11.091 29818 29818 W [PASS][CMN]PackageUtil: Can not find package [com.samsung.android.spaymini]
09-21 01:55:11.096 29818 29818 I [PASS][SPASS]SmpEventReceiver: onReceive com.samsung.android.sdk.smp.smpInitResult
09-21 01:55:11.096 29818 29818 I [PASS][SPASS]SmpEventReceiver: smp init success
09-21 01:55:11.099 29971 29971 I .android.authfw: Using CollectorTypeCMC GC.
09-21 01:55:11.101 29971 29971 E .android.authfw: Not starting debugger since process cannot load the jdwp agent.
09-21 01:55:11.105 29630 29808 I [SC][SamsungCloudCommonSync]: name: com.samsung.scsp.internal.data, version : 1.2.0000, isAccountRequiredFeature = true, isDrsSupported = false, platformConfigurationRequire = false
09-21 01:55:11.105 29630 29808 I KMX|DeviceInfoManagementImpl: KmxSdk v2.0.13-release
09-21 01:55:11.105 29630 29808 I KMX|DeviceInfoManagementImpl: [getE2EEDeviceType] : 1
09-21 01:55:11.105 29630 29808 I DeviceInfoManagementImpl: VC :110182000
09-21 01:55:11.105 29630 29808 I KMX|DeviceInfoManagementImpl: [getSAKUid] : bApzt9YClo6a6myj80BOr3IWSXnGpOLQAqsVLkhDK0I=
09-21 01:55:11.105 29630 29808 I KMX|DeviceInfoManagementImpl: KmxSdk v2.0.13-release
09-21 01:55:11.105 29630 29808 I KMX|DeviceInfoManagementImpl: [getE2EEDeviceType] : 1
09-21 01:55:11.105 29630 29808 I [SC][DeviceUtil]: One UI version : 7.0.0
09-21 01:55:11.105 29630 29808 I [SC][UserRegistration]: register
09-21 01:55:11.105 29630 29808 I [SC][UserRegistration]: Already user registered.
09-21 01:55:11.105 29630 29808 I [SC][UserToken]: Get token
09-21 01:55:11.105 29630 29808 I [SC][UserToken]: UserToken is valid
09-21 01:55:11.110 29818 29970 I SamsungAnalytics605079: register setting status
09-21 01:55:11.110 23037 23958 D HWUI    : CacheManager::trimMemory(40)
09-21 01:55:11.111 29630 29808 I [SC][DeviceUtil]: getSimMcc
09-21 01:55:11.111 29630 29808 I [SC][DeviceUtil]: getSimMnc
09-21 01:55:11.112 29630 29808 I [SC][SamsungCloudCommonSync]: public com.samsung.scsp.internal.data.api.DataApiControlImpl()
09-21 01:55:11.113 29630 29808 I [SC]ServerApiFactory: serverApi: false,false,false
09-21 01:55:11.113 29630 29808 I [SC]CloudSyncTelemetry-SAMSUNGPASS_V2_PASSKEY: onStartSync
09-21 01:55:11.122 20471 20650 I HBD     : KeyboardSettingsProvider isAliveIme : true 
09-21 01:55:11.128 20471 20471 I HBD     : g isCoverDisplay : true, cached selected json info : SelectedLanguageInfo(languageVersion=4.1, currentLanguageOrder=0, selectedLanguageList=[SelectedLanguage(id=2293760, isUsed=true, engName=Indonesian, inputType=qwerty, activeOptionList=[auto_replace, auto_spacing], bilingualId=-1, isUsedBilingual=false)]) 
09-21 01:55:11.129 29252 29252 I GA_Volley: RestApiResponse Success::checkUpdateCycle(2307) 2118483d9000 0
09-21 01:55:11.129 29252 29252 I [SAUI]  : Got interval : 7200 min
09-21 01:55:11.129 29252 29252 I [SAUI]  : AutoUpdateTriggerManager:REQUEST:setInterval:432000000
09-21 01:55:11.129 29252 29252 I [SAUI]  : AutoUpdateTriggerManager:REQUEST:notifyTimedOutAndWriteUpdateCheckedTime
09-21 01:55:11.129 29252 29252 I [SAUI]  : UpdateNotificationService::onUpdateTime
09-21 01:55:11.130 29252 29252 I [SAUI]  : UpdateNotificationService::onUpdateTime
09-21 01:55:11.134 29252 29252 I [SAUI]  : UpdateNotificationService::onRequestUpdateCheck
09-21 01:55:11.135 29630 29808 I [SC][SyncScheduleLogger]: [ContentStarted] [syncType=Others] [authority=com.samsung.android.samsungpass.scloud] [content=PassKey] 
09-21 01:55:11.135 29882 29963 I SCS@AiSearch user 0: (KeyboardManager) Update keyboard locale:id
09-21 01:55:11.135 29882 29963 I SCS@AiSearch user 0: (KeyboardManager) Update keyboard locale:en_US
09-21 01:55:11.135 29882 29963 I SCS@AiSearch user 0: (KeyboardManager) Update keyboard locale:ko
09-21 01:55:11.136 20471 20650 I HBD     : KeyboardSettingsProvider isAliveIme : true 
09-21 01:55:11.136 20471 20650 I HBD     : w current view type :  0
09-21 01:55:11.141  2134  4078 W ParceledListSlice: Element #32 is 19808 bytes.
09-21 01:55:11.145 29818 29940 I [SCLIB_2.4.9]ClientProvider: call: version: 2.4.9, method: prepare, arg: SAMSUNGPASS_V2_PASSKEY
09-21 01:55:11.146 29818 29940 I [SCLIB_2.4.9]ClientProvider: register
09-21 01:55:11.154 29882 29963 I SCS@AiSearch user 0: (KeyboardManager) updateKeyboardViewType(), currentViewType=NORMAL
09-21 01:55:11.154 29882 29963 I SCS@AiSearch user 0: (KeyboardManager) Keyboard current state:  mIsSamsungKeyboardEnabled= true mIsKeysCafeEnabled= false isMainScreen= true isHwKeyboardConnected= false currentViewType= NORMAL mMainLangWithInputType= {en_US=EN_QWERTY} mCoverLangWithInputType= {} mInputLocales= [id, ko, en_US]
09-21 01:55:11.163 29630 29849 I [SC][OkHttpNetworkImpl]: call is removed.
09-21 01:55:11.167 29971 29971 I [AUTHFW][PASS]AuthFwApp:  onCreate
09-21 01:55:11.172 29971 29971 I SamsungAnalytics605073: Tracker start:6.05.073
09-21 01:55:11.176 29971 29971 I [AUTHFW][PASS]PassService: onCreate()
09-21 01:55:11.177 29630 29671 E [SC][ONE_DRIVE_QUOTA]: [154685369][https://api.samsungcloud.com/odi/v1/quota][8679cff5-d396-37f5-910f-9ad9ce66fa28] {"rcode":121001,"rmsg":"Account re-linking required"}
09-21 01:55:11.178 29630 29671 I [SC][OkHttpNetworkImpl]: call is removed.
09-21 01:55:11.178 29971 29971 E [AUTHFW][TZ]TzAppFactory: the chipName is not added in chipList!
09-21 01:55:11.178 29971 29971 I [AUTHFW][TZ]TzAppFactory: flavor:sm8550
09-21 01:55:11.178 29971 29971 I [AUTHFW][TZ]TzAppAsset: AFD
09-21 01:55:11.178 29971 29971 I [AUTHFW][TZ]TzAppAsset: Found
09-21 01:55:11.178 29630 29671 E [SC][ExceptionHandler]: exception caught.
09-21 01:55:11.179 29971 29971 I [AUTHFW][TZ]TzAppFactory: use asset ta
09-21 01:55:11.179 29971 29971 I [AUTHFW][TZ]TzApp: Start using TzAppAsset as TzApp
09-21 01:55:11.180 29347 29371 I [SCLIB_2.4.13]ClientProvider: register - xml5 : sync, SBROWSER_OPENTAB, com.sec.android.app.sbrowser.sync.OpenTabSyncClientImpl
09-21 01:55:11.181 29971 29990 I SamsungAnalytics605073: register setting status
09-21 01:55:11.182 29818 29940 I [SCLIB_2.4.9]ClientProvider: register - xml5 : sync, SAMSUNGPASS_V2_SCLOUD, com.samsung.android.samsungpass.common.scloud.SCloudSyncImplScloud
09-21 01:55:11.182  2134  4078 W ParceledListSlice: Element #343 is 20324 bytes.
09-21 01:55:11.183 29971 29971 I [AUTHFW][PASS]PassService: onBind()
09-21 01:55:11.183 29971 29971 I [AUTHFW][PASS]PassService: onBind:PassOperation
09-21 01:55:11.185 29818 29818 I [AUTHFW][PSDK]PassServiceConnection: onServiceConnected
09-21 01:55:11.185 29818 29818 I [PASS][SPASS]SPassApplication: pass connected
09-21 01:55:11.193  2134  3193 D PowerManagerService: displayReady: false groupId=0
09-21 01:55:11.193  2134  3193 D DisplayPowerController2[0]: animateScreenStateChange: target=ON, mIsEnabled=true
09-21 01:55:11.193  2134  3193 D PowerManagerService: displayReady: true groupId=0
09-21 01:55:11.194  2134  4438 D PackageManager: setEnabledSetting : userId = 0 packageName = com.samsung.android.scs cmp = androidx.work.impl.background.systemalarm.RescheduleReceiver newState = 1 callingPackage = com.samsung.android.scs
09-21 01:55:11.195  2134  4438 D ApplicationPolicy: getApplicationStateEnabled : pkg = com.samsung.android.scs userId : 0
09-21 01:55:11.196  2134  4438 D ApplicationPolicy: getApplicationComponentState : pkg = com.samsung.android.scs userId : 0
09-21 01:55:11.203  2134  4438 D CompatChangeReporter: Compat change id reported: 311402873; UID 10109; state: ENABLED
09-21 01:55:11.203  2134  4438 D CompatChangeReporter: Compat change id reported: 323349338; UID 10109; state: ENABLED
09-21 01:55:11.203 29818 29940 I [SCLIB_2.4.9]ClientProvider: register - xml5 : sync, SAMSUNGPASS_V2_PASSKEY, com.samsung.android.samsungpass.common.scloud.SCloudSyncImplPasskey
09-21 01:55:11.207  2134  4438 W ParceledListSlice: Element #547 is 16860 bytes.
09-21 01:55:11.212  2134  4078 W ParceledListSlice: Element #592 is 16484 bytes.
09-21 01:55:11.218  2134  4438 D PackageManager: setEnabledSetting : userId = 0 packageName = com.samsung.android.scs cmp = androidx.work.impl.background.systemalarm.RescheduleReceiver newState = 1 callingPackage = com.samsung.android.scs
09-21 01:55:11.219  2134  4438 D ApplicationPolicy: getApplicationStateEnabled : pkg = com.samsung.android.scs userId : 0
09-21 01:55:11.219  2134  4438 D ApplicationPolicy: getApplicationComponentState : pkg = com.samsung.android.scs userId : 0
09-21 01:55:11.226  2134  4078 D PackageManager: setEnabledSetting : userId = 0 packageName = com.samsung.android.scs cmp = androidx.work.impl.background.systemalarm.RescheduleReceiver newState = 1 callingPackage = com.samsung.android.scs
09-21 01:55:11.227  2134  4078 D ApplicationPolicy: getApplicationStateEnabled : pkg = com.samsung.android.scs userId : 0
09-21 01:55:11.227  2134  4078 D ApplicationPolicy: getApplicationComponentState : pkg = com.samsung.android.scs userId : 0
09-21 01:55:11.230 29818 29940 I [SCLIB_2.4.9]ClientProvider: CLIENT_MAP {SAMSUNGPASS=pg.c@b02eeee, SAMSUNGPASS_V2_PASSKEY=fg.k@f206f8f, SAMSUNGPASS_V2_SCLOUD=fg.k@a67421c}
09-21 01:55:11.230 29818 29940 I [SCLIB_2.4.9]g: getServiceHandler {uploadComplete=fg.k$f@1c3de25, prepare=fg.k$a@3b30bfa, download=fg.k$d@e3e75ab, upload=fg.k$c@5b46408, getFileDescriptor=fg.k$i@a7937a1, finish=fg.k$h@c15edc6, getLocalChanges=fg.k$b@ecc187, downloadComplete=fg.k$g@d2fb8b4, delete=fg.k$e@6d0acdd}
09-21 01:55:11.230 29818 29940 I [SCLIB_2.4.9]k: [SAMSUNGPASS_V2_PASSKEY] Sync Prepare
09-21 01:55:11.230 29818 29940 I [PASS][SPASS]SCloudSyncImplPasskey: prepare type : Sync lastSyncTime : 1758311855944
09-21 01:55:11.230 29818 29940 I [PASS][SPASS]SCloudSyncManager: mDisablingSamsungCloudMenu = false
09-21 01:55:11.231 29630 29808 I [SC][Sync][Core][Sync]CollectChangesWithoutPaging: [SAMSUNGPASS_V2_PASSKEY] lastSyncTime: 1758311855944
09-21 01:55:11.235 29630 29808 I [SC][UserToken]: Get token
09-21 01:55:11.235 29630 29808 I [SC][UserToken]: UserToken is valid
09-21 01:55:11.236 29630 29808 I [SC][OkHttpNetworkImpl]: [LIST][164084397][https://api.samsungcloud.com/data/v2/com.samsung.spass.passkey?table_ver=1&select=record_id,modified_time&meta=true&include_deleted_items=true&changed_after=1758311855944&coldStartable=true&include_own_changes=false&limit=100&][8679cff5-d396-37f5-910f-9ad9ce66fa28]
09-21 01:55:11.236 29630 29808 I [SC][OkHttpNetworkImpl]: call is added.
09-21 01:55:11.244 29882 29991 I WM-WorkerWrapper: Worker result SUCCESS for Work [ id=6366fb24-06b2-414b-b6af-0632efbd6eaf, tags={ com.samsung.android.scs.ai.search.data.collector.base.RetryWorker, retryWork } ]
09-21 01:55:11.246 29347 29371 I [SCLIB_2.4.13]ClientProvider: register - xml5 : sync, SBROWSER_BOOKMARK, com.sec.android.app.sbrowser.sync.BookmarkSyncClientImpl
09-21 01:55:11.263  2134  4078 D CompatChangeReporter: Compat change id reported: 311208629; UID 10109; state: ENABLED
09-21 01:55:11.270 29882 29882 I SCS@AiSearch user 0: (SearchProvider) onTrimMemory(): 40
09-21 01:55:11.281  2134  4078 I AppWidgetServiceImpl: getInstalledProvidersForProfiles() 
09-21 01:55:11.281  2134  4078 I AppWidgetServiceImpl: getInstalledProvidersForProfiles lock in
09-21 01:55:11.283  2134  4078 I AppWidgetServiceImpl: getInstalledProvidersForProfiles lock exit
09-21 01:55:11.292  2134  4928 D InputMethodManagerService: onClientRemoved
09-21 01:55:11.299 29347 29371 E [SCLIB_2.4.13]SCLOUD_ERR-ClientProvider: sync interfaceName is incorrect, ISCloudSyncClient java.lang.NullPointerException: Attempt to invoke virtual method 'void y3.a.a(android.content.Context, android.content.res.XmlResourceParser)' on a null object reference
09-21 01:55:11.299 29347 29371 E [SCLIB_2.4.13]SCLOUD_ERR-ClientProvider: 	at com.samsung.android.scloud.oem.lib.ClientProvider.a(Unknown Source:502)
09-21 01:55:11.299 29347 29371 E [SCLIB_2.4.13]SCLOUD_ERR-ClientProvider: 	at com.samsung.android.scloud.oem.lib.ClientProvider.call(Unknown Source:42)
09-21 01:55:11.299 29347 29371 E [SCLIB_2.4.13]SCLOUD_ERR-ClientProvider: 	at android.content.ContentProvider.call(ContentProvider.java:2744)
09-21 01:55:11.299 29347 29371 E [SCLIB_2.4.13]SCLOUD_ERR-ClientProvider: 	at android.content.ContentProvider$Transport.call(ContentProvider.java:637)
09-21 01:55:11.299 29347 29371 E [SCLIB_2.4.13]SCLOUD_ERR-ClientProvider: 	at android.content.ContentProviderNative.onTransact(ContentProviderNative.java:307)
09-21 01:55:11.299 29347 29371 E [SCLIB_2.4.13]SCLOUD_ERR-ClientProvider: 	at android.os.Binder.execTransactInternal(Binder.java:1536)
09-21 01:55:11.299 29347 29371 E [SCLIB_2.4.13]SCLOUD_ERR-ClientProvider: 	at android.os.Binder.execTransact(Binder.java:1480)
09-21 01:55:11.299 29347 29371 I [SCLIB_2.4.13]ClientProvider: register - xml5 : sync, SBROWSER_SAVEDPAGES2, com.sec.android.app.sbrowser.sync.SavedPageRecordDataSyncClientImpl
