09-21 01:55:11.304 29347 29371 I [SCLIB_2.4.13]ClientProvider: register - xml5 : sync, SBROWSER_QUICKACCESS2, com.sec.android.app.sbrowser.sync.QuickAccessRecordDataSyncClientImpl
09-21 01:55:11.305 29347 29371 I [SCLIB_2.4.13]ClientProvider: register - xml5 : sync, SBROWSER_HISTORY, com.sec.android.app.sbrowser.sync.HistorySyncClientImpl
09-21 01:55:11.305 29347 29371 I [SCLIB_2.4.13]ClientProvider: CLIENT_MAP {SBROWSER_OPENTAB=x3.i@f319c36, SBROWSER_SAVEDPAGES2=x3.i@d7c2737, SBROWSER_BOOKMARK=x3.i@d59a4a4, SBROWSER_QUICKACCESS2=x3.i@a2d420d, SBROWSER_HISTORY=x3.i@27345c2, SBROWSERSETTING=E3.e@61ffd3, SBROWSER_QUICKACCESS=com.samsung.android.scloud.oem.lib.sync.record.RecordSyncManager@5de6710}
09-21 01:55:11.305 29347 29371 I [SCLIB_2.4.13]g: getServiceHandler {uploadComplete=x3.h@978f209, prepare=x3.h@e33fc0e, download=x3.b@3c2c62f, upload=x3.h@9aae43c, getFileDescriptor=A3.b@1b5a5c5, finish=x3.h@e37cb1a, getLocalChanges=x3.h@dbf964b, downloadComplete=x3.h@3600828, delete=x3.h@94fd941}
09-21 01:55:11.306 29347 29371 I [SCLIB_2.4.13]i: [SBROWSER_OPENTAB] Sync Prepare
09-21 01:55:11.306  2165  4084 I CameraService: unregisterMonitorUid uid: 10238 last ref, remove it
09-21 01:55:11.307  2134  3753 D ConnectivityService:  Removing from current network [1335 WIFI], leaving 270 requests.
09-21 01:55:11.307  2134  3753 D ConnectivityService:  Removing from current network [1335 WIFI], leaving 269 requests.
09-21 01:55:11.307  2134  3753 D ConnectivityService:  Removing from current network [1335 WIFI], leaving 268 requests.
09-21 01:55:11.311  2134  3753 D ConnectivityService:  Removing from current network [1335 WIFI], leaving 267 requests.
09-21 01:55:11.311 29347 29371 I SBrowserProvider: ===query=== 5009
09-21 01:55:11.312 29347 29371 I SBrowserProviderPermissionManager: initAllowedPackageSet first time
09-21 01:55:11.313  2134  3753 D ConnectivityService:  Removing from current network [1335 WIFI], leaving 265 requests.
09-21 01:55:11.313  2134  6984 I ActivityManager: Process com.google.android.gms (pid 31072) has died: cch+5 CEM (191,988)
09-21 01:55:11.313  2134  3137 I libprocessgroup: Removed cgroup /sys/fs/cgroup/uid_10238/pid_31072
09-21 01:55:11.316  1571  1571 I Zygote  : Process 31072 exited due to signal 9 (Killed)
09-21 01:55:11.319  2134  6984 E ProcessStats: Executing service ServiceState{cbc4c74 org.chromium.content.app.SandboxedProcessService0 pkg=com.google.android.webview proc=1491b72} without owner
09-21 01:55:11.323  2134  6984 E ProcessStats: Binding service ServiceState{cbc4c74 org.chromium.content.app.SandboxedProcessService0 pkg=com.google.android.webview proc=1491b72} without owner
09-21 01:55:11.323  2134  6984 E ProcessStats: Starting service ServiceState{cbc4c74 org.chromium.content.app.SandboxedProcessService0 pkg=com.google.android.webview proc=1491b72} without owner
09-21 01:55:11.323  2134  6984 E ProcessStats: Binding service ServiceState{cbc4c74 org.chromium.content.app.SandboxedProcessService0 pkg=com.google.android.webview proc=1491b72} without owner
09-21 01:55:11.325  2134  6984 W ActivityManager: Scheduling restart of crashed service com.google.android.gms/.measurement.service.MeasurementBrokerService in 30000ms for connection
09-21 01:55:11.328  2134  6984 I ActivityManager: Killing 8063:com.google.android.webview:sandboxed_process0:org.chromium.content.app.SandboxedProcessService0:0/u0a238i442 (adj 0): isolated not needed
09-21 01:55:11.347 29347 29371 I SBrowserProvider: ===query=== 5009
09-21 01:55:11.358 29347 29371 I OpenTabSyncClientImpl: prepare type : Sync lastSyncTime : 1758325935315
09-21 01:55:11.358 29347 29371 I SBrowserProvider: ===query=== 5009
09-21 01:55:11.359  2134  2883 D DisplayManagerService: Drop pending events for gone uid 99442
09-21 01:55:11.360  2134  3156 D BatteryExternalStatsWorker: update stats : remove-uid (1)
09-21 01:55:11.360  2134  3137 I libprocessgroup: Removed cgroup /sys/fs/cgroup/uid_99442/pid_8063
09-21 01:55:11.361  7705  7705 I Zygote  : Process 8063 exited cleanly (0)
09-21 01:55:11.364 29630 29811 I [SC][Sync][Core][Sync]CollectChangesWithoutPaging: [SBROWSER_OPENTAB] lastSyncTime: 1758325935315
09-21 01:55:11.370 29630 29811 I [SC][UserToken]: Get token
09-21 01:55:11.370 29630 29811 I [SC][UserToken]: UserToken is valid
09-21 01:55:11.372 29630 29811 I [SC][OkHttpNetworkImpl]: [QUERY_EVENT_IDS][54658962][https://api.samsungcloud.com/data/v3/kvs.sbrowsertabs/documents/events?idModifiedAtOnly=true&limit=100&lastCheckPoint=1758325935315][8679cff5-d396-37f5-910f-9ad9ce66fa28]
09-21 01:55:11.372 29630 29811 I [SC][OkHttpNetworkImpl]: call is added.
09-21 01:55:11.381  2134  3156 E system_server: updateValue is called with a value 893725, which is lower than the previous value 906718
09-21 01:55:11.382  2134  3156 D BatteryExternalStatsWorker: Update CPU state
09-21 01:55:11.382  2134  3156 D BatteryExternalStatsWorker: mStats lock released
09-21 01:55:11.382  2134  3156 D BatteryExternalStatsWorker: done updateExternalStatsLocked
09-21 01:55:11.385 29750 29825 W Turbo.ModelFactory: current model: 9
09-21 01:55:11.391  2134  6984 D PackageManager: setEnabledSetting : userId = 0 packageName = com.facebook.appmanager cmp = com.facebook.oxygen.appmanager.helium.trampoline.HeliumSandboxedService newState = 1 callingPackage = com.facebook.appmanager
09-21 01:55:11.392  2134  6984 D ApplicationPolicy: getApplicationStateEnabled : pkg = com.facebook.appmanager userId : 0
09-21 01:55:11.392  2134  6984 D ApplicationPolicy: getApplicationComponentState : pkg = com.facebook.appmanager userId : 0
09-21 01:55:11.394  2134  4207 D PackageManager: setEnabledSetting : userId = 0 packageName = com.facebook.appmanager cmp = com.facebook.oxygen.appmanager.helium.trampoline.HeliumSandboxedService0 newState = 1 callingPackage = com.facebook.appmanager
09-21 01:55:11.394  2134  3193 D PowerManagerService: displayReady: false groupId=0
09-21 01:55:11.394  2134  4207 D ApplicationPolicy: getApplicationStateEnabled : pkg = com.facebook.appmanager userId : 0
09-21 01:55:11.394  2134  3193 D DisplayPowerController2[0]: animateScreenStateChange: target=ON, mIsEnabled=true
09-21 01:55:11.394  2134  4207 D ApplicationPolicy: getApplicationComponentState : pkg = com.facebook.appmanager userId : 0
09-21 01:55:11.394  2134  3193 D PowerManagerService: displayReady: true groupId=0
09-21 01:55:11.407  2134  6984 D PackageManager: setEnabledSetting : userId = 0 packageName = com.facebook.appmanager cmp = com.facebook.oxygen.appmanager.helium.trampoline.HeliumSandboxedService1 newState = 1 callingPackage = com.facebook.appmanager
09-21 01:55:11.407  2134  6984 D ApplicationPolicy: getApplicationStateEnabled : pkg = com.facebook.appmanager userId : 0
09-21 01:55:11.407  2134  6984 D ApplicationPolicy: getApplicationComponentState : pkg = com.facebook.appmanager userId : 0
09-21 01:55:11.408  2134  3905 D NetdEventListenerService: DNS Requested by 1335, 10171(com.facebook.appmanager), SUCCESS, 29ms
09-21 01:55:11.412  2134  2491 I system_server: Background concurrent mark compact GC freed 64MB AllocSpace bytes, 178(4464KB) LOS objects, 22% free, 163MB/211MB, paused 2.754ms,8.250ms total 508.164ms
09-21 01:55:11.413  2134  2492 I BpBinder: onLastStrongRef automatically unlinking death recipients: 
09-21 01:55:11.417 29841 29920 D CompatChangeReporter: Compat change id reported: 311402873; UID 10171; state: ENABLED
09-21 01:55:11.418 29841 29920 D CompatChangeReporter: Compat change id reported: 323349338; UID 10171; state: ENABLED
09-21 01:55:11.418 29841 29920 W JobInfo : Job 'com.facebook.appmanager/com.facebook.oxygen.common.jobqueue.JobQueueService#5100' has a deadline with no functional constraints. The deadline won't improve job execution latency. Consider removing the deadline.
09-21 01:55:11.420  2134  4207 D CompatChangeReporter: Compat change id reported: 311402873; UID 10171; state: ENABLED
09-21 01:55:11.420  2134  4207 D CompatChangeReporter: Compat change id reported: 323349338; UID 10171; state: ENABLED
09-21 01:55:11.420  2134  4207 W JobInfo : Job 'com.facebook.appmanager/com.facebook.oxygen.common.jobqueue.JobQueueService#5100' has a deadline with no functional constraints. The deadline won't improve job execution latency. Consider removing the deadline.
09-21 01:55:11.424 29750 29825 D nativeloader: Load /product/priv-app/Turbo/Turbo.apk!/lib/arm64-v8a/libtensorflowlite_jni.so using class loader ns product-clns-7 (caller=/product/priv-app/Turbo/Turbo.apk): ok
09-21 01:55:11.424 29750 29825 I TensorFlowLite: Loaded native library: tensorflowlite_jni
09-21 01:55:11.429 29750 29825 D nativeloader: Load libtensorflowlite_jni_gms_client.so using class loader ns product-clns-7 (caller=/product/priv-app/Turbo/Turbo.apk): dlopen failed: library "libtensorflowlite_jni_gms_client.so" not found
09-21 01:55:11.429 29750 29825 I TensorFlowLite: Didn't load native library: tensorflowlite_jni_gms_client
09-21 01:55:11.443  2134  3845 I SemWifiServiceDetector: Service det. resumed: T / T / 19120
09-21 01:55:11.451  2134  6984 W JobInfo : Job 'com.facebook.appmanager/com.facebook.oxygen.common.jobqueue.JobQueueService#5100' has a deadline with no functional constraints. The deadline won't improve job execution latency. Consider removing the deadline.
09-21 01:55:11.457  2134  4207 W JobInfo : Job 'com.facebook.appmanager/com.facebook.oxygen.common.jobqueue.JobQueueService#5100' has a deadline with no functional constraints. The deadline won't improve job execution latency. Consider removing the deadline.
09-21 01:55:11.459  2134  6984 D CompatChangeReporter: Compat change id reported: 151861875; UID 10070; state: ENABLED
09-21 01:55:11.459  2134  6984 V GrammaticalInflectionUtils: AttributionSource: AttributionSource { uid = 10070, packageName = null, attributionTag = null, token = android.os.Binder@ee1a2e1, deviceId = 0, next = null } does not have READ_SYSTEM_GRAMMATICAL_GENDER permission.
09-21 01:55:11.473 29750 29825 I tflite  : Initialized TensorFlow Lite runtime.
09-21 01:55:11.474  1571  1571 D Zygote  : Forked child process 30019
09-21 01:55:11.475  2134  2900 I ActivityManager: Start proc 30019:com.facebook.system/u0a70 for content provider {com.facebook.system/com.facebook.oxygen.installer.api.AppManagerApiProvider}
09-21 01:55:11.476 29750 29825 W libc    : Access denied finding property "ro.mediatek.platform"
09-21 01:55:11.476 29750 29825 W libc    : Access denied finding property "ro.chipname"
09-21 01:55:11.494 30019 30019 I facebook.system: Using CollectorTypeCMC GC.
09-21 01:55:11.498 30019 30019 E facebook.system: Not starting debugger since process cannot load the jdwp agent.
09-21 01:55:11.501 30019 30019 D nativeloader: Load libframework-connectivity-tiramisu-jni.so using APEX ns com_android_tethering for caller /apex/com.android.tethering/javalib/framework-connectivity-t.jar: ok
09-21 01:55:11.504 30019 30019 D ActivityThread: setConscryptValidator
09-21 01:55:11.504 30019 30019 D ActivityThread: setConscryptValidator - put
09-21 01:55:11.510 29750 29825 W Turbo.DataInjectorUtils: shouldApplyDenyList() feature is disabled
09-21 01:55:11.512  2134  2898 W ActivityManager: Rescheduling restart of crashed service com.google.android.gms/.measurement.service.MeasurementBrokerService in 9812ms for mem-pressure-event
09-21 01:55:11.513 29595 29796 I eelt    : (REDACTED) Running synclets: %s
09-21 01:55:11.516  2134  4207 D CompatChangeReporter: Compat change id reported: 161145287; UID 10237; state: ENABLED
09-21 01:55:11.527 30019 30019 D nativeloader: Configuring clns-7 for other apk /data/app/~~4hjqIONIs-fXTbXYqjsVyg==/com.facebook.system-uryJleR5Q_ueNj2FZdFx4Q==/base.apk. target_sdk_version=35, uses_libraries=, library_path=/data/app/~~4hjqIONIs-fXTbXYqjsVyg==/com.facebook.system-uryJleR5Q_ueNj2FZdFx4Q==/lib/arm64, permitted_path=/data:/mnt/expand:/data/user/0/com.facebook.system
09-21 01:55:11.527 30019 30019 D CompatChangeReporter: Compat change id reported: 202956589; UID 10070; state: ENABLED
09-21 01:55:11.534 30019 30019 V GraphicsEnvironment: Currently set values for:
09-21 01:55:11.534 30019 30019 V GraphicsEnvironment:   angle_gl_driver_selection_pkgs=[]
09-21 01:55:11.534 30019 30019 V GraphicsEnvironment:   angle_gl_driver_selection_values=[]
09-21 01:55:11.534 30019 30019 V GraphicsEnvironment: Global.Settings values are invalid: number of packages: 0, number of values: 0
09-21 01:55:11.539 29595 29854 I eelt    : (REDACTED) Starting synclet: %s
09-21 01:55:11.553  2134  6984 D CompatChangeReporter: Compat change id reported: 262645982; UID 10703; state: ENABLED
09-21 01:55:11.554  2134  6984 D CompatChangeReporter: Compat change id reported: 218533173; UID 10701; state: ENABLED
09-21 01:55:11.554  2134  6984 D CompatChangeReporter: Compat change id reported: 226439802; UID 10701; state: ENABLED
09-21 01:55:11.556 29750 29825 W Turbo.AppStandbyBucketManager: Successfully pushed app buckets to the platform using model 9
09-21 01:55:11.557  1571  1571 D Zygote  : Forked child process 30035
09-21 01:55:11.557  2134  2900 I ActivityManager: Start proc 30035:com.google.android.gms/u0a238 for service {com.google.android.gms/com.google.android.gms.chimera.GmsBoundBrokerService}
09-21 01:55:11.563  2134  6815 D PackageManager: setEnabledSetting : userId = 0 packageName = com.facebook.appmanager cmp = com.facebook.oxygen.appmanager.nekodirect.NekoDirectProvider newState = 1 callingPackage = com.facebook.appmanager
09-21 01:55:11.564  2134  6815 D ApplicationPolicy: getApplicationStateEnabled : pkg = com.facebook.appmanager userId : 0
09-21 01:55:11.565  2134  6815 D ApplicationPolicy: getApplicationComponentState : pkg = com.facebook.appmanager userId : 0
09-21 01:55:11.569  2134 18039 I AfterimageCompensationService: AfcThread mLuminance : 52 , AfpcPeriodCount : 272 , rotation : 0 , AOD : false
09-21 01:55:11.572  1793  1864 D RenderEngine: [SEC_SF_EFFECTS] drawLayersInternal,1299, Rendering layer  at index 0
09-21 01:55:11.572  1793  1864 D RenderEngine: [SEC_SF_EFFECTS] drawLayersInternal,1299, Rendering layer host.exp.exponent/host.exp.exponent.experience.ExperienceActivity$_29086#106956 at index 1
09-21 01:55:11.572  1793  1864 D RenderEngine: [SEC_SF_EFFECTS] drawLayersInternal,1299, Rendering layer $_20392#54934 at index 2
09-21 01:55:11.572  1793  1864 D RenderEngine: [SEC_SF_EFFECTS] drawLayersInternal,1299, Rendering layer StatusBar$_3994#95 at index 3
09-21 01:55:11.572  1793  1864 D RenderEngine: [SEC_SF_EFFECTS] drawLayersInternal,1299, Rendering layer com.sec.android.app.launcher/com.samsung.app.honeyspace.edge.edgepanel.app.CocktailBarService$_4538#106936 at index 4
09-21 01:55:11.572  1793  1864 D RenderEngine: [SEC_SF_EFFECTS] drawLayersInternal,1299, Rendering layer NavigationBar0$_3994#91 at index 5
09-21 01:55:11.573 30035 30035 I gle.android.gms: Using CollectorTypeCMC GC.
09-21 01:55:11.576 30035 30035 E gle.android.gms: Not starting debugger since process cannot load the jdwp agent.
09-21 01:55:11.578  2134  6815 D PackageManager: setEnabledSetting : userId = 0 packageName = com.facebook.appmanager cmp = com.facebook.oxygen.appmanager.installapi.OxInstallApiProvider newState = 1 callingPackage = com.facebook.appmanager
09-21 01:55:11.578  2134  6815 D ApplicationPolicy: getApplicationStateEnabled : pkg = com.facebook.appmanager userId : 0
09-21 01:55:11.579  2134  6815 D ApplicationPolicy: getApplicationComponentState : pkg = com.facebook.appmanager userId : 0
09-21 01:55:11.580 30035 30035 D nativeloader: Load libframework-connectivity-tiramisu-jni.so using APEX ns com_android_tethering for caller /apex/com.android.tethering/javalib/framework-connectivity-t.jar: ok
09-21 01:55:11.580  2134 18039 D system_server: mAFPC_Read - w = 1080, h = 2340, s = 8, f = 4, s_size = 10183680, luminance = 52, count = 272, captureOrientation = 0
09-21 01:55:11.582  2134  6398 D PackageManager: setEnabledSetting : userId = 0 packageName = com.facebook.appmanager cmp = com.facebook.oxygen.appmanager.experimentation.AppManagerExperimentProvider newState = 1 callingPackage = com.facebook.appmanager
09-21 01:55:11.582 30035 30035 D ActivityThread: setConscryptValidator
09-21 01:55:11.582 30035 30035 D ActivityThread: setConscryptValidator - put
09-21 01:55:11.582  2134  6398 D ApplicationPolicy: getApplicationStateEnabled : pkg = com.facebook.appmanager userId : 0
09-21 01:55:11.583  2134  6398 D ApplicationPolicy: getApplicationComponentState : pkg = com.facebook.appmanager userId : 0
09-21 01:55:11.593 30035 30035 D ApplicationLoaders: Returning zygote-cached class loader: /system/framework/org.apache.http.legacy.jar
09-21 01:55:11.594  2134  3193 D PowerManagerService: displayReady: false groupId=0
09-21 01:55:11.594  2134  3193 D DisplayPowerController2[0]: animateScreenStateChange: target=ON, mIsEnabled=true
09-21 01:55:11.594  2134  3193 D PowerManagerService: displayReady: true groupId=0
09-21 01:55:11.597 30035 30035 D nativeloader: Configuring clns-7 for other apk /system/framework/com.android.media.remotedisplay.jar. target_sdk_version=36, uses_libraries=ALL, library_path=/data/app/~~rqZ0K-cxt2nwQfBeSl83aA==/com.google.android.gms-J_kPUU1msRPdgCrblYxc3w==/lib/arm64:/data/app/~~rqZ0K-cxt2nwQfBeSl83aA==/com.google.android.gms-J_kPUU1msRPdgCrblYxc3w==/base.apk!/lib/arm64-v8a, permitted_path=/data:/mnt/expand:/data/user/0/com.google.android.gms
09-21 01:55:11.597 30035 30035 D nativeloader: Extending system_exposed_libraries: libhumantracking.arcsoft.so:libface_recognition.arcsoft.so:libpic_best.arcsoft.so:libPortraitDistortionCorrection.arcsoft.so:libPortraitDistortionCorrectionCali.arcsoft.so:libface_landmark.arcsoft.so:libFacialStickerEngine.arcsoft.so:libfrtracking_engine.arcsoft.so:libFaceRecognition.arcsoft.so:libveengine.arcsoft.so:lib_pet_detection.arcsoft.so:libae_bracket_hdr.arcsoft.so:libaiclearzoom_raw.arcsoft.so:libacz_hhdr.arcsoft.so:libhybrid_high_dynamic_range.arcsoft.so:libimage_enhancement.arcsoft.so:libsuperresolution_raw.arcsoft.so:libobjectcapture_jni.arcsoft.so:libobjectcapture.arcsoft.so:libFacialAttributeDetection.arcsoft.so:libaudiomirroring_jni.audiomirroring.samsung.so:libBeauty_v4.camera.samsung.so:libexifa.camera.samsung.so:libjpega.camera.samsung.so:libOpenCv.camera.samsung.so:libaifrcInterface.camera.samsung.so:libC2paDps.camera.samsung.so:libVideoClassifier.camera.samsung.so:libImageScreener.camera.samsung.so:libMyFilter.camera.samsung.so:libtflite2.myfilters.cam
09-21 01:55:11.599 30035 30035 D nativeloader: Configuring clns-8 for other apk /system/framework/com.android.location.provider.jar. target_sdk_version=36, uses_libraries=ALL, library_path=/data/app/~~rqZ0K-cxt2nwQfBeSl83aA==/com.google.android.gms-J_kPUU1msRPdgCrblYxc3w==/lib/arm64:/data/app/~~rqZ0K-cxt2nwQfBeSl83aA==/com.google.android.gms-J_kPUU1msRPdgCrblYxc3w==/base.apk!/lib/arm64-v8a, permitted_path=/data:/mnt/expand:/data/user/0/com.google.android.gms
09-21 01:55:11.599 30035 30035 D nativeloader: Extending system_exposed_libraries: libhumantracking.arcsoft.so:libface_recognition.arcsoft.so:libpic_best.arcsoft.so:libPortraitDistortionCorrection.arcsoft.so:libPortraitDistortionCorrectionCali.arcsoft.so:libface_landmark.arcsoft.so:libFacialStickerEngine.arcsoft.so:libfrtracking_engine.arcsoft.so:libFaceRecognition.arcsoft.so:libveengine.arcsoft.so:lib_pet_detection.arcsoft.so:libae_bracket_hdr.arcsoft.so:libaiclearzoom_raw.arcsoft.so:libacz_hhdr.arcsoft.so:libhybrid_high_dynamic_range.arcsoft.so:libimage_enhancement.arcsoft.so:libsuperresolution_raw.arcsoft.so:libobjectcapture_jni.arcsoft.so:libobjectcapture.arcsoft.so:libFacialAttributeDetection.arcsoft.so:libaudiomirroring_jni.audiomirroring.samsung.so:libBeauty_v4.camera.samsung.so:libexifa.camera.samsung.so:libjpega.camera.samsung.so:libOpenCv.camera.samsung.so:libaifrcInterface.camera.samsung.so:libC2paDps.camera.samsung.so:libVideoClassifier.camera.samsung.so:libImageScreener.camera.samsung.so:libMyFilter.camera.samsung.so:libtflite2.myfilters.cam
09-21 01:55:11.602 30035 30035 D nativeloader: Configuring clns-9 for other apk /system/system_ext/framework/org.carconnectivity.android.digitalkey.rangingintent.jar. target_sdk_version=36, uses_libraries=ALL, library_path=/data/app/~~rqZ0K-cxt2nwQfBeSl83aA==/com.google.android.gms-J_kPUU1msRPdgCrblYxc3w==/lib/arm64:/data/app/~~rqZ0K-cxt2nwQfBeSl83aA==/com.google.android.gms-J_kPUU1msRPdgCrblYxc3w==/base.apk!/lib/arm64-v8a, permitted_path=/data:/mnt/expand:/data/user/0/com.google.android.gms
09-21 01:55:11.602 30035 30035 D nativeloader: Extending system_exposed_libraries: libhumantracking.arcsoft.so:libface_recognition.arcsoft.so:libpic_best.arcsoft.so:libPortraitDistortionCorrection.arcsoft.so:libPortraitDistortionCorrectionCali.arcsoft.so:libface_landmark.arcsoft.so:libFacialStickerEngine.arcsoft.so:libfrtracking_engine.arcsoft.so:libFaceRecognition.arcsoft.so:libveengine.arcsoft.so:lib_pet_detection.arcsoft.so:libae_bracket_hdr.arcsoft.so:libaiclearzoom_raw.arcsoft.so:libacz_hhdr.arcsoft.so:libhybrid_high_dynamic_range.arcsoft.so:libimage_enhancement.arcsoft.so:libsuperresolution_raw.arcsoft.so:libobjectcapture_jni.arcsoft.so:libobjectcapture.arcsoft.so:libFacialAttributeDetection.arcsoft.so:libaudiomirroring_jni.audiomirroring.samsung.so:libBeauty_v4.camera.samsung.so:libexifa.camera.samsung.so:libjpega.camera.samsung.so:libOpenCv.camera.samsung.so:libaifrcInterface.camera.samsung.so:libC2paDps.camera.samsung.so:libVideoClassifier.camera.samsung.so:libImageScreener.camera.samsung.so:libMyFilter.camera.samsung.so:libtflite2.myfilters.cam
09-21 01:55:11.603 30035 30035 D nativeloader: Configuring clns-10 for other apk /system/system_ext/framework/org.carconnectivity.android.digitalkey.secureelement.jar. target_sdk_version=36, uses_libraries=ALL, library_path=/data/app/~~rqZ0K-cxt2nwQfBeSl83aA==/com.google.android.gms-J_kPUU1msRPdgCrblYxc3w==/lib/arm64:/data/app/~~rqZ0K-cxt2nwQfBeSl83aA==/com.google.android.gms-J_kPUU1msRPdgCrblYxc3w==/base.apk!/lib/arm64-v8a, permitted_path=/data:/mnt/expand:/data/user/0/com.google.android.gms
09-21 01:55:11.603 30035 30035 D nativeloader: Extending system_exposed_libraries: libhumantracking.arcsoft.so:libface_recognition.arcsoft.so:libpic_best.arcsoft.so:libPortraitDistortionCorrection.arcsoft.so:libPortraitDistortionCorrectionCali.arcsoft.so:libface_landmark.arcsoft.so:libFacialStickerEngine.arcsoft.so:libfrtracking_engine.arcsoft.so:libFaceRecognition.arcsoft.so:libveengine.arcsoft.so:lib_pet_detection.arcsoft.so:libae_bracket_hdr.arcsoft.so:libaiclearzoom_raw.arcsoft.so:libacz_hhdr.arcsoft.so:libhybrid_high_dynamic_range.arcsoft.so:libimage_enhancement.arcsoft.so:libsuperresolution_raw.arcsoft.so:libobjectcapture_jni.arcsoft.so:libobjectcapture.arcsoft.so:libFacialAttributeDetection.arcsoft.so:libaudiomirroring_jni.audiomirroring.samsung.so:libBeauty_v4.camera.samsung.so:libexifa.camera.samsung.so:libjpega.camera.samsung.so:libOpenCv.camera.samsung.so:libaifrcInterface.camera.samsung.so:libC2paDps.camera.samsung.so:libVideoClassifier.camera.samsung.so:libImageScreener.camera.samsung.so:libMyFilter.camera.samsung.so:libtflite2.myfilters.cam
09-21 01:55:11.604 30035 30035 D nativeloader: Configuring clns-11 for other apk /system_ext/framework/org.carconnectivity.android.digitalkey.timesync.jar. target_sdk_version=36, uses_libraries=ALL, library_path=/data/app/~~rqZ0K-cxt2nwQfBeSl83aA==/com.google.android.gms-J_kPUU1msRPdgCrblYxc3w==/lib/arm64:/data/app/~~rqZ0K-cxt2nwQfBeSl83aA==/com.google.android.gms-J_kPUU1msRPdgCrblYxc3w==/base.apk!/lib/arm64-v8a, permitted_path=/data:/mnt/expand:/data/user/0/com.google.android.gms
09-21 01:55:11.604 30035 30035 D nativeloader: Extending system_exposed_libraries: libhumantracking.arcsoft.so:libface_recognition.arcsoft.so:libpic_best.arcsoft.so:libPortraitDistortionCorrection.arcsoft.so:libPortraitDistortionCorrectionCali.arcsoft.so:libface_landmark.arcsoft.so:libFacialStickerEngine.arcsoft.so:libfrtracking_engine.arcsoft.so:libFaceRecognition.arcsoft.so:libveengine.arcsoft.so:lib_pet_detection.arcsoft.so:libae_bracket_hdr.arcsoft.so:libaiclearzoom_raw.arcsoft.so:libacz_hhdr.arcsoft.so:libhybrid_high_dynamic_range.arcsoft.so:libimage_enhancement.arcsoft.so:libsuperresolution_raw.arcsoft.so:libobjectcapture_jni.arcsoft.so:libobjectcapture.arcsoft.so:libFacialAttributeDetection.arcsoft.so:libaudiomirroring_jni.audiomirroring.samsung.so:libBeauty_v4.camera.samsung.so:libexifa.camera.samsung.so:libjpega.camera.samsung.so:libOpenCv.camera.samsung.so:libaifrcInterface.camera.samsung.so:libC2paDps.camera.samsung.so:libVideoClassifier.camera.samsung.so:libImageScreener.camera.samsung.so:libMyFilter.camera.samsung.so:libtflite2.myfilters.cam
09-21 01:55:11.605 30035 30035 D ApplicationLoaders: Returning zygote-cached class loader: /system_ext/framework/androidx.window.extensions.jar
09-21 01:55:11.605 30035 30035 D ApplicationLoaders: Returning zygote-cached class loader: /system_ext/framework/androidx.window.sidecar.jar
09-21 01:55:11.605 29630 29808 I [SC][OkHttpNetworkImpl]: call is removed.
09-21 01:55:11.605 29630 29808 I [SC][Sync][Core][Sync]CollectChangesWithoutPaging: [SAMSUNGPASS_V2_PASSKEY] server changes: 0
09-21 01:55:11.607 29818 29941 I [SCLIB_2.4.9]ClientProvider: call: version: 2.4.9, method: getLocalChanges, arg: SAMSUNGPASS_V2_PASSKEY
09-21 01:55:11.607 29818 29941 I [SCLIB_2.4.9]ClientProvider: CLIENT_MAP {SAMSUNGPASS=pg.c@b02eeee, SAMSUNGPASS_V2_PASSKEY=fg.k@f206f8f, SAMSUNGPASS_V2_SCLOUD=fg.k@a67421c}
09-21 01:55:11.607 29818 29941 I [SCLIB_2.4.9]g: getServiceHandler {uploadComplete=fg.k$f@1c3de25, prepare=fg.k$a@3b30bfa, download=fg.k$d@e3e75ab, upload=fg.k$c@5b46408, getFileDescriptor=fg.k$i@a7937a1, finish=fg.k$h@c15edc6, getLocalChanges=fg.k$b@ecc187, downloadComplete=fg.k$g@d2fb8b4, delete=fg.k$e@6d0acdd}
09-21 01:55:11.607 29818 29941 I [SCLIB_2.4.9]k: [SAMSUNGPASS_V2_PASSKEY] GET_LOCAL_CHANGES
09-21 01:55:11.618 29818 29941 I [PASS][SPASS]SCloudSyncImplPasskey: getHeader isColdStart: false length: 0
09-21 01:55:11.620 29630 29808 I [SC][Sync][Core][Sync]CollectChangesWithoutPaging: [SAMSUNGPASS_V2_PASSKEY] local changes: 0
09-21 01:55:11.620 29630 29808 I [SC][Sync][Core][Sync]ReconcileServerContents: [SAMSUNGPASS_V2_PASSKEY] reconcile
09-21 01:55:11.620 29630 29808 I [SC]CloudSyncTelemetry-SAMSUNGPASS_V2_PASSKEY: onStartDownload
09-21 01:55:11.620 29630 29808 I [SC][Sync][Core]DownloadContents: [SAMSUNGPASS_V2_PASSKEY] download from server: 0
09-21 01:55:11.620 29630 29808 I [SC]CloudSyncTelemetry-SAMSUNGPASS_V2_PASSKEY: onFinishDownload
09-21 01:55:11.620 29630 29808 I [SC]CloudSyncTelemetry-SAMSUNGPASS_V2_PASSKEY: onDownloadStatMeasured: 0,0,0,0
09-21 01:55:11.620 29630 29808 I [SC]CloudSyncTelemetry-SAMSUNGPASS_V2_PASSKEY: onEncryptionStatMeasured: 0,0,0,0,0,0
09-21 01:55:11.621 29630 29808 I [SC]CloudSyncTelemetry-SAMSUNGPASS_V2_PASSKEY: onDecryptionStatMeasured: 0,0,0,0,0,0
09-21 01:55:11.621 29630 29808 I [SC]CloudSyncTelemetry-SAMSUNGPASS_V2_PASSKEY: onUploadStatMeasured: 0,0,0,0,0,0
09-21 01:55:11.621 29630 29808 I [SC]CloudSyncTelemetry-SAMSUNGPASS_V2_PASSKEY: onDownloadStatMeasured: 0,0,0,0
09-21 01:55:11.621 29630 29808 I [SC][Sync][Core][Sync]ReconcileRemainingContents: [SAMSUNGPASS_V2_PASSKEY] reconcile
09-21 01:55:11.621 29630 29808 I [SC][Sync][Core]DeleteContents: [SAMSUNGPASS_V2_PASSKEY] deleteServerContents: 0
09-21 01:55:11.621 29630 29808 I [SC][Sync][Core]DeleteContents: [SAMSUNGPASS_V2_PASSKEY] deleteLocalContents: 0
09-21 01:55:11.621 29630 29808 I [SC]CloudSyncTelemetry-SAMSUNGPASS_V2_PASSKEY: onStartUpload
09-21 01:55:11.621 29630 29808 I [SC][Sync][Core]UploadContents: [SAMSUNGPASS_V2_PASSKEY] upload to server: 0
09-21 01:55:11.621 29630 29808 I [SC]CloudSyncTelemetry-SAMSUNGPASS_V2_PASSKEY: onFinishUpload
09-21 01:55:11.621 29630 29808 I [SC]CloudSyncTelemetry-SAMSUNGPASS_V2_PASSKEY: onDownloadStatMeasured: 0,0,0,0
09-21 01:55:11.621 29630 29808 I [SC]CloudSyncTelemetry-SAMSUNGPASS_V2_PASSKEY: onEncryptionStatMeasured: 0,0,0,0,0,0
09-21 01:55:11.621 29630 29808 I [SC]CloudSyncTelemetry-SAMSUNGPASS_V2_PASSKEY: onDecryptionStatMeasured: 0,0,0,0,0,0
09-21 01:55:11.621 29630 29808 I [SC]CloudSyncTelemetry-SAMSUNGPASS_V2_PASSKEY: onUploadStatMeasured: 0,0,0,0,0,0
09-21 01:55:11.621 29630 29808 I [SC]CloudSyncTelemetry-SAMSUNGPASS_V2_PASSKEY: onDownloadStatMeasured: 0,0,0,0
09-21 01:55:11.634 29630 29808 I [SC][Sync][Core]FinishOperation: [SAMSUNGPASS_V2_PASSKEY] finish: SUCCESS
09-21 01:55:11.634 29818 29941 I [SCLIB_2.4.9]ClientProvider: call: version: 2.4.9, method: finish, arg: SAMSUNGPASS_V2_PASSKEY
09-21 01:55:11.635 29818 29941 I [SCLIB_2.4.9]ClientProvider: CLIENT_MAP {SAMSUNGPASS=pg.c@b02eeee, SAMSUNGPASS_V2_PASSKEY=fg.k@f206f8f, SAMSUNGPASS_V2_SCLOUD=fg.k@a67421c}
09-21 01:55:11.635 29818 29941 I [SCLIB_2.4.9]g: getServiceHandler {uploadComplete=fg.k$f@1c3de25, prepare=fg.k$a@3b30bfa, download=fg.k$d@e3e75ab, upload=fg.k$c@5b46408, getFileDescriptor=fg.k$i@a7937a1, finish=fg.k$h@c15edc6, getLocalChanges=fg.k$b@ecc187, downloadComplete=fg.k$g@d2fb8b4, delete=fg.k$e@6d0acdd}
09-21 01:55:11.635 29818 29941 I [SCLIB_2.4.9]k: [SAMSUNGPASS_V2_PASSKEY] FINISH
09-21 01:55:11.635 29818 29941 I [PASS][SPASS]SCloudSyncImplPasskey: finish isSuccess : true type : sync lastSyncTime : 1758394511798
09-21 01:55:11.635 29818 29941 I [PASS][SPASS]SCloudSyncManager: resetRequestOnGoing table: passkey
09-21 01:55:11.639 29630 29808 I [SC]CloudSyncTelemetry-SAMSUNGPASS_V2_PASSKEY: onFinishSync: false
09-21 01:55:11.639 29630 29808 I [SC][SyncScheduleLogger]: [ContentFinished] [syncType=Others] [authority=com.samsung.android.samsungpass.scloud] [content=PassKey] [initial_sync=false] [upload_result=SUCCESS] [upload_record_cnt=0] [upload_record_size=0] [upload_file_cnt=0] [upload_file_size=0] [download_result=SUCCESS] [download_record_cnt=0] [download_record_size=0] [download_file_cnt=0] [download_file_size=0] 
09-21 01:55:11.639 29630 29808 I [SC][Sync]AbstractBaseSyncAdapter: [SAMSUNGPASS_V2_PASSKEY] performSync: finished: SUCCESS, nextTime: 1758394511798
09-21 01:55:11.641 30035 30035 D nativeloader: Configuring clns-12 for other apk /data/app/~~rqZ0K-cxt2nwQfBeSl83aA==/com.google.android.gms-J_kPUU1msRPdgCrblYxc3w==/base.apk. target_sdk_version=36, uses_libraries=, library_path=/data/app/~~rqZ0K-cxt2nwQfBeSl83aA==/com.google.android.gms-J_kPUU1msRPdgCrblYxc3w==/lib/arm64:/data/app/~~rqZ0K-cxt2nwQfBeSl83aA==/com.google.android.gms-J_kPUU1msRPdgCrblYxc3w==/base.apk!/lib/arm64-v8a, permitted_path=/data:/mnt/expand:/data/user/0/com.google.android.gms
09-21 01:55:11.650 30035 30035 V GraphicsEnvironment: Currently set values for:
09-21 01:55:11.650 30035 30035 V GraphicsEnvironment:   angle_gl_driver_selection_pkgs=[]
09-21 01:55:11.650 30035 30035 V GraphicsEnvironment:   angle_gl_driver_selection_values=[]
09-21 01:55:11.650 30035 30035 V GraphicsEnvironment: Global.Settings values are invalid: number of packages: 0, number of values: 0
09-21 01:55:11.650  2134  4077 I LocationAccessPolicy: checkLocationPermission - callingUid: 10171, callingPid: 29841, resultForFine: DENIED_HARD
09-21 01:55:11.652  2134  4077 I LocationAccessPolicy: checkLocationPermission - callingUid: 10171, callingPid: 29841, resultForCoarse: DENIED_HARD
09-21 01:55:11.652 29841 30011 W JobInfo : Job 'com.facebook.appmanager/com.facebook.oxygen.appmanager.update.core.UpdateService#5500' has a deadline with no functional constraints. The deadline won't improve job execution latency. Consider removing the deadline.
09-21 01:55:11.653 29630 29808 I [SC]SyncSettingManager: verifyContentSync: d4FjaEWIDx, true
09-21 01:55:11.654  2134  6815 W JobInfo : Job 'com.facebook.appmanager/com.facebook.oxygen.appmanager.update.core.UpdateService#5500' has a deadline with no functional constraints. The deadline won't improve job execution latency. Consider removing the deadline.
09-21 01:55:11.655 29750 29825 D CompatChangeReporter: Compat change id reported: 253665015; UID 10237; state: ENABLED
09-21 01:55:11.656  2134  6398 D CompatChangeReporter: Compat change id reported: 253665015; UID 10237; state: ENABLED
09-21 01:55:11.658  2134  6398 D PackageManager: setEnabledSetting : userId = 0 packageName = com.facebook.appmanager cmp = com.facebook.oxygen.appmanager.webinstall.WebInstallAppLinkActivityV2 newState = 1 callingPackage = com.facebook.appmanager
09-21 01:55:11.659  2134  6398 D ApplicationPolicy: getApplicationStateEnabled : pkg = com.facebook.appmanager userId : 0
09-21 01:55:11.659  2134  6398 D ApplicationPolicy: getApplicationComponentState : pkg = com.facebook.appmanager userId : 0
09-21 01:55:11.660 29630 30058 W System.err: java.lang.ExceptionInInitializerError
09-21 01:55:11.660 29630 30058 W System.err: 	at I.b.run(SourceFile:534)
09-21 01:55:11.660 29630 30058 W System.err: 	at com.samsung.scsp.error.FaultBarrier.run(SourceFile:2)
09-21 01:55:11.660 29630 30058 W System.err: 	at com.samsung.scsp.error.FaultBarrier.run(SourceFile:1)
09-21 01:55:11.660 29630 30058 W System.err: 	at com.samsung.android.scloud.common.permission.c.run(SourceFile:362)
09-21 01:55:11.660 29630 30058 W System.err: 	at java.lang.Thread.run(Thread.java:1119)
09-21 01:55:11.660 29630 30058 W System.err: Caused by: java.lang.RuntimeException: Cannot find implementation for com.samsung.android.scloud.sync.telemetry.SyncTelemetryRoomDatabase. SyncTelemetryRoomDatabase_Impl does not exist
09-21 01:55:11.660 29630 30058 W System.err: 	at androidx.room.Room.getGeneratedImplementation(SourceFile:209)
09-21 01:55:11.660 29630 30058 W System.err: 	at androidx.room.RoomDatabase$Builder.build(SourceFile:322)
09-21 01:55:11.660 29630 30058 W System.err: 	at e7.x.<clinit>(SourceFile:19)
09-21 01:55:11.660 29630 30058 W System.err: 	... 5 more
09-21 01:55:11.661 29630 29808 I [SC]SyncSettingManager: getEdpSyncService: EdpSyncVo{groupId='ei-zsobk69', serviceId='si-6vqcx5t', state='-1', devices='null'}
09-21 01:55:11.661 29630 29808 I [SC]E2EEStateChecker: e2ee state: NONE,false
09-21 01:55:11.661 29630 29808 I [SC][Sync]AbstractBaseSyncAdapter: [SAMSUNGPASS_V2_SCLOUD] performSync: started
09-21 01:55:11.661 29630 29808 I [SC][SamsungCloudCommonSync]: name: com.samsung.scsp.internal.data, version : 1.2.0000, isAccountRequiredFeature = true, isDrsSupported = false, platformConfigurationRequire = false
09-21 01:55:11.662 29630 29808 I KMX|DeviceInfoManagementImpl: KmxSdk v2.0.13-release
09-21 01:55:11.662 29630 29808 I KMX|DeviceInfoManagementImpl: [getE2EEDeviceType] : 1
09-21 01:55:11.662 29630 29808 I DeviceInfoManagementImpl: VC :110182000
09-21 01:55:11.662 29630 29808 I KMX|DeviceInfoManagementImpl: [getSAKUid] : bApzt9YClo6a6myj80BOr3IWSXnGpOLQAqsVLkhDK0I=
09-21 01:55:11.662 29630 29808 I KMX|DeviceInfoManagementImpl: KmxSdk v2.0.13-release
09-21 01:55:11.662 29630 29808 I KMX|DeviceInfoManagementImpl: [getE2EEDeviceType] : 1
09-21 01:55:11.662 29630 29808 I [SC][DeviceUtil]: One UI version : 7.0.0
09-21 01:55:11.662 29630 29808 I [SC][UserRegistration]: register
09-21 01:55:11.662 29630 29808 I [SC][UserRegistration]: Already user registered.
09-21 01:55:11.662 29630 29808 I [SC][UserToken]: Get token
09-21 01:55:11.662 29630 29808 I [SC][UserToken]: UserToken is valid
09-21 01:55:11.665  2134  4077 D PackageManager: setEnabledSetting : userId = 0 packageName = com.facebook.appmanager cmp = com.facebook.oxygen.appmanager.webinstall.WebInstallAppLinkActivityV2 newState = 1 callingPackage = com.facebook.appmanager
09-21 01:55:11.666  2134  4077 D ApplicationPolicy: getApplicationStateEnabled : pkg = com.facebook.appmanager userId : 0
09-21 01:55:11.666  2134  4077 D ApplicationPolicy: getApplicationComponentState : pkg = com.facebook.appmanager userId : 0
09-21 01:55:11.668 29595 29770 D nativeloader: Load libgeller_jni_lib_split.so using class loader ns clns-8 (caller=/data/app/~~zHnhlt8TFLKG7wapE1x9jA==/com.google.android.googlequicksearchbox-Du7VtoDnRGTIwsVdeQXQEA==/base.apk!classes2.dex): dlopen failed: library "libgeller_jni_lib_split.so" not found
09-21 01:55:11.670  2134  4077 D PackageManager: setEnabledSetting : userId = 0 packageName = com.facebook.appmanager cmp = com.facebook.oxygen.appmanager.webinstall.WebInstallAppLinkIgliteActivity newState = 2 callingPackage = com.facebook.appmanager
09-21 01:55:11.670 29630 29808 I [SC][DeviceUtil]: getSimMcc
09-21 01:55:11.670 29630 29808 I [SC][DeviceUtil]: getSimMnc
09-21 01:55:11.672 29630 29808 I [SC][SamsungCloudCommonSync]: public com.samsung.scsp.internal.data.api.DataApiControlImpl()
09-21 01:55:11.672  2134  4542 D PackageManager: setEnabledSetting : userId = 0 packageName = com.facebook.appmanager cmp = com.facebook.oxygen.appmanager.webinstall.WebInstallAppLinkWhatsAppActivity newState = 2 callingPackage = com.facebook.appmanager
09-21 01:55:11.673 29630 29808 I [SC]ServerApiFactory: serverApi: false,false,false
09-21 01:55:11.673 29630 29808 I [SC]CloudSyncTelemetry-SAMSUNGPASS_V2_SCLOUD: onStartSync
09-21 01:55:11.673 29630 29808 I [SC][SyncScheduleLogger]: [ContentStarted] [syncType=Others] [authority=com.samsung.android.samsungpass.scloud] [content=PassBrowser] 
09-21 01:55:11.674 29818 29941 I [SCLIB_2.4.9]ClientProvider: call: version: 2.4.9, method: prepare, arg: SAMSUNGPASS_V2_SCLOUD
09-21 01:55:11.674 29818 29941 I [SCLIB_2.4.9]ClientProvider: CLIENT_MAP {SAMSUNGPASS=pg.c@b02eeee, SAMSUNGPASS_V2_PASSKEY=fg.k@f206f8f, SAMSUNGPASS_V2_SCLOUD=fg.k@a67421c}
09-21 01:55:11.674 29818 29941 I [SCLIB_2.4.9]g: getServiceHandler {uploadComplete=fg.k$f@f69ac20, prepare=fg.k$a@33039d9, download=fg.k$d@3feef9e, upload=fg.k$c@2c25a7f, getFileDescriptor=fg.k$i@18d6a4c, finish=fg.k$h@2619a95, getLocalChanges=fg.k$b@4e667aa, downloadComplete=fg.k$g@12c1f9b, delete=fg.k$e@e4cdf38}
09-21 01:55:11.674 29818 29941 I [SCLIB_2.4.9]k: [SAMSUNGPASS_V2_SCLOUD] Sync Prepare
09-21 01:55:11.674 29818 29941 I [PASS][SPASS]SCloudSyncImplScloud: prepare type : Sync lastSyncTime : 1758311856398
09-21 01:55:11.675 29630 29808 I [SC][Sync][Core][Sync]CollectChangesWithoutPaging: [SAMSUNGPASS_V2_SCLOUD] lastSyncTime: 1758311856398
09-21 01:55:11.676 29630 29811 I [SC][OkHttpNetworkImpl]: call is removed.
09-21 01:55:11.677 29630 29811 I [SC][SamsungCloudE2EESync]: getDocumentEventIds - server response : {"updated":[],"deleted":[],"checkPoint":1758394511875,"hasNext":false}
09-21 01:55:11.677 29630 29811 I [SC][Sync][Core][Sync]CollectChangesWithoutPaging: [SBROWSER_OPENTAB] server changes: 0
09-21 01:55:11.678 29347 29371 I [SCLIB_2.4.13]ClientProvider: call: version: 2.4.13, method: getLocalChanges, arg: SBROWSER_OPENTAB
09-21 01:55:11.678 29347 29371 I [SCLIB_2.4.13]ClientProvider: CLIENT_MAP {SBROWSER_OPENTAB=x3.i@f319c36, SBROWSER_SAVEDPAGES2=x3.i@d7c2737, SBROWSER_BOOKMARK=x3.i@d59a4a4, SBROWSER_QUICKACCESS2=x3.i@a2d420d, SBROWSER_HISTORY=x3.i@27345c2, SBROWSERSETTING=E3.e@61ffd3, SBROWSER_QUICKACCESS=com.samsung.android.scloud.oem.lib.sync.record.RecordSyncManager@5de6710}
09-21 01:55:11.678 29347 29371 I [SCLIB_2.4.13]g: getServiceHandler {uploadComplete=x3.h@978f209, prepare=x3.h@e33fc0e, download=x3.b@3c2c62f, upload=x3.h@9aae43c, getFileDescriptor=A3.b@1b5a5c5, finish=x3.h@e37cb1a, getLocalChanges=x3.h@dbf964b, downloadComplete=x3.h@3600828, delete=x3.h@94fd941}
09-21 01:55:11.678 29347 29371 I [SCLIB_2.4.13]i: [SBROWSER_OPENTAB] GET_LOCAL_CHANGES
09-21 01:55:11.678  2134  2508 D PackageManager: setEnabledSetting : userId = 0 packageName = com.facebook.appmanager cmp = com.facebook.oxygen.appmanager.webinstall.WebInstallAppLinkFbliteActivity newState = 1 callingPackage = com.facebook.appmanager
09-21 01:55:11.678 29347 29371 I OpenTabSyncClientImpl: getHeader isColdStart : false, serverChangeIdList : null, maxCount : 0
09-21 01:55:11.679 29347 29371 I SBrowserProvider: ===query=== 5009
09-21 01:55:11.679  2134  2508 D ApplicationPolicy: getApplicationStateEnabled : pkg = com.facebook.appmanager userId : 0
09-21 01:55:11.679 29630 29808 I [SC][UserToken]: Get token
09-21 01:55:11.680 29630 29808 I [SC][UserToken]: UserToken is valid
09-21 01:55:11.680  2134  2508 D ApplicationPolicy: getApplicationComponentState : pkg = com.facebook.appmanager userId : 0
09-21 01:55:11.682 29630 29808 I [SC][OkHttpNetworkImpl]: [LIST][249213899][https://api.samsungcloud.com/data/v2/com.samsung.spass.sbrowser2?table_ver=1&select=record_id,modified_time&meta=true&include_deleted_items=true&changed_after=1758311856398&coldStartable=true&include_own_changes=false&limit=100&][8679cff5-d396-37f5-910f-9ad9ce66fa28]
09-21 01:55:11.682 29630 29808 I [SC][OkHttpNetworkImpl]: call is added.
09-21 01:55:11.686  2134  2508 D PackageManager: setEnabledSetting : userId = 0 packageName = com.facebook.appmanager cmp = com.facebook.oxygen.appmanager.webinstall.WebInstallAppLinkFB4AActivity newState = 1 callingPackage = com.facebook.appmanager
09-21 01:55:11.687  2134  2508 D ApplicationPolicy: getApplicationStateEnabled : pkg = com.facebook.appmanager userId : 0
09-21 01:55:11.687  2134  2508 D ApplicationPolicy: getApplicationComponentState : pkg = com.facebook.appmanager userId : 0
09-21 01:55:11.690 30035 30035 I GmsApplication: Using GservicesReaderQueryDelegate
09-21 01:55:11.692  2134  6398 D PackageManager: setEnabledSetting : userId = 0 packageName = com.facebook.appmanager cmp = com.facebook.oxygen.appmanager.webinstall.WebInstallAppLinkMetaAIActivity newState = 2 callingPackage = com.facebook.appmanager
09-21 01:55:11.693  2134  5246 D FreecessController: id.bmri.livin(10448) is important[31]
09-21 01:55:11.695  2134  4077 D PackageManager: setEnabledSetting : userId = 0 packageName = com.facebook.appmanager cmp = com.facebook.oxygen.appmanager.webinstall.WebInstallAppLinkInstagramActivity newState = 1 callingPackage = com.facebook.appmanager
09-21 01:55:11.695  2134  4077 D ApplicationPolicy: getApplicationStateEnabled : pkg = com.facebook.appmanager userId : 0
09-21 01:55:11.696  2134  4077 D ApplicationPolicy: getApplicationComponentState : pkg = com.facebook.appmanager userId : 0
09-21 01:55:11.697 30035 30035 W SQLiteCompatibilityWalFlags: Cannot read global setting sqlite_compatibility_wal_flags - Application state not available
09-21 01:55:11.697 29595 29770 D nativeloader: Load /data/app/~~zHnhlt8TFLKG7wapE1x9jA==/com.google.android.googlequicksearchbox-Du7VtoDnRGTIwsVdeQXQEA==/base.apk!/lib/arm64-v8a/libgeller_jni_lib.so using class loader ns clns-8 (caller=/data/app/~~zHnhlt8TFLKG7wapE1x9jA==/com.google.android.googlequicksearchbox-Du7VtoDnRGTIwsVdeQXQEA==/base.apk!classes2.dex): ok
09-21 01:55:11.698 29347 29371 I OpenTabSyncClientImpl: getHeader result size : 42
09-21 01:55:11.701  2134  4542 D PackageManager: setEnabledSetting : userId = 0 packageName = com.facebook.appmanager cmp = com.facebook.oxygen.appmanager.webinstall.WebInstallAppLinkThreadsActivity newState = 1 callingPackage = com.facebook.appmanager
09-21 01:55:11.702  2134  4542 D ApplicationPolicy: getApplicationStateEnabled : pkg = com.facebook.appmanager userId : 0
09-21 01:55:11.702  2134  4542 D ApplicationPolicy: getApplicationComponentState : pkg = com.facebook.appmanager userId : 0
09-21 01:55:11.706  2134  6815 D PackageManager: setEnabledSetting : userId = 0 packageName = com.facebook.appmanager cmp = com.facebook.oxygen.appmanager.webinstall.WebInstallAppLinkMessengerActivity newState = 1 callingPackage = com.facebook.appmanager
09-21 01:55:11.706  2134  6815 D ApplicationPolicy: getApplicationStateEnabled : pkg = com.facebook.appmanager userId : 0
09-21 01:55:11.708  2134  6815 D ApplicationPolicy: getApplicationComponentState : pkg = com.facebook.appmanager userId : 0
09-21 01:55:11.712 29630 29811 I [SC][Sync][Core][Sync]CollectChangesWithoutPaging: [SBROWSER_OPENTAB] local changes: 42
09-21 01:55:11.712 29630 29811 I [SC][Sync][Core][Sync]ReconcileServerContents: [SBROWSER_OPENTAB] reconcile
09-21 01:55:11.712 29630 29811 I [SC]CloudSyncTelemetry-SBROWSER_OPENTAB: onStartDownload
09-21 01:55:11.712 29630 29811 I [SC][Sync][Core]DownloadContents: [SBROWSER_OPENTAB] download from server: 0
09-21 01:55:11.712 29630 29811 I [SC]CloudSyncTelemetry-SBROWSER_OPENTAB: onFinishDownload
09-21 01:55:11.712 29630 29811 I [SC]CloudSyncTelemetry-SBROWSER_OPENTAB: onDownloadStatMeasured: 0,0,0,0
09-21 01:55:11.712 29630 29811 I [SC]CloudSyncTelemetry-SBROWSER_OPENTAB: onEncryptionStatMeasured: 0,0,0,0,0,0
09-21 01:55:11.712 29630 29811 I [SC]CloudSyncTelemetry-SBROWSER_OPENTAB: onDecryptionStatMeasured: 0,0,0,0,0,0
09-21 01:55:11.712 29630 29811 I [SC]CloudSyncTelemetry-SBROWSER_OPENTAB: onUploadStatMeasured: 0,0,0,0,0,0
09-21 01:55:11.712 29630 29811 I [SC]CloudSyncTelemetry-SBROWSER_OPENTAB: onDownloadStatMeasured: 0,0,0,0
09-21 01:55:11.712 29630 29811 I [SC][Sync][Core][Sync]ReconcileRemainingContents: [SBROWSER_OPENTAB] reconcile
09-21 01:55:11.712 29630 29811 I [SC][Sync][Core]DeleteContents: [SBROWSER_OPENTAB] deleteServerContents: 21
09-21 01:55:11.713 29630 29811 I [SC][UserToken]: Get token
09-21 01:55:11.713 29630 29811 I [SC][UserToken]: UserToken is valid
09-21 01:55:11.715  2134  4077 D PackageManager: setEnabledSetting : userId = 0 packageName = com.facebook.appmanager cmp = com.facebook.oxygen.appmanager.webinstall.WebInstallAppLinkIgliteLoggedOutActivity newState = 2 callingPackage = com.facebook.appmanager
09-21 01:55:11.715 29630 29811 I [SC][OkHttpNetworkImpl]: [DELETE_DOCUMENTS][100894292][https://api.samsungcloud.com/data/v3/kvs.sbrowsertabs/documents/delete][8679cff5-d396-37f5-910f-9ad9ce66fa28]
09-21 01:55:11.716  2134  4077 D PackageManager: setEnabledSetting : userId = 0 packageName = com.facebook.appmanager cmp = com.facebook.oxygen.appmanager.webinstall.WebInstallAppLinkWhatsAppLoggedOutActivity newState = 2 callingPackage = com.facebook.appmanager
09-21 01:55:11.717 29630 29811 I [SC][OkHttpNetworkImpl]: call is added.
09-21 01:55:11.719  2134  6398 D PackageManager: setEnabledSetting : userId = 0 packageName = com.facebook.appmanager cmp = com.facebook.oxygen.appmanager.webinstall.WebInstallAppLinkFbliteLoggedOutActivity newState = 1 callingPackage = com.facebook.appmanager
09-21 01:55:11.720  2134  6398 D ApplicationPolicy: getApplicationStateEnabled : pkg = com.facebook.appmanager userId : 0
09-21 01:55:11.720  2134  6398 D ApplicationPolicy: getApplicationComponentState : pkg = com.facebook.appmanager userId : 0
09-21 01:55:11.725  2134  6398 D PackageManager: setEnabledSetting : userId = 0 packageName = com.facebook.appmanager cmp = com.facebook.oxygen.appmanager.webinstall.WebInstallAppLinkFB4ALoggedOutActivity newState = 1 callingPackage = com.facebook.appmanager
09-21 01:55:11.725  2134  6398 D ApplicationPolicy: getApplicationStateEnabled : pkg = com.facebook.appmanager userId : 0
09-21 01:55:11.726  2134  6398 D ApplicationPolicy: getApplicationComponentState : pkg = com.facebook.appmanager userId : 0
09-21 01:55:11.728 29595 29727 I cnbd    : (REDACTED) Setting isLegacySQLite mode to %s.
09-21 01:55:11.729  2134  4077 D PackageManager: setEnabledSetting : userId = 0 packageName = com.facebook.appmanager cmp = com.facebook.oxygen.appmanager.webinstall.WebInstallAppLinkMetaAILoggedOutActivity newState = 2 callingPackage = com.facebook.appmanager
09-21 01:55:11.731  2134  4077 D PackageManager: setEnabledSetting : userId = 0 packageName = com.facebook.appmanager cmp = com.facebook.oxygen.appmanager.webinstall.WebInstallAppLinkInstagramLoggedOutActivity newState = 1 callingPackage = com.facebook.appmanager
09-21 01:55:11.732  2134  4077 D ApplicationPolicy: getApplicationStateEnabled : pkg = com.facebook.appmanager userId : 0
09-21 01:55:11.732  2134  4077 D ApplicationPolicy: getApplicationComponentState : pkg = com.facebook.appmanager userId : 0
09-21 01:55:11.737  2134  6815 D PackageManager: setEnabledSetting : userId = 0 packageName = com.facebook.appmanager cmp = com.facebook.oxygen.appmanager.webinstall.WebInstallAppLinkThreadsLoggedOutActivity newState = 1 callingPackage = com.facebook.appmanager
09-21 01:55:11.737  2134  6815 D ApplicationPolicy: getApplicationStateEnabled : pkg = com.facebook.appmanager userId : 0
09-21 01:55:11.737  2134  6815 D ApplicationPolicy: getApplicationComponentState : pkg = com.facebook.appmanager userId : 0
09-21 01:55:11.740 29595 29752 I cnbd    : (REDACTED) Setting isLegacySQLite mode to %s.
09-21 01:55:11.746  2134  4542 D PackageManager: setEnabledSetting : userId = 0 packageName = com.facebook.appmanager cmp = com.facebook.oxygen.appmanager.webinstall.WebInstallAppLinkMessengerLoggedOutActivity newState = 1 callingPackage = com.facebook.appmanager
09-21 01:55:11.746  2134  4542 D ApplicationPolicy: getApplicationStateEnabled : pkg = com.facebook.appmanager userId : 0
09-21 01:55:11.746  2134  4542 D ApplicationPolicy: getApplicationComponentState : pkg = com.facebook.appmanager userId : 0
09-21 01:55:11.750 29595 29727 I cnbd    : (REDACTED) Setting isLegacySQLite mode to %s.
09-21 01:55:11.751 30035 30035 W ProviderHelper: Unknown dynamite feature providerinstaller.dynamite
09-21 01:55:11.751 30035 30035 I DynamiteModule: Considering local module com.google.android.gms.providerinstaller.dynamite:1 and remote module com.google.android.gms.providerinstaller.dynamite:0
09-21 01:55:11.751 30035 30035 I DynamiteModule: Selected local version of com.google.android.gms.providerinstaller.dynamite
09-21 01:55:11.757  2134  4077 D PackageManager: setEnabledSetting : userId = 0 packageName = com.facebook.appmanager cmp = com.facebook.oxygen.appmanager.webinstall.WebInstallAppLinkIgliteRestrictedActivity newState = 2 callingPackage = com.facebook.appmanager
09-21 01:55:11.758  2134  4077 D PackageManager: setEnabledSetting : userId = 0 packageName = com.facebook.appmanager cmp = com.facebook.oxygen.appmanager.webinstall.WebInstallAppLinkWhatsAppRestrictedActivity newState = 2 callingPackage = com.facebook.appmanager
09-21 01:55:11.763 29595 29770 I cnbd    : (REDACTED) Setting isLegacySQLite mode to %s.
