09-21 01:55:10.686 29630 29671 I [SC][OkHttpNetworkImpl]: [ONE_DRIVE_QUOTA][154685369][https://api.samsungcloud.com/odi/v1/quota][8679cff5-d396-37f5-910f-9ad9ce66fa28]
09-21 01:55:10.686 29630 29671 I [SC][OkHttpNetworkImpl]: call is added.
09-21 01:55:10.686 29630 29705 I [SC]SyncSettingManager: getContentList: com.android.contacts
09-21 01:55:10.690 29630 29630 E [SC][Sync][Core]SyncSourceVo: [E] [SAMSUNGPASS] isValid: cid is null 
09-21 01:55:10.696 29630 29630 I [SC]BaseSyncUtil: com.sec.android.app.sbrowser isSupported: true, isEnabled: true
09-21 01:55:10.696 29630 29630 E [SC][Sync][Core]SyncSourceVo: [E] [SBROWSER_QUICKACCESS] isValid: cid is null 
09-21 01:55:10.696 29630 29630 E [SC][Sync][Core]SyncSourceVo: [E] [SBROWSER_SAVEDPAGES] isValid: cid is null 
09-21 01:55:10.696 29630 29630 I [SC]ModelRegister: register - meta read : app info = com.sec.android.app.sbrowser.SBrowserApplication, com.sec.android.app.sbrowser, com.sec.android.app.sbrowser, Bundle[{theming-meta=meta_87_2_sbrowser_beta, meta_87_1_sbrowser, scloud_setting_lib_provider_authority=com.sec.android.app.sbrowser.sync.setting.provider, sec.actions.intent.OPEN_URL=2132279298, com.samsung.android.sdk.smp.sdkvint=3031102, com.microsoft.crossdevice.browserContextService=com.samsung.android.mdx, org.chromium.content.browser.NUM_PRIVILEGED_SERVICES=3, com.samsung.android.sdk.bixby2.companionApp=true, org.chromium.content.browser.SMART_CLIP_PROVIDER=org.chromium.content_public.browser.SmartClipProvider, scloud_tables=kmjqYba23r:com.samsung.sbrowser.quickaccess:1, com.samsung.android.app.sdk.deepsky.versionName=0.0.2, scloud_sync_authority=com.sec.android.app.sbrowser, SUPPORT_BNR_FGS=true, SPDE.env.version=8.4.2/G35.1.16/1.1.21, scloud_support_sync=true, com.samsung.android.notification.blockable=true, com.samsung.android.bixby.capsuleId=viv.samsungInternetApp, com.samsung.android.resolver.ranking_priority=5000, com.samsung.android.samsungaccount.receive_minor_info=true, com.google.ar.core=optional, org.chromium.components.service_tab_launcher.SERVICE_TAB_LAUNCHER=com.sec.terrace.browser.TinServiceTabLauncher, scloud_contents_id=kmjqYba23r, android.content.APP_RESTRICTIONS=2132279301, org.chromium.content.browser.SANDBOXED_SERVICES_NAME=org.chromium.content.app.SandboxedProcessService, com.samsung.android.sdk.smp.sdkv=3.3.11.2, SPDE.build.signature=152986/169922982/highend-stable-global64-release/SBrowser-109502-1.0.75, com.samsung.android.samsungaccount.CLIENT_ID=4oe3617251, com.google.ar.core.min_apk_version=240220000, com.samsung.android.icon_container.has_icon_container=true, websignin_intelligentscan_support=true, backup_content_uri=content://com.sec.android.app.sbrowser.backup, com.samsung.android.sdk.spage.card.info=2132279310, android.supports_size_changes=true, org.chromium.content.browser.NUM_SANDBOXED_SERVICES=20, com.samsung.android.app.sdk.deepsky.objectcapture.versionName=7.0.16, sdp=enabled, org.chromium.content.browser.PRIVILEGED_SERVICES_NAME=org.chromium.content.app.PrivilegedProcessService, scloud_support_authority=com.sec.android.app.sbrowser.scloud.quickaccess.sync, com.samsung.android.dex.multiinstance.enable=true, scloud_data_authority=com.sec.android.app.sbrowser, com.sec.terrace.browser.MAIN_ACTIVITY=com.sec.android.app.sbrowser.SBrowserMainActivity, com.samsung.android.app.sdk.deepsky.textextraction.versionName=8.0.16, com.samsung.android.sdk.multiwindow.multiinstance.launchmode=singleTask, com.samsung.android.sdk.bixby2.version=1.1.3, enableClipBoardInWebView=true, com.sec.terrace.browser.CUSTOM_TAB_ACTIVITY=com.sec.android.app.sbrowser.custom_tab.CustomTabActivity, com.samsung.android.multiwindow.support.pair.shortcut=true, com.samsung.android.sdk.multiwindow.multiinstance.enable=true, scloud_lib_provider_authority=com.sec.android.app.sbrowser.scloud.sync, backup_name=2132279307, com.samsung.android.icon_container.feature_appicon=ADAPTIVEICON_SHADOW, com.samsung.android.sdk.multiwindow.enable=true, com.sec.terrace.browser.SETTINGS_AUTOFILL_CREDITCARD_EDITOR=com.sec.android.app.sbrowser.settings.autofill.AutofillCreditCardEditor, com.google.android.gms.version=12451000, support_smartswitch_d2d_delta=true, runtime.manifest.overlay=2132279395, com.samsung.android.smp.updated=true, com.sec.terrace.browser.SETTINGS_ACTIVITY=com.sec.android.app.sbrowser.settings.SettingsActivity, com.samsung.android.samsungaccount.b2b.CLIENT_ID=ssz581tyvg, com.samsung.android.support.executable=2132279337}]
09-21 01:55:10.697 29630 29630 I [SC]ModelRegister: register - name : SBROWSER_QUICKACCESS_content://com.sec.android.app.sbrowser.scloud.quickaccess.sync, dataVersion : 0
09-21 01:55:10.697 29630 29630 I [SC]ModelManager: found: com.samsung.android.scloud.syncadapter.note.model.SNote4
09-21 01:55:10.697 29630 29630 I [SC]ModelManager: found: com.samsung.android.scloud.syncadapter.memo.Memo
09-21 01:55:10.697 29630 29630 I [SC]ModelManager: found: com.samsung.android.scloud.syncadapter.memo.Category
09-21 01:55:10.697 29630 29630 I [SC]ModelRegister: register : Model - Name : SBROWSER_QUICKACCESS, ContentUri : content://com.sec.android.app.sbrowser.scloud.quickaccess.sync, Cid : kmjqYba23r
09-21 01:55:10.698 29665 29665 I FirebaseApp: Device unlocked: initializing all Firebase APIs for app [DEFAULT]
09-21 01:55:10.700 29630 29705 I [SC]SyncSettingManager: getContentList: com.samsung.bt.btservice.btsettingsprovider
09-21 01:55:10.700 29630 29630 I [SC]AutoBackupTriggerJobService: automatic backup trigger - onCreate
09-21 01:55:10.701 29595 29727 I cndm    : (REDACTED) Device Compliance Fetch time taken = %sms
09-21 01:55:10.701 29595 29727 I cndm    : Device is compliant!
09-21 01:55:10.702 29595 29727 I cndm    : Invoking "compliant" action...
09-21 01:55:10.703  2134  6917 D CompatChangeReporter: Compat change id reported: 151861875; UID 10118; state: ENABLED
09-21 01:55:10.703  2134  6917 V GrammaticalInflectionUtils: AttributionSource: AttributionSource { uid = 10118, packageName = null, attributionTag = null, token = android.os.Binder@ee1a2e1, deviceId = 0, next = null } does not have READ_SYSTEM_GRAMMATICAL_GENDER permission.
09-21 01:55:10.708 29630 29811 I [SC]CloudSyncAdapter: onPerformSync - authority: com.sec.android.app.sbrowser, extra: Bundle[{upload=true}]
09-21 01:55:10.710 29630 29705 I [SC]SyncSettingManager: getContentList: com.android.settings.wifiprofilesync
09-21 01:55:10.714 29630 29813 I [SC]MediaApi: cancelSync()
09-21 01:55:10.715  1571  1571 D Zygote  : Forked child process 29818
09-21 01:55:10.716  2134  2900 I ActivityManager: Start proc 29818:com.samsung.android.samsungpass/u0a118 for content provider {com.samsung.android.samsungpass/com.samsung.android.samsungpass.websignin.signindb.SCloudProvider}
09-21 01:55:10.717  2134  3905 D NetdEventListenerService: DNS Requested by 1335, 5009(com.samsung.android.scloud,...), SUCCESS, 29ms
09-21 01:55:10.718 29665 29665 I FirebaseInitProvider: FirebaseApp initialization successful
09-21 01:55:10.718  2134  6864 I BatteryService_BatteryPropertiesRegistrar: [getProperty]id:4
09-21 01:55:10.718  2134  6864 I BatteryService_BatteryPropertiesRegistrar: [getProperty]prop.long:-9223372036854775808 ,prop.string:null
09-21 01:55:10.719 29750 29750 W Turbo.TurboApplication: Going to the application!
09-21 01:55:10.720 29595 29770 D WM-Processor: mib: processing WorkGenerationalId(workSpecId=02acd9b4-377b-4d26-902d-58391050fa35, generation=42)
09-21 01:55:10.721 29630 29716 I [SC]CtbDeviceRepository: updateSiopLevel. siopLevel: 0
09-21 01:55:10.722 29630 29712 I [SC]AutoBackupController: isAllowed: notAfw: true, mum: true, enabled: true, menu visible : true
09-21 01:55:10.722 29630 29712 I [SC]AutoBackupController: automatic backup reg - isAutoBackupOn: true
09-21 01:55:10.722 29665 29665 E SEMS:Social_13.7.13: [GLog][main][GroupDBHelper] Instance null
09-21 01:55:10.722 29630 29712 W JobInfo : Job 'com.samsung.android.scloud/.bnr.ui.service.AutoBackupTriggerJobService#50001' has a deadline with no functional constraints. The deadline won't improve job execution latency. Consider removing the deadline.
09-21 01:55:10.723 29630 29813 I [SC]ExtendedMediaUploadManager: cancelSync
09-21 01:55:10.726  2134  6917 W JobInfo : Job 'com.samsung.android.scloud/.bnr.ui.service.AutoBackupTriggerJobService#50001' has a deadline with no functional constraints. The deadline won't improve job execution latency. Consider removing the deadline.
09-21 01:55:10.729 29595 29595 D WM-WorkerWrapper: Starting work for androidx.work.multiprocess.RemoteListenableDelegatingWorker
09-21 01:55:10.729 29630 29630 I [SC]AutoBackupTriggerJobService: auto backup trigger - onStopJob
09-21 01:55:10.729 29630 29712 I [SC]AutoBackupController: automatic backup reg - registerTriggerJob: Sun Sep 21 02:55:10 GMT+07:00 2025
09-21 01:55:10.729 29630 29712 I [SC]AutoBackupCondition: automatic backup default condition[1758394510729] : Bundle[{screenOff=false}] [Result: false]
09-21 01:55:10.729 29630 29712 W [SC]AutoBackupTriggerJobService: onStartJob[1758394510729] No start automatic backup, not satisfied
09-21 01:55:10.731 29665 29665 I SEMS:Social_13.7.13: [DataSyncLog][main][DataSyncProvider] onCreate
09-21 01:55:10.736 29595 29770 D WM-PackageManagerHelper: Skipping component enablement for androidx.work.impl.background.systemalarm.RescheduleReceiver
09-21 01:55:10.736 29595 29595 D WM-ListenableWorkerImpl: Binding to com.google.android.googlequicksearchbox, com.google.android.libraries.search.integrations.tiktok.RemoteWorkerService_search
09-21 01:55:10.739 29818 29818 I oid.samsungpass: Using CollectorTypeCMC GC.
09-21 01:55:10.741 29630 29705 I [SC]SyncSettingManager: getContentList: com.samsung.android.aremoji.cloud
09-21 01:55:10.741 29818 29818 E oid.samsungpass: Not starting debugger since process cannot load the jdwp agent.
09-21 01:55:10.743 29630 29811 I [SC]SamsungApiImpl: getThermistor. temp: 378
09-21 01:55:10.743  2134  6864 W JobScheduler: Job didn't exist in JobStore: 1bd22df #5009/50001 com.samsung.android.scloud/.bnr.ui.service.AutoBackupTriggerJobService
09-21 01:55:10.745  2134  6864 D CompatChangeReporter: Compat change id reported: 151861875; UID 10171; state: ENABLED
09-21 01:55:10.745  2134  6864 V GrammaticalInflectionUtils: AttributionSource: AttributionSource { uid = 10171, packageName = null, attributionTag = null, token = android.os.Binder@ee1a2e1, deviceId = 0, next = null } does not have READ_SYSTEM_GRAMMATICAL_GENDER permission.
09-21 01:55:10.747 29665 29665 I SEMS:LocalContact_13.0.02: [ContactLog][main][MobileServiceContactHash] registerDeviceApi
09-21 01:55:10.748 29630 29811 I [SC][SyncSchedulePolicyChecker]: getLastUpdateTime():time = 1758391687068
09-21 01:55:10.748 29630 29811 I [SC][SyncSchedulePolicyChecker]: loadActiveTierInfo():activeTierData = {"d8gjv0w9qx":"T3","P56GWW8N4r":"T3","wYJPhxEsaA":"T1","qzac7cSzXP":"T2"}
09-21 01:55:10.748 29630 29630 I [SC]AutoBackupTriggerJobService: auto backup trigger - onDestroy
09-21 01:55:10.748 29630 29811 I [SC][SyncSchedulePolicyChecker]: loadDelayTime():delayTimeData = null
09-21 01:55:10.748 29665 29665 I SEMS:LocalContact_13.0.02: [ContactLog][main][MobileServiceContactHash] registerDeviceApi complete
09-21 01:55:10.749 29630 29811 I [SC][SyncScheduleLogger]: [SyncStarted] [syncType=App] [authority=com.sec.android.app.sbrowser] [reqTime=-1] [startTime=1758394510708] [reqContents=] 
09-21 01:55:10.749 29630 29811 I [SC]SyncAdapter-SBrowser-Proxy: onPerformSync - started.
09-21 01:55:10.749 29630 29811 I [SC]SyncSettingManager: setSyncStatus: SyncStatusVo{authority='com.sec.android.app.sbrowser', state='START', errorCode='999'},false,false
09-21 01:55:10.750 29595 29595 I WM-RemoteWorkerService: Binding to RemoteWorkerService
09-21 01:55:10.751 29630 29811 I [SC]SyncSettingManager: getCategory: com.sec.android.app.sbrowser
09-21 01:55:10.755 29595 29595 D WM-ListenableWorkerImpl: Service connected
09-21 01:55:10.758  1298  1298 W keymint_tee: [WRN]begin req PARAMS: A32, BM2, PD64, 
09-21 01:55:10.759  1571  1571 D Zygote  : Forked child process 29841
09-21 01:55:10.759 29630 29705 I [SC]SyncSettingManager: getContentList: com.android.calendar
09-21 01:55:10.759  1298  1298 D keymint_swd: keymint_swd keymint [WRN] (km_add_tag:528) skip: non repetable tag already exists with different value: 268435458
09-21 01:55:10.759  1298  1298 D keymint_swd: keymint_swd keymint [WRN] (swd_run_cb:263) swd_begin() returns 0
09-21 01:55:10.759  1298  1298 D android.hardware.security.keymint-service: begin: ret 0
09-21 01:55:10.760  1288  1321 I keystore2: system/security/keystore2/src/security_level.rs:454 - In create_operation. Success to create IKeystoreOperation. 1000, None
09-21 01:55:10.760 29630 29837 I [SC]SyncSchedulePolicyManager: onSyncStarted: true
09-21 01:55:10.760 29630 29837 I [SC]SyncSchedulePolicyManager: getPolicy: false
09-21 01:55:10.760 29630 29837 I [SC][SyncSchedulePolicyChecker]: needUpdatePolicy():lastUpdateTime = 1758391687068, ret = false
09-21 01:55:10.760 29630 29837 I [SC]ConfigurationManager: fromString sync: scloud-sync-policy, mode = CACHE_ONLY, caller = com.samsung.android.scloud.sync.policy.SyncSchedulePolicyChecker.getConfiguration(SourceFile:4)
09-21 01:55:10.760 29630 29837 I [SC]ConfigurationManager: fromString async: scloud-sync-policy, mode = CACHE_ONLY, caller = d5.f.c(SourceFile:66)
09-21 01:55:10.762  1298  1298 D keymint_swd: keymint_swd keymint [WRN] (swd_run_cb:263) swd_update() returns 0
09-21 01:55:10.762  1298  1298 D android.hardware.security.keymint-service: update: ret 0
09-21 01:55:10.762 29595 29770 D WM-ListenableWorkerImpl: Executing work request (02acd9b4-377b-4d26-902d-58391050fa35, com.google.apps.tiktok.contrib.work.TikTokListenableWorker)
09-21 01:55:10.763 29630 29847 I [SC]ConfigurationLoader: load: scloud-sync-policy
09-21 01:55:10.763  2134  2900 I ActivityManager: Start proc 29841:com.facebook.appmanager/u0a171 for service {com.facebook.appmanager/com.facebook.analytics2.logger.legacy.uploader.LollipopUploadService}
09-21 01:55:10.763  1298  1298 D keymint_swd: keymint_swd keymint [WRN] (swd_run_cb:263) swd_finish() returns 0
09-21 01:55:10.763  1298  1298 D android.hardware.security.keymint-service: finish: ret 0
09-21 01:55:10.765 29630 29837 I [SC][SyncSchedulePolicyChecker]: getConfiguration():configuration = {
09-21 01:55:10.765 29630 29837 I [SC][SyncSchedulePolicyChecker]: 	"syncTierPolicy": 
09-21 01:55:10.765 29630 29837 I [SC][SyncSchedulePolicyChecker]: 		{
09-21 01:55:10.765 29630 29837 I [SC][SyncSchedulePolicyChecker]: 			"isOn": true
09-21 01:55:10.765 29630 29837 I [SC][SyncSchedulePolicyChecker]: 		}
09-21 01:55:10.765 29630 29837 I [SC][SyncSchedulePolicyChecker]: }
09-21 01:55:10.766 29630 29811 I [SC]SyncAuthority: com.sec.android.app.sbrowser has no permissions to grant
09-21 01:55:10.766 29630 29837 I [SC][SamsungCloudE2EESync]: name: com.samsung.scsp.framework.storage.data, version : 1.2.0010, isAccountRequiredFeature = true, isDrsSupported = false, platformConfigurationRequire = true
09-21 01:55:10.767 29630 29837 I KMX|DeviceInfoManagementImpl: KmxSdk v2.0.13-release
09-21 01:55:10.767 29630 29837 I KMX|DeviceInfoManagementImpl: [getE2EEDeviceType] : 1
09-21 01:55:10.767 29630 29837 I DeviceInfoManagementImpl: VC :110182000
09-21 01:55:10.767 29630 29837 I KMX|DeviceInfoManagementImpl: [getSAKUid] : bApzt9YClo6a6myj80BOr3IWSXnGpOLQAqsVLkhDK0I=
09-21 01:55:10.767 29630 29837 I KMX|DeviceInfoManagementImpl: KmxSdk v2.0.13-release
09-21 01:55:10.767 29630 29837 I KMX|DeviceInfoManagementImpl: [getE2EEDeviceType] : 1
09-21 01:55:10.767 29630 29837 I [SC][DeviceUtil]: One UI version : 7.0.0
09-21 01:55:10.767 29630 29837 I [SC][UserRegistration]: register
09-21 01:55:10.767 29630 29837 I [SC][UserRegistration]: Already user registered.
09-21 01:55:10.767 29630 29837 I [SC][UserToken]: Get token
09-21 01:55:10.767 29630 29837 I [SC][UserToken]: UserToken is valid
09-21 01:55:10.767 29630 29846 I [SC][Verification]: [ChinaPnCtcpiSupplier] isPrivacyNoticeAgreed: Not china account
09-21 01:55:10.767 29630 29846 I [SC][Verification]: [ChinaPnCtcpiSupplier] isPersonalInfoCollectionAgreed: Not china account
09-21 01:55:10.768 29665 29665 I SEMS:DataAdapter_13.7.13: [][main][ServerInterface] isEnforceStgServer:false
09-21 01:55:10.768 29595 29770 I etci    : (REDACTED) Scoped context discovery schemas: %s.
09-21 01:55:10.769 29630 29837 I [SC][DeviceUtil]: getSimMcc
09-21 01:55:10.769 29630 29837 I [SC][DeviceUtil]: getSimMnc
09-21 01:55:10.770 29630 29837 I [SC][SamsungCloudE2EESync]: public com.samsung.scsp.framework.storage.data.api.E2eeApiV3ControlImpl()
09-21 01:55:10.771 29630 29811 I [SC]SimplePolicyManager: getPolicy: policy found: Sync_System_Precondition / {"maxSIOPLevel":3}/SyncSystemPrecondition{maxSiopLevel=3}
09-21 01:55:10.771 29630 29811 I [SC]SimplePolicyManager: readPolicy: false
09-21 01:55:10.771 29630 29811 I [SC]ConfigurationManager: fromJson async: scloud_simplePolicy, mode = DEFAULT, caller = com.samsung.android.scloud.sync.policy.SimplePolicyManager.lambda$readPolicy$2(SourceFile:27)
09-21 01:55:10.771 29665 29665 I SEMS:AgentLog_13.7.13: [][main][MobileServiceApplication] onCreate
09-21 01:55:10.771 29630 29811 I [SC]ConfigurationManager: fromString async: scloud_simplePolicy, mode = DEFAULT, caller = d5.f.b(SourceFile:55)
09-21 01:55:10.772 29630 29811 I [SC]SyncPolicyManager: isSystemOverheated: SyncSystemPrecondition{maxSiopLevel=3}
09-21 01:55:10.772 29630 29837 I [SC][PlatformConfigurationImpl]: getPlatformConfiguration
09-21 01:55:10.773 29630 29705 I [SC]SyncSettingManager: getContentList: com.samsung.android.app.reminder
09-21 01:55:10.773 29630 29849 I [SC]ConfigurationLoader: load: scloud_simplePolicy
09-21 01:55:10.773 29665 29665 I DIAGMON_SDK[605079]: DiagMonAgent type: 2
09-21 01:55:10.773 29665 29665 I DIAGMON_SDK[605079][sebzp6l7wd] : generated SR object
09-21 01:55:10.775 29630 29849 I [SC]ConfigurationLoader: checkIfRequiredDownload: true, scloud_simplePolicy
09-21 01:55:10.775 29630 29849 I [SC]ConfigurationLoader: download: scloud_simplePolicy
09-21 01:55:10.776 29630 29849 I [SC][ScspConfiguration]: name: com.samsung.scsp.odm.dos, version : 1.2.0000, isAccountRequiredFeature = false, isDrsSupported = true, platformConfigurationRequire = false
09-21 01:55:10.776 29630 29849 I [SC][DeviceUtil]: One UI version : 7.0.0
09-21 01:55:10.776 29630 29849 I [SC][DeviceRegistration]: register
09-21 01:55:10.776 29630 29849 I [SC][DeviceRegistration]: Already device registered.
09-21 01:55:10.776 29630 29849 I [SC][DeviceToken]: Get token
09-21 01:55:10.776 29630 29849 I [SC][DeviceToken]: DeviceToken is valid
09-21 01:55:10.776 29630 29849 I [SC][DeviceUtil]: getSimMcc
09-21 01:55:10.776 29630 29849 I [SC][DeviceUtil]: getSimMnc
09-21 01:55:10.776 29665 29665 I SEMS:Common_13.7.13: [CommonLog][main][MobileServiceCommon] init
09-21 01:55:10.776 29665 29665 I SEMS:Common_13.7.13: [CommonLog][main][SALogger] Init SamsungAnalytics Start
09-21 01:55:10.776 29665 29665 I SamsungAnalytics605079: Tracker start:6.05.079
09-21 01:55:10.776 29665 29665 I SEMS:Common_13.7.13: [CommonLog][main][SALogger] Init SamsungAnalytics Completed
09-21 01:55:10.777 29665 29665 I SEMS:DataAdapter_13.7.13: [][main][MobileServiceDataAdapter] init
09-21 01:55:10.777 29630 29849 I [SC][ScspConfiguration]: private com.samsung.scsp.odm.dos.configuration.ScspConfiguration$ConfigurationApiControlImpl()
09-21 01:55:10.778 29630 29849 I [SC][DeviceToken]: Get token
09-21 01:55:10.778 29630 29849 I [SC][DeviceToken]: DeviceToken is valid
09-21 01:55:10.778 29665 29665 I SEMS:DataAdapter_13.7.13: [][main][ServerInterface] isEnforceStgServer:false
09-21 01:55:10.778 29665 29665 I SEMS:SupportedService_13.7.13: [][main][MobileServiceSupportedService] init
09-21 01:55:10.778 29665 29665 I SEMS:SupportedService_13.7.13: [][main][MobileServiceState] init
09-21 01:55:10.778 29665 29665 I SEMS:SupportedService_13.7.13: [][main][MobileServiceState] registerServiceState done
09-21 01:55:10.780 29630 29837 I [SC]SyncTierPolicyManager: policy state = Server
09-21 01:55:10.780 29630 29837 I [SC]SyncTierPolicyManager: policy entry
09-21 01:55:10.780 29630 29837 I [SC]SyncTierPolicyManager: ---------------------------------------
09-21 01:55:10.780 29630 29837 I [SC]SyncTierPolicyManager: content=QuickAccess, tier=T2
09-21 01:55:10.780 29630 29837 I [SC]SyncTierPolicyManager: content=QuickAccess2, tier=T2
09-21 01:55:10.780 29630 29837 I [SC]SyncTierPolicyManager: content=Calendar, tier=T2
09-21 01:55:10.780 29630 29837 I [SC]SyncTierPolicyManager: content=PassBrowser, tier=T2
09-21 01:55:10.780 29630 29837 I [SC]SyncTierPolicyManager: content=UnknownContents, tier=T3
09-21 01:55:10.780 29630 29837 I [SC]SyncTierPolicyManager: content=Contacts, tier=T2
09-21 01:55:10.780 29630 29837 I [SC]SyncTierPolicyManager: content=UnknownContents, tier=T3
09-21 01:55:10.780 29630 29837 I [SC]SyncTierPolicyManager: content=UnknownContents, tier=T3
09-21 01:55:10.780 29630 29837 I [SC]SyncTierPolicyManager: content=Wifi, tier=T1
09-21 01:55:10.780 29630 29837 I [SC]SyncTierPolicyManager: content=Clothes, tier=T3
09-21 01:55:10.780 29630 29837 I [SC]SyncTierPolicyManager: content=SavedPages2, tier=T3
09-21 01:55:10.780 29630 29837 I [SC]SyncTierPolicyManager: content=History, tier=T3
09-21 01:55:10.780 29630 29837 I [SC]SyncTierPolicyManager: content=Avatar, tier=T3
09-21 01:55:10.780 29630 29837 I [SC]SyncTierPolicyManager: content=OpenTab, tier=T3
09-21 01:55:10.780 29630 29837 I [SC]SyncTierPolicyManager: content=PassAddress, tier=T3
09-21 01:55:10.780 29630 29837 I [SC]SyncTierPolicyManager: content=PassNote, tier=T3
09-21 01:55:10.780  2134  6808 D CompatChangeReporter: Compat change id reported: 161145287; UID 10113; state: ENABLED
09-21 01:55:10.780 29630 29837 I [SC]SyncTierPolicyManager: content=Bookmark, tier=T2
09-21 01:55:10.780 29630 29837 I [SC]SyncTierPolicyManager: content=PassKey, tier=T2
09-21 01:55:10.780 29630 29837 I [SC]SyncTierPolicyManager: content=Bluetooth, tier=T1
09-21 01:55:10.780 29630 29837 I [SC]SyncTierPolicyManager: ---------------------------------------
09-21 01:55:10.780 29630 29837 I [SC]SyncSchedulePolicyManager: refreshPolicy: true
09-21 01:55:10.780 29665 29665 I SEMS:SupportedService_13.7.13: [][main][ServerDomainPolicy] updateServerDomain
09-21 01:55:10.780 29630 29837 I [SC]SyncSchedulePolicyManager: apply activeTierMap::cid =  qzac7cSzXP, tier = T2
09-21 01:55:10.780 29630 29837 I [SC]SyncSchedulePolicyManager: apply activeTierMap::cid =  d8gjv0w9qx, tier = T3
09-21 01:55:10.780 29630 29837 I [SC]SyncSchedulePolicyManager: apply activeTierMap::cid =  P56GWW8N4r, tier = T3
09-21 01:55:10.780 29630 29837 I [SC]SyncSchedulePolicyManager: apply activeTierMap::cid =  wYJPhxEsaA, tier = T1
09-21 01:55:10.781 29630 29837 I [SC]SyncSchedulePolicyManager: updatePolicy: true,true,SyncSchedulePolicy{policyState=Cached, contentLocalSchedulePolicyMap={SavedPages2=App, Bluetooth=CloudLocal, PassAddress=App, OpenTab=App, Calendar=CloudLocal, QuickAccess=CloudLocal, History=App, PassKey=CloudLocal, Avatar=App, PassNote=App, Contacts=CloudLocal, Bookmark=CloudLocal, QuickAccess2=CloudLocal, Clothes=App, UnknownContents=App, Wifi=CloudLocal, PassBrowser=CloudLocal}, authorityIntervalPolicyMap={com.android.contacts=Pair{0 1000}, com.samsung.android.samsungpass.scloud=Pair{0 1000}, com.samsung.android.aremoji.cloud=Pair{0 1000}, com.samsung.bt.btservice.btsettingsprovider=Pair{0 1000}, com.samsung.android.app.reminder=Pair{0 1000}, com.android.settings.wifiprofilesync=Pair{0 1000}, com.sec.android.app.sbrowser=Pair{0 1000}, com.android.calendar=Pair{0 1000}}}
09-21 01:55:10.781 29630 29837 I [SC]SyncSchedulePolicyManager: notifySyncSchedulePolicy: OnSyncStarted,com.sec.android.app.sbrowser,SyncSchedulePolicy{policyState=Cached, contentLocalSchedulePolicyMap={SavedPages2=App, Bluetooth=CloudLocal, PassAddress=App, OpenTab=App, Calendar=CloudLocal, QuickAccess=CloudLocal, History=App, PassKey=CloudLocal, Avatar=App, PassNote=App, Contacts=CloudLocal, Bookmark=CloudLocal, QuickAccess2=CloudLocal, Clothes=App, UnknownContents=App, Wifi=CloudLocal, PassBrowser=CloudLocal}, authorityIntervalPolicyMap={com.android.contacts=Pair{0 1000}, com.samsung.android.samsungpass.scloud=Pair{0 1000}, com.samsung.android.aremoji.cloud=Pair{0 1000}, com.samsung.bt.btservice.btsettingsprovider=Pair{0 1000}, com.samsung.android.app.reminder=Pair{0 1000}, com.android.settings.wifiprofilesync=Pair{0 1000}, com.sec.android.app.sbrowser=Pair{0 1000}, com.android.calendar=Pair{0 1000}}}
09-21 01:55:10.781 29665 29665 I SEMS:SupportedService_13.7.13: [][main][SettingPolicy] loadSetting
09-21 01:55:10.781 29630 29849 I [SC][OkHttpNetworkImpl]: [GET_CONFIGURATION][18931065][https://wu2z-api.samsungcloud.com/configuration/v2/configurations/scloud_simplePolicy][8679cff5-d396-37f5-910f-9ad9ce66fa28]
09-21 01:55:10.781 29630 29849 I [SC][OkHttpNetworkImpl]: call is added.
09-21 01:55:10.781 29665 29665 I SEMS:Registration_13.7.13: [AgreementLog][main][MobileServiceAgreement] init.
09-21 01:55:10.782 29630 29837 I [SC][DEPENDENCY][LIB][Internet][RPC]: notifySyncSchedulePolicy: Bundle[{policy_status_list=[1, 1, 0, 0, 0, 1], content_ids=[kmjqYba23r, qzac7cSzXP, Iba9EFx3Qc, d8gjv0w9qx, P56GWW8N4r, 4OuNBe4y9z], local_request_initial_interval=0, local_request_interval=1000}]
09-21 01:55:10.782 29665 29665 I SEMS:Registration_13.7.13: [AuthLog][main][ServiceNumber] init
09-21 01:55:10.783 29665 29665 I SEMS:Registration_13.7.13: [PushLog][main][SmpManager] Instance created
09-21 01:55:10.783 29665 29665 I SEMS:Registration_13.7.13: [PushLog][main][SmpManager] registerTokenCallback
09-21 01:55:10.783 29665 29665 I SEMS:Registration_13.7.13: [AuthLog][main][ServiceNumber] VERSION : 13.7.13.3
09-21 01:55:10.783 29665 29665 I SEMS:Registration_13.7.13: [AgreementLog][main][MobileServiceAgreement] lateInit
09-21 01:55:10.783 29665 29665 I SEMS:Registration_13.7.13: [AgreementLog][main][AgreementPao] getPreference : key = force_reagree_for_korea_model / defaultValue = true / ret = false
09-21 01:55:10.783 29665 29665 I SEMS:Registration_13.7.13: [ActivateLog][main][MobileServiceActivate] lateInit
09-21 01:55:10.784 29630 29811 I [SC]SyncSettingManager: setSyncStatus: SyncStatusVo{authority='com.sec.android.app.sbrowser', state='ACTIVE', errorCode='999'},false,false
09-21 01:55:10.784 29665 29665 I SEMS:Common_13.7.13: [CommonLog][main][LocalBroadcastUtil] register
09-21 01:55:10.784 29665 29665 I SEMS:Registration_13.7.13: [ActivateLog][main][SocialActivateAccountBasedImpl] In reactivation check time, don't request reactivation
09-21 01:55:10.784 29768 29768 I DQA     : [b]DB open success
09-21 01:55:10.785 29841 29841 I book.appmanager: Using CollectorTypeCMC GC.
09-21 01:55:10.789 29665 29853 I SEMS:SupportedService_13.7.13: [][RxCachedThreadScheduler-2][ServerDomainPolicy] updateServerInterface: SocialServerDomainAddress  empty server domain
09-21 01:55:10.789 29665 29853 I SEMS:DataAdapter_13.7.13: [][RxCachedThreadScheduler-2][NetworkManager] removeAllSsfClient
09-21 01:55:10.789 29665 29853 I SEMS:SupportedService_13.7.13: [][RxCachedThreadScheduler-2][ServerDomainPolicy] updateServerInterface: ConsentServerDomainAddress  empty server domain
09-21 01:55:10.789  1298  1298 W keymint_tee: [WRN]begin req PARAMS: A32, BM2, PD64, 
09-21 01:55:10.789 29665 29860 I SEMS:SupportedService_13.7.13: [][RxCachedThreadScheduler-4][SettingPolicy] updateSettingValues: {CalendarCleanDuplicateInterval=null}
09-21 01:55:10.789 29665 29860 I SEMS:SupportedService_13.7.13: [][RxCachedThreadScheduler-4][SettingPolicy] updateSettingValues: Setting {CalendarCleanDuplicateInterval=null}
09-21 01:55:10.789 29665 29860 I SEMS:SupportedService_13.7.13: [][RxCachedThreadScheduler-4][MobileServiceSupportedService] load success
09-21 01:55:10.789 29665 29856 I SEMS:Registration_13.7.13: [AgreementLog][RxCachedThreadScheduler-3][MobileServiceAgreement] cancelTermsCheckJobService
09-21 01:55:10.790 29665 29856 I SEMS:Registration_13.7.13: [AgreementLog][RxCachedThreadScheduler-3][MobileServiceAgreement] cancelTermsCheckJobService completed
09-21 01:55:10.790 29630 29705 I [SC]SyncSettingManager: getContentList: com.samsung.android.samsungpass.scloud
09-21 01:55:10.791 29665 29851 I SamsungAnalytics605079: register setting status
09-21 01:55:10.791  1298  1298 D keymint_swd: keymint_swd keymint [WRN] (km_add_tag:528) skip: non repetable tag already exists with different value: 268435458
09-21 01:55:10.791  1298  1298 D keymint_swd: keymint_swd keymint [WRN] (swd_run_cb:263) swd_begin() returns 0
09-21 01:55:10.791  1298  1298 D android.hardware.security.keymint-service: begin: ret 0
09-21 01:55:10.791  1288  1321 I keystore2: system/security/keystore2/src/security_level.rs:454 - In create_operation. Success to create IKeystoreOperation. 10113, None
09-21 01:55:10.792  1298  1298 D keymint_swd: keymint_swd keymint [WRN] (swd_run_cb:263) swd_update() returns 0
09-21 01:55:10.792  1298  1298 D android.hardware.security.keymint-service: update: ret 0
09-21 01:55:10.792  2134  3193 D PowerManagerService: displayReady: false groupId=0
09-21 01:55:10.792  2134  3193 D DisplayPowerController2[0]: animateScreenStateChange: target=ON, mIsEnabled=true
09-21 01:55:10.792 29841 29841 E book.appmanager: Not starting debugger since process cannot load the jdwp agent.
09-21 01:55:10.793  1298  1298 D keymint_swd: keymint_swd keymint [WRN] (swd_run_cb:263) swd_finish() returns 0
09-21 01:55:10.793  1298  1298 D android.hardware.security.keymint-service: finish: ret 0
09-21 01:55:10.793  2134  3193 D PowerManagerService: displayReady: true groupId=0
09-21 01:55:10.793 29665 29665 I SEMS:Common_13.7.13: [CommonLog][main][AbstractSaService] guid : f5*****hb*, at : CP*****9M*, issuedTime : 17*****16****
09-21 01:55:10.794 29665 29665 I SEMS:Common_13.7.13: [CommonLog][main][NumberUtils] getIso3CCFromMCC : mcc = 510 / countryCode = IDN
09-21 01:55:10.794 29665 29665 I SEMS:SupportedService_13.7.13: [][main][MobileServiceSocialPolicy] MobileServiceSocialPolicy created
09-21 01:55:10.794 29665 29665 I Policy_13.0.02: [main][GetServicePolicyUseCase] getServicePolicy
09-21 01:55:10.796 29630 29811 I [SC]SyncSettingManager: verifyContentSync: P56GWW8N4r, true
09-21 01:55:10.797 29841 29841 D nativeloader: Load libframework-connectivity-tiramisu-jni.so using APEX ns com_android_tethering for caller /apex/com.android.tethering/javalib/framework-connectivity-t.jar: ok
09-21 01:55:10.798 29665 29868 E SEMS:Social_13.7.13: [BLog][RxComputationThreadPool-1][ConditionRepositoryImpl] checkLegacy error
09-21 01:55:10.799 29841 29841 D ActivityThread: setConscryptValidator
09-21 01:55:10.799 29841 29841 D ActivityThread: setConscryptValidator - put
09-21 01:55:10.799 29665 29665 I SEMS:Social_13.7.13: [SLog][main][DateTakenMigrationTask] start checkAndRequestMigration : true
09-21 01:55:10.799 29665 29665 I SEMS:Social_13.7.13: [SLog][main][LastModifierMigrationTask] start checkAndRequestMigration : true
09-21 01:55:10.799 29665 29665 I SEMS:LocalContact_13.0.02: [ContactLog][main][MobileServiceContactHash] initForSep
09-21 01:55:10.799  2134  6815 D CompatChangeReporter: Compat change id reported: 253665015; UID 10113; state: ENABLED
09-21 01:55:10.800 29665 29665 I SEMS:LocalContact_13.0.02: [ContactLog][main][ContactHashObserverService] scheduleJob
09-21 01:55:10.801  2134  6917 D CompatChangeReporter: Compat change id reported: 161145287; UID 1000; state: ENABLED
09-21 01:55:10.801 29665 29868 I SEMS:Social_13.7.13: [BLog][RxComputationThreadPool-1][ContactObserverService] schedule success
09-21 01:55:10.802 29665 29868 I SEMS:Social_13.7.13: [BLog][RxComputationThreadPool-1][MyProfileObserverService] schedule success
09-21 01:55:10.802 29665 29868 I SEMS:Registration_13.7.13: [PushLog][RxComputationThreadPool-1][SmpManager] registerMessageCallback - 9
09-21 01:55:10.802 29665 29860 I Policy_13.0.02: [RxCachedThreadScheduler-4][MobileServicePolicy] getServicePolicy with serviceName failed : throwable = java.lang.Throwable: requesterEntity is Null
09-21 01:55:10.803 29665 29860 E SEMS:Social_13.7.13: [BLog][RxCachedThreadScheduler-4][AccountBuddy] AccountBuddy init error
09-21 01:55:10.804 29665 29665 I SEMS:LocalContact_13.0.02: [ContactLog][main][ContactHashObserverService] schedule result: true
09-21 01:55:10.805 29665 29665 I SEMS:LocalContact_13.0.02: [ContactLog][main][PreferenceSourceImpl] getContactLastUpdatedTime: 1758248334487
09-21 01:55:10.805 29665 29665 I SEMS:LocalContact_13.0.02: [ContactLog][main][MobileServiceContactHash] enqueueUpdateContactHashWorkerOnlyFirst complete
09-21 01:55:10.805 29665 29665 I SEMS:Social_13.7.13: [SAFLog][main][MobileServiceSAFamily] init.
09-21 01:55:10.805 29665 29665 I SEMS:Social_13.7.13: [CapabilityLog][main][MobileServiceCapabilityImpl] init.
09-21 01:55:10.805 29665 29665 I SEMS:Common_13.7.13: [CommonLog][main][PeriodicJobUtil] scheduleJob
09-21 01:55:10.806 29665 29665 I SEMS:Common_13.7.13: [CommonLog][main][PeriodicJobUtil] job service was already scheduled : 21600000
09-21 01:55:10.806 29665 29665 I SEMS:Social_13.7.13: [][main][MobileServiceSocialApplication] init start
09-21 01:55:10.806 29665 29853 I Policy_13.0.02: [RxCachedThreadScheduler-2][MobileServicePolicy] scheduleJob success : 86400000
09-21 01:55:10.806 29665 29853 I Policy_13.0.02: [RxCachedThreadScheduler-2][GetPolicyJobService] polling job service was already scheduled (from:86400000 to:86400000)
09-21 01:55:10.807 29665 29853 I SEMS:SupportedService_13.7.13: [][RxCachedThreadScheduler-2][MobileServiceSupportedService] MobileServiceSocialPolicy init completed
09-21 01:55:10.809 29665 29665 I SEMS:Registration_13.7.13: [PushLog][main][SmpManager] registerMessageCallback - 7
09-21 01:55:10.809 29665 29665 I SEMS:Registration_13.7.13: [PushLog][main][SmpManager] registerMessageCallback - 8
09-21 01:55:10.809 29665 29665 I SEMS:Social_13.7.13: [SLog][main][ShareCommonAPI] init
09-21 01:55:10.811 29665 29665 I SEMS:Registration_13.7.13: [PushLog][main][SmpManager] registerMessageCallback - 12
09-21 01:55:10.811 29665 29665 I SEMS:Registration_13.7.13: [PushLog][main][SmpManager] registerMessageCallback - 999
09-21 01:55:10.811 29665 29665 I SEMS:Social_13.7.13: [CLog][main][ObserverJobService] scheduleJob for calendar
09-21 01:55:10.812 29768 29768 I DIAGMON_SDK[605073]: DiagMonAgent type: 2
09-21 01:55:10.812 29768 29768 I DIAGMON_SDK[605073][999-399-549750] : generated SR object
09-21 01:55:10.812 29665 29665 I SEMS:Social_13.7.13: [CLog][main][ObserverJobService] scheduled: true
09-21 01:55:10.812 29665 29665 I SEMS:Social_13.7.13: [CLog][main][RecoveryJobService] scheduleJob
09-21 01:55:10.812 29768 29768 I SamsungAnalytics605073: Tracker start:6.05.073
09-21 01:55:10.813 29665 29665 I SEMS:Social_13.7.13: [CLog][main][RecoveryJobService] scheduled: true
09-21 01:55:10.813 29665 29665 I SEMS:Social_13.7.13: [CLog][main][PeriodJobService] scheduleJob
09-21 01:55:10.813 29665 29665 I SEMS:Common_13.7.13: [CommonLog][main][PeriodicJobUtil] registerJob : DeleteDuplicate
09-21 01:55:10.813 29665 29665 I Policy_13.0.02: [main][GetServicePolicyUseCase] getServicePolicy
09-21 01:55:10.813 29665 29665 I SEMS:Social_13.7.13: [GLog][main][InvitationLinkAppPolicy] start loadFromPolicy policy
09-21 01:55:10.813 29665 29665 I Policy_13.0.02: [main][GetServicePolicyUseCase] getServicePolicy
09-21 01:55:10.813 29818 29818 I MultiDex: VM with version 2.1.0 has multidex support
09-21 01:55:10.813 29768 29872 I DQA     : [a]Start InitializationTask
09-21 01:55:10.813 29818 29818 I MultiDex: Installing application
09-21 01:55:10.813 29818 29818 I MultiDex: VM has multidex support, MultiDex support library is disabled.
09-21 01:55:10.814 29665 29665 I SEMS:Social_13.7.13: [][main][MobileServiceSocialApplication] init end
09-21 01:55:10.814 29665 29665 I SEMS:GroupUi: [GroupUi][main] [MobileServiceGroupUiApplication] init application
09-21 01:55:10.815 29665 29665 I Policy_13.0.02: [main][GetServicePolicyUseCase] getServicePolicy
09-21 01:55:10.815 29665 29860 I SEMS:Common_13.7.13: [CommonLog][RxCachedThreadScheduler-4][CommonPref] getBoolean - key : sa_reagree_state , value : false
09-21 01:55:10.816 29665 29853 I SEMS:Common_13.7.13: [CommonLog][RxCachedThreadScheduler-2][SaServiceInfo] expired : false
09-21 01:55:10.818 29665 29665 I SEMS:Common_13.7.13: [CommonLog][main][PeriodicJob] onStartJob
09-21 01:55:10.818 29665 29665 I SEMS:Common_13.7.13: [CommonLog][main][PeriodicJob] not in time. service name : DeleteDuplicate, last : 1758309256624, period : 86400000
09-21 01:55:10.820  2134  3142 E libprocessgroup: AddTidToCgroup failed to write '29665'; path=foreground; process: Invalid argument
09-21 01:55:10.820  2134  3142 E libprocessgroup: Failed to add task into cgroup
09-21 01:55:10.821  2134  3142 E libprocessgroup: AddTidToCgroup failed to write '29665'; path=background; process: Invalid argument
09-21 01:55:10.821  2134  3142 E libprocessgroup: Failed to add task into cgroup
09-21 01:55:10.822  6665  8361 I DMASA[D][999-399-549750]: [DiagmonProvider]Received msg based on provider : true / anr_logging
09-21 01:55:10.822  2134  3905 D NetdEventListenerService: DNS Requested by 1335, 5009(com.samsung.android.scloud,...), SUCCESS, 35ms
09-21 01:55:10.822  6665  8361 I DMASA[D][999-399-549750]: [DiagmonProvider]Signature Check Success
09-21 01:55:10.827 29665 29852 I Policy_13.0.02: [RxCachedThreadScheduler-1][MobileServicePolicy] getServicePolicy with serviceName success
09-21 01:55:10.828  2134  6815 D CompatChangeReporter: Compat change id reported: 151861875; UID 10109; state: ENABLED
09-21 01:55:10.828  2134  6815 V GrammaticalInflectionUtils: AttributionSource: AttributionSource { uid = 10109, packageName = null, attributionTag = null, token = android.os.Binder@ee1a2e1, deviceId = 0, next = null } does not have READ_SYSTEM_GRAMMATICAL_GENDER permission.
09-21 01:55:10.830 29768 29871 I DIAGMON_SDK[605073][999-399-549750] : Results : Success
09-21 01:55:10.839 29665 29665 I SEMS:Common_13.7.13: [CommonLog][main][PeriodicJobUtil] notifyJobFinished : PeriodicJobUtil$PeriodicJob
09-21 01:55:10.839 29665 29874 I Policy_13.0.02: [RxCachedThreadScheduler-5][MobileServicePolicy] getServicePolicy success
09-21 01:55:10.841  1571  1571 D Zygote  : Forked child process 29882
09-21 01:55:10.841  2134  2900 I ActivityManager: Start proc 29882:com.samsung.android.scs/u0a109 for service {com.samsung.android.scs/androidx.work.impl.background.systemjob.SystemJobService}
09-21 01:55:10.843 29841 29841 D nativeloader: Configuring clns-7 for other apk /data/app/~~JqcCnqyrZfqWyng-EHjeMg==/com.facebook.appmanager-2BGSIWKyHhsvBwJi0uKknQ==/base.apk. target_sdk_version=35, uses_libraries=, library_path=/data/app/~~JqcCnqyrZfqWyng-EHjeMg==/com.facebook.appmanager-2BGSIWKyHhsvBwJi0uKknQ==/lib/arm64:/data/app/~~JqcCnqyrZfqWyng-EHjeMg==/com.facebook.appmanager-2BGSIWKyHhsvBwJi0uKknQ==/base.apk!/lib/arm64-v8a, permitted_path=/data:/mnt/expand:/data/user/0/com.facebook.appmanager
09-21 01:55:10.845 29841 29841 D CompatChangeReporter: Compat change id reported: 202956589; UID 10171; state: ENABLED
09-21 01:55:10.848 29665 29853 I SEMS:Registration_13.7.13: [PushLog][RxCachedThreadScheduler-2][SmpManager] IsSmpInitialized: false, RegisterFailed: false
09-21 01:55:10.848 29665 29853 I SEMS:Common_13.7.13: [CommonLog][RxCachedThreadScheduler-2][CommonPref] getBoolean - key : sa_reagree_state , value : false
09-21 01:55:10.848 29665 29853 I SEMS:Registration_13.7.13: [PushLog][RxCachedThreadScheduler-2][SmpManager] init: request
09-21 01:55:10.849 29665 29853 I SmpLog  : [SMP] init. D:false O:DEVICE_BASED S:true M:false P:FCM_PRIMARY_MODE A:a
09-21 01:55:10.850 29665 29665 I SEMS:AgentLog_13.7.13: [][main][MobileServiceApplication] onTrimMemory:40
09-21 01:55:10.851 29818 29818 I FirebaseApp: Device unlocked: initializing all Firebase APIs for app [DEFAULT]
09-21 01:55:10.855 29841 29841 V GraphicsEnvironment: Currently set values for:
09-21 01:55:10.855 29841 29841 V GraphicsEnvironment:   angle_gl_driver_selection_pkgs=[]
09-21 01:55:10.855 29841 29841 V GraphicsEnvironment:   angle_gl_driver_selection_values=[]
09-21 01:55:10.855 29841 29841 V GraphicsEnvironment: Global.Settings values are invalid: number of packages: 0, number of values: 0
09-21 01:55:10.855 29841 29841 V GraphicsEnvironment: App is not on the allowlist for updatable production driver.
09-21 01:55:10.855  2134  4928 D CompatChangeReporter: Compat change id reported: 261072174; UID 10237; state: ENABLED
09-21 01:55:10.856 29818 29818 I FirebaseInitProvider: FirebaseApp initialization successful
09-21 01:55:10.856 29630 29705 I [SC]SyncSettingManager: getContentList: media
09-21 01:55:10.856 29665 29853 I SmpLog  : [SMP] get token : ...FWtm- (163)
09-21 01:55:10.857 29665 29853 I SmpLog  : [SMP] get push type : fcm
09-21 01:55:10.857 29665 29853 I SEMS:Registration_13.7.13: [PushLog][RxCachedThreadScheduler-2][SmpManager] getToken: exist token true
09-21 01:55:10.857 29665 29853 I SEMS:Common_13.7.13: [CommonLog][RxCachedThreadScheduler-2][SamsungCloudUtil] initialize
09-21 01:55:10.859 29665 29889 I SmpLog  : [SMP] Test mode: false, v:3.3.11.2, com.samsung.android.mobileservice
09-21 01:55:10.859 29665 29889 I SmpLog  : [SMP] ptype:fcm, token:...FWtm- (163), D:false, O:DEVICE_BASED, S:false, M:false, P:FCM_PRIMARY_MODE
09-21 01:55:10.861  2134  4928 D PackageManager: setEnabledSetting : userId = 0 packageName = com.google.android.googlequicksearchbox cmp = com.google.android.apps.search.assistant.verticals.familyshare.FamilyShareActivity newState = 2 callingPackage = com.google.android.googlequicksearchbox
09-21 01:55:10.862 29665 29853 I [SCSPSDK][Scsp]: initialize
09-21 01:55:10.862 29595 29595 I eelt    : #sync(). Running Synclets and scheduling next sync.
09-21 01:55:10.865 29882 29882 I ung.android.scs: Using CollectorTypeCMC GC.
09-21 01:55:10.867 29882 29882 E ung.android.scs: Not starting debugger since process cannot load the jdwp agent.
09-21 01:55:10.867 29818 29818 I CrashlyticsInitProvider: CrashlyticsInitProvider skipping initialization
09-21 01:55:10.867 29665 29853 I [SCSPSDK][Registration]: register
09-21 01:55:10.867 29665 29853 I [SCSPSDK][Registration]: Already registered.
09-21 01:55:10.867 29665 29853 I [SCSPSDK][Token]: Get token
09-21 01:55:10.867 29665 29853 I [SCSPSDK][Token]: CloudToken is valid
09-21 01:55:10.869 29630 29705 I [SC]SyncSettingManager: getContentList: com.samsung.android.app.notes.sync
09-21 01:55:10.870 29665 29853 I [SCSPSDK][DeviceUtil]:  : getSimMcc()
09-21 01:55:10.872 29665 29889 I SmpLog  : [SMP] SEND BR : smp init success
09-21 01:55:10.873 29665 29853 I [SCSPSDK][DeviceUtil]:  : getSimMnc()
09-21 01:55:10.875 31453 29593 W adbd    : timed out while waiting for FUNCTIONFS_BIND, trying again
09-21 01:55:10.875 31453 29593 I adbd    : UsbFfs: connection terminated: monitor thread finished
09-21 01:55:10.876 29665 29853 I [SCSPSDK][DeviceUtil]: One UI version : 7.0.0
09-21 01:55:10.876 29665 29853 I SEMS:Common_13.7.13: [CommonLog][RxCachedThreadScheduler-2][SamsungCloudUtil] initialize is Done
09-21 01:55:10.877 29665 29853 I SEMS:Common_13.7.13: [CommonLog][RxCachedThreadScheduler-2][SamsungCloudUtil] update token length = 2137
09-21 01:55:10.877 29630 29705 I [SC]SyncSettingManager: getContentList: com.sec.android.app.sbrowser
09-21 01:55:10.877 29595 29770 D nativeloader: Load /data/app/~~zHnhlt8TFLKG7wapE1x9jA==/com.google.android.googlequicksearchbox-Du7VtoDnRGTIwsVdeQXQEA==/base.apk!/lib/arm64-v8a/libmappedcountercacheversionjni.so using class loader ns clns-8 (caller=/data/app/~~zHnhlt8TFLKG7wapE1x9jA==/com.google.android.googlequicksearchbox-Du7VtoDnRGTIwsVdeQXQEA==/base.apk!classes2.dex): ok
09-21 01:55:10.883 29665 29860 I SEMS:AgentLog_13.7.13: [][RxCachedThreadScheduler-4][MobileServiceApplication] Pam init result : true
09-21 01:55:10.884 29818 29818 I [PASS][SPASS]SamsungPassSettingsProvider: onCreateData
09-21 01:55:10.889 29818 29818 I [PASS][SPASS]EasySigninProvider: onCreate
09-21 01:55:10.890 29818 29818 I [PASS][SPASS]PasskeyProvider: onCreate
09-21 01:55:10.893 29818 29818 I [PASS][CMN]WalletDeeplinkTokenProvider: onCreate
09-21 01:55:10.894 29841 29841 D d       : ExceptionHandlerManager not explicitly initialized, using default mode
09-21 01:55:10.894 29841 29841 D d       : initializing exception handler manager, prioritized=true
09-21 01:55:10.896 29818 29818 I [PASS][SPASS]SettingDBProvider: onCreate
09-21 01:55:10.896 29841 29841 W SoLoader: Initializing SoLoader: 0
09-21 01:55:10.897 29841 29841 W SoLoader: context.getApplicationContext returned null, holding reference to original context.ApplicationSoSource fallbacks to: /data/app/~~JqcCnqyrZfqWyng-EHjeMg==/com.facebook.appmanager-2BGSIWKyHhsvBwJi0uKknQ==/lib/arm64
09-21 01:55:10.897 29841 29841 W SoLoader: Recording new base apk path: /data/app/~~JqcCnqyrZfqWyng-EHjeMg==/com.facebook.appmanager-2BGSIWKyHhsvBwJi0uKknQ==/base.apk
09-21 01:55:10.897 29841 29841 W SoLoader: Previously recorded 0 base apk paths.
09-21 01:55:10.897 29841 29841 D CompatChangeReporter: Compat change id reported: 312399441; UID 10171; state: ENABLED
09-21 01:55:10.897 29818 29818 I [PASS][SPASS]WalletSettingsProvider: onCreate
09-21 01:55:10.897 29841 29841 I SoLoader: Preparing SO source: DirectorySoSource[root = /vendor/lib64 flags = 2]
09-21 01:55:10.897 29841 29841 I SoLoader: Preparing SO source: DirectorySoSource[root = /system/lib64 flags = 2]
09-21 01:55:10.898 29841 29841 I SoLoader: Preparing SO source: DirectApkSoSource[root = [/data/app/~~JqcCnqyrZfqWyng-EHjeMg==/com.facebook.appmanager-2BGSIWKyHhsvBwJi0uKknQ==/base.apk!/lib/arm64-v8a]]
09-21 01:55:10.900 29841 29841 I SoLoader: Preparing SO source: ApplicationSoSource[DirectorySoSource[root = /data/app/~~JqcCnqyrZfqWyng-EHjeMg==/com.facebook.appmanager-2BGSIWKyHhsvBwJi0uKknQ==/lib/arm64 flags = 1]]
09-21 01:55:10.900 29841 29841 I SoLoader: init finish: 4 SO sources prepared
09-21 01:55:10.900 29841 29841 W SoLoader: SoLoader initialized: 8
09-21 01:55:10.901 29818 29818 I [PASS][SPASS]SPassApplication: onCreate
09-21 01:55:10.908 29630 29808 I [SC]CloudSyncAdapter: onPerformSync - authority: com.samsung.android.samsungpass.scloud, extra: Bundle[{}]
09-21 01:55:10.908 29818 29818 I [PASS][SPASS]FrameworkUtils: isInitialized : true
09-21 01:55:10.909 29818 29818 I [PASS][SPASS]FrameworkHelper: initialize - already initialized
09-21 01:55:10.916  1298  1298 W keymint_tee: [WRN]begin req PARAMS: A32, BM2, PD64, 
09-21 01:55:10.917   917   917 I lmkd    : cached 0, sandbox(not0) 0
09-21 01:55:10.917 29630 29705 I [SC]SyncSettingManager: getContentList: com.sec.android.app.shealth.cloudsync
09-21 01:55:10.917   917   917 I lmkd    : Reclaim 'com.sec.android.provider.badge' (29164), uid 10052, oom_score_adj 925, state 19 to free 60136kB rss, 35092kB swap; reason: min2x watermark is breached and swap is low (1658152kB < 838860kB)
09-21 01:55:10.918  1298  1298 D keymint_swd: keymint_swd keymint [WRN] (km_add_tag:528) skip: non repetable tag already exists with different value: 268435458
09-21 01:55:10.918  1298  1298 D keymint_swd: keymint_swd keymint [WRN] (swd_run_cb:263) swd_begin() returns 0
09-21 01:55:10.918  1298  1298 D android.hardware.security.keymint-service: begin: ret 0
09-21 01:55:10.918  1288  1321 I keystore2: system/security/keystore2/src/security_level.rs:454 - In create_operation. Success to create IKeystoreOperation. 10118, None
09-21 01:55:10.919  1298  1298 D keymint_swd: keymint_swd keymint [WRN] (swd_run_cb:263) swd_update() returns 0
09-21 01:55:10.919  1298  1298 D android.hardware.security.keymint-service: update: ret 0
09-21 01:55:10.920  1298  1298 D keymint_swd: keymint_swd keymint [WRN] (swd_run_cb:263) swd_finish() returns 0
09-21 01:55:10.920  1298  1298 D android.hardware.security.keymint-service: finish: ret 0
09-21 01:55:10.921  2134  6917 I BatteryService_BatteryPropertiesRegistrar: [getProperty]id:4
09-21 01:55:10.921  2134  6917 I BatteryService_BatteryPropertiesRegistrar: [getProperty]prop.long:-9223372036854775808 ,prop.string:null
09-21 01:55:10.921 29818 29818 I [PASS][SPASS]SPassApplication: checkDeviceId false
09-21 01:55:10.922 29818 29818 I [PASS][SPASS]FrameworkUtils: isInitialized : true
09-21 01:55:10.922 29818 29818 I [PASS][SPASS]PassFramework: ISU
09-21 01:55:10.922  2134  3137 D DmaBufLeakDetector: system:           148588 kB
09-21 01:55:10.922  2134  3137 I DmaBufLeakDetector: DmaBuf : 148588 KB
09-21 01:55:10.922 29818 29818 I [PASS][CMN]DeviceFeature: isJDMDevice : 0
09-21 01:55:10.923 29630 29808 I [SC]SamsungApiImpl: getThermistor. temp: 378
09-21 01:55:10.923 29630 29808 I [SC][SyncScheduleLogger]: [SyncStarted] [syncType=Others] [authority=com.samsung.android.samsungpass.scloud] [reqTime=-1] [startTime=1758394510908] [reqContents=] 
09-21 01:55:10.924 29630 29808 I [SC]ExternalBaseSyncAdapter-com.samsung.android.samsungpass: [SAMSUNG_PASS] onPerformSync: started
09-21 01:55:10.924 29630 29808 I [SC]SyncSettingManager: setSyncStatus: SyncStatusVo{authority='com.samsung.android.samsungpass.scloud', state='START', errorCode='999'},false,false
09-21 01:55:10.924  1298  1298 W keymint_tee: [WRN]begin req PARAMS: A32, BM2, PD64, 
09-21 01:55:10.924 29630 29808 I [SC]SyncSettingManager: getCategory: com.samsung.android.samsungpass.scloud
09-21 01:55:10.925  1298  1298 D keymint_swd: keymint_swd keymint [WRN] (km_add_tag:528) skip: non repetable tag already exists with different value: 268435458
09-21 01:55:10.925  1298  1298 D keymint_swd: keymint_swd keymint [WRN] (swd_run_cb:263) swd_begin() returns 0
09-21 01:55:10.925  1298  1298 D android.hardware.security.keymint-service: begin: ret 0
09-21 01:55:10.926  1288  1321 I keystore2: system/security/keystore2/src/security_level.rs:454 - In create_operation. Success to create IKeystoreOperation. 10118, None
